Java HotSpot(TM) 64-Bit Server VM (25.152-b16) for windows-amd64 JRE (1.8.0_152-b16), built on Sep 14 2017 02:29:36 by "java_re" with MS VC++ 10.0 (VS2010)
Memory: 4k page, physical 8262900k(3095160k free), swap 13237132k(2607888k free)
CommandLine flags: -XX:InitialHeapSize=536870912 -XX:MaxHeapSize=536870912 -XX:MaxNewSize=178958336 -XX:MaxTenuringThreshold=6 -XX:NewSize=178958336 -XX:OldPLABSize=16 -XX:OldSize=357912576 -XX:+PrintGC -XX:+PrintGCDateStamps -XX:+PrintGCDetails -XX:+PrintGCTimeStamps -XX:+UseCompressedClassPointers -XX:+UseCompressedOops -XX:+UseConcMarkSweepGC -XX:-UseLargePagesIndividualAllocation -XX:+UseParNewGC 
2021-03-25T03:22:39.543+0800: 0.143: [GC (Allocation Failure) 2021-03-25T03:22:39.543+0800: 0.143: [ParNew: 139776K->17472K(157248K), 0.0149651 secs] 139776K->50753K(506816K), 0.0151514 secs] [Times: user=0.00 sys=0.00, real=0.01 secs] 
2021-03-25T03:22:39.573+0800: 0.179: [GC (Allocation Failure) 2021-03-25T03:22:39.573+0800: 0.179: [ParNew: 157245K->17472K(157248K), 0.0186355 secs] 190526K->91388K(506816K), 0.0187246 secs] [Times: user=0.09 sys=0.11, real=0.02 secs] 
2021-03-25T03:22:39.613+0800: 0.219: [GC (Allocation Failure) 2021-03-25T03:22:39.613+0800: 0.219: [ParNew: 157248K->17471K(157248K), 0.0218517 secs] 231164K->129319K(506816K), 0.0219347 secs] [Times: user=0.17 sys=0.00, real=0.03 secs] 
2021-03-25T03:22:39.653+0800: 0.260: [GC (Allocation Failure) 2021-03-25T03:22:39.653+0800: 0.260: [ParNew: 156991K->17471K(157248K), 0.0288403 secs] 268838K->181182K(506816K), 0.0289167 secs] [Times: user=0.31 sys=0.00, real=0.03 secs] 
2021-03-25T03:22:39.703+0800: 0.310: [GC (Allocation Failure) 2021-03-25T03:22:39.703+0800: 0.310: [ParNew: 157247K->17472K(157248K), 0.0258652 secs] 320958K->226475K(506816K), 0.0259407 secs] [Times: user=0.31 sys=0.00, real=0.03 secs] 
2021-03-25T03:22:39.733+0800: 0.337: [GC (CMS Initial Mark) [1 CMS-initial-mark: 209003K(349568K)] 226763K(506816K), 0.0007383 secs] [Times: user=0.00 sys=0.00, real=0.00 secs] 
2021-03-25T03:22:39.733+0800: 0.337: [CMS-concurrent-mark-start]
2021-03-25T03:22:39.733+0800: 0.339: [CMS-concurrent-mark: 0.001/0.001 secs] [Times: user=0.00 sys=0.00, real=0.00 secs] 
2021-03-25T03:22:39.733+0800: 0.339: [CMS-concurrent-preclean-start]
2021-03-25T03:22:39.733+0800: 0.339: [CMS-concurrent-preclean: 0.000/0.000 secs] [Times: user=0.00 sys=0.00, real=0.00 secs] 
2021-03-25T03:22:39.733+0800: 0.339: [CMS-concurrent-abortable-preclean-start]
2021-03-25T03:22:39.753+0800: 0.359: [GC (Allocation Failure) 2021-03-25T03:22:39.753+0800: 0.359: [ParNew: 157248K->17471K(157248K), 0.0237357 secs] 366251K->267527K(506816K), 0.0238104 secs] [Times: user=0.31 sys=0.00, real=0.03 secs] 
2021-03-25T03:22:39.803+0800: 0.403: [GC (Allocation Failure) 2021-03-25T03:22:39.803+0800: 0.403: [ParNew: 157247K->17470K(157248K), 0.0222747 secs] 407303K->308128K(506816K), 0.0223356 secs] [Times: user=0.13 sys=0.02, real=0.02 secs] 
2021-03-25T03:22:39.843+0800: 0.445: [GC (Allocation Failure) 2021-03-25T03:22:39.843+0800: 0.445: [ParNew: 157246K->17469K(157248K), 0.0245460 secs] 447904K->353098K(506816K), 0.0246236 secs] [Times: user=0.14 sys=0.02, real=0.02 secs] 
2021-03-25T03:22:39.863+0800: 0.469: [CMS-concurrent-abortable-preclean: 0.002/0.130 secs] [Times: user=0.64 sys=0.03, real=0.13 secs] 
2021-03-25T03:22:39.863+0800: 0.470: [GC (CMS Final Remark) [YG occupancy: 20313 K (157248 K)]2021-03-25T03:22:39.863+0800: 0.470: [Rescan (parallel) , 0.0007312 secs]2021-03-25T03:22:39.863+0800: 0.470: [weak refs processing, 0.0000235 secs]2021-03-25T03:22:39.863+0800: 0.470: [class unloading, 0.0003385 secs]2021-03-25T03:22:39.873+0800: 0.471: [scrub symbol table, 0.0004042 secs]2021-03-25T03:22:39.873+0800: 0.471: [scrub string table, 0.0000942 secs][1 CMS-remark: 335628K(349568K)] 355942K(506816K), 0.0016941 secs] [Times: user=0.02 sys=0.00, real=0.01 secs] 
2021-03-25T03:22:39.873+0800: 0.471: [CMS-concurrent-sweep-start]
2021-03-25T03:22:39.873+0800: 0.472: [CMS-concurrent-sweep: 0.001/0.001 secs] [Times: user=0.00 sys=0.00, real=0.00 secs] 
2021-03-25T03:22:39.873+0800: 0.472: [CMS-concurrent-reset-start]
2021-03-25T03:22:39.873+0800: 0.473: [CMS-concurrent-reset: 0.001/0.001 secs] [Times: user=0.00 sys=0.00, real=0.00 secs] 
2021-03-25T03:22:39.883+0800: 0.489: [GC (Allocation Failure) 2021-03-25T03:22:39.883+0800: 0.489: [ParNew: 156944K->17471K(157248K), 0.0160469 secs] 452741K->363667K(506816K), 0.0161207 secs] [Times: user=0.31 sys=0.00, real=0.02 secs] 
2021-03-25T03:22:39.903+0800: 0.505: [GC (CMS Initial Mark) [1 CMS-initial-mark: 346195K(349568K)] 366951K(506816K), 0.0007456 secs] [Times: user=0.00 sys=0.00, real=0.00 secs] 
2021-03-25T03:22:39.903+0800: 0.506: [CMS-concurrent-mark-start]
2021-03-25T03:22:39.903+0800: 0.507: [CMS-concurrent-mark: 0.001/0.001 secs] [Times: user=0.00 sys=0.00, real=0.00 secs] 
2021-03-25T03:22:39.903+0800: 0.507: [CMS-concurrent-preclean-start]
2021-03-25T03:22:39.903+0800: 0.508: [CMS-concurrent-preclean: 0.000/0.000 secs] [Times: user=0.00 sys=0.00, real=0.00 secs] 
2021-03-25T03:22:39.903+0800: 0.508: [CMS-concurrent-abortable-preclean-start]
2021-03-25T03:22:39.903+0800: 0.508: [CMS-concurrent-abortable-preclean: 0.000/0.000 secs] [Times: user=0.00 sys=0.00, real=0.00 secs] 
2021-03-25T03:22:39.903+0800: 0.508: [GC (CMS Final Remark) [YG occupancy: 32325 K (157248 K)]2021-03-25T03:22:39.903+0800: 0.508: [Rescan (parallel) , 0.0006178 secs]2021-03-25T03:22:39.903+0800: 0.508: [weak refs processing, 0.0000105 secs]2021-03-25T03:22:39.903+0800: 0.508: [class unloading, 0.0003154 secs]2021-03-25T03:22:39.903+0800: 0.509: [scrub symbol table, 0.0002558 secs]2021-03-25T03:22:39.903+0800: 0.509: [scrub string table, 0.0000945 secs][1 CMS-remark: 346195K(349568K)] 378521K(506816K), 0.0013507 secs] [Times: user=0.00 sys=0.00, real=0.00 secs] 
2021-03-25T03:22:39.903+0800: 0.509: [CMS-concurrent-sweep-start]
2021-03-25T03:22:39.903+0800: 0.510: [CMS-concurrent-sweep: 0.001/0.001 secs] [Times: user=0.00 sys=0.00, real=0.00 secs] 
2021-03-25T03:22:39.903+0800: 0.510: [CMS-concurrent-reset-start]
2021-03-25T03:22:39.903+0800: 0.510: [CMS-concurrent-reset: 0.000/0.000 secs] [Times: user=0.00 sys=0.00, real=0.00 secs] 
2021-03-25T03:22:39.923+0800: 0.526: [GC (Allocation Failure) 2021-03-25T03:22:39.923+0800: 0.526: [ParNew: 156831K->17471K(157248K), 0.0116181 secs] 400024K->306567K(506816K), 0.0116916 secs] [Times: user=0.00 sys=0.00, real=0.01 secs] 
2021-03-25T03:22:39.933+0800: 0.538: [GC (CMS Initial Mark) [1 CMS-initial-mark: 289096K(349568K)] 309851K(506816K), 0.0006671 secs] [Times: user=0.00 sys=0.00, real=0.00 secs] 
2021-03-25T03:22:39.933+0800: 0.538: [CMS-concurrent-mark-start]
2021-03-25T03:22:39.933+0800: 0.539: [CMS-concurrent-mark: 0.001/0.001 secs] [Times: user=0.00 sys=0.00, real=0.00 secs] 
2021-03-25T03:22:39.933+0800: 0.540: [CMS-concurrent-preclean-start]
2021-03-25T03:22:39.933+0800: 0.540: [CMS-concurrent-preclean: 0.000/0.000 secs] [Times: user=0.00 sys=0.00, real=0.00 secs] 
2021-03-25T03:22:39.933+0800: 0.540: [CMS-concurrent-abortable-preclean-start]
2021-03-25T03:22:39.953+0800: 0.556: [GC (Allocation Failure) 2021-03-25T03:22:39.953+0800: 0.556: [ParNew: 157247K->17471K(157248K), 0.0112374 secs] 446343K->352591K(506816K), 0.0113155 secs] [Times: user=0.00 sys=0.00, real=0.01 secs] 
2021-03-25T03:22:39.963+0800: 0.568: [CMS-concurrent-abortable-preclean: 0.000/0.028 secs] [Times: user=0.03 sys=0.00, real=0.03 secs] 
2021-03-25T03:22:39.963+0800: 0.568: [GC (CMS Final Remark) [YG occupancy: 20948 K (157248 K)]2021-03-25T03:22:39.963+0800: 0.568: [Rescan (parallel) , 0.0005562 secs]2021-03-25T03:22:39.963+0800: 0.568: [weak refs processing, 0.0000106 secs]2021-03-25T03:22:39.963+0800: 0.568: [class unloading, 0.0001872 secs]2021-03-25T03:22:39.963+0800: 0.569: [scrub symbol table, 0.0002791 secs]2021-03-25T03:22:39.963+0800: 0.569: [scrub string table, 0.0000982 secs][1 CMS-remark: 335120K(349568K)] 356068K(506816K), 0.0011899 secs] [Times: user=0.00 sys=0.00, real=0.00 secs] 
2021-03-25T03:22:39.963+0800: 0.569: [CMS-concurrent-sweep-start]
2021-03-25T03:22:39.963+0800: 0.570: [CMS-concurrent-sweep: 0.001/0.001 secs] [Times: user=0.00 sys=0.00, real=0.00 secs] 
2021-03-25T03:22:39.963+0800: 0.570: [CMS-concurrent-reset-start]
2021-03-25T03:22:39.963+0800: 0.570: [CMS-concurrent-reset: 0.000/0.000 secs] [Times: user=0.00 sys=0.00, real=0.00 secs] 
2021-03-25T03:22:39.983+0800: 0.587: [GC (Allocation Failure) 2021-03-25T03:22:39.983+0800: 0.587: [ParNew: 157247K->157247K(157248K), 0.0000176 secs]2021-03-25T03:22:39.983+0800: 0.587: [CMS: 303778K->299717K(349568K), 0.0517774 secs] 461026K->299717K(506816K), [Metaspace: 2809K->2809K(1056768K)], 0.0518902 secs] [Times: user=0.05 sys=0.00, real=0.05 secs] 
2021-03-25T03:22:40.033+0800: 0.639: [GC (CMS Initial Mark) [1 CMS-initial-mark: 299717K(349568K)] 303425K(506816K), 0.0008161 secs] [Times: user=0.00 sys=0.00, real=0.00 secs] 
2021-03-25T03:22:40.033+0800: 0.640: [CMS-concurrent-mark-start]
2021-03-25T03:22:40.043+0800: 0.641: [CMS-concurrent-mark: 0.001/0.001 secs] [Times: user=0.06 sys=0.00, real=0.01 secs] 
2021-03-25T03:22:40.043+0800: 0.641: [CMS-concurrent-preclean-start]
2021-03-25T03:22:40.043+0800: 0.642: [CMS-concurrent-preclean: 0.000/0.000 secs] [Times: user=0.00 sys=0.00, real=0.00 secs] 
2021-03-25T03:22:40.043+0800: 0.642: [CMS-concurrent-abortable-preclean-start]
2021-03-25T03:22:40.053+0800: 0.658: [GC (Allocation Failure) 2021-03-25T03:22:40.053+0800: 0.658: [ParNew: 139776K->17470K(157248K), 0.0093892 secs] 439493K->348422K(506816K), 0.0094838 secs] [Times: user=0.16 sys=0.00, real=0.01 secs] 
2021-03-25T03:22:40.063+0800: 0.668: [CMS-concurrent-abortable-preclean: 0.001/0.027 secs] [Times: user=0.16 sys=0.00, real=0.02 secs] 
2021-03-25T03:22:40.063+0800: 0.668: [GC (CMS Final Remark) [YG occupancy: 25612 K (157248 K)]2021-03-25T03:22:40.063+0800: 0.669: [Rescan (parallel) , 0.0005225 secs]2021-03-25T03:22:40.063+0800: 0.669: [weak refs processing, 0.0000109 secs]2021-03-25T03:22:40.063+0800: 0.669: [class unloading, 0.0001939 secs]2021-03-25T03:22:40.063+0800: 0.669: [scrub symbol table, 0.0002855 secs]2021-03-25T03:22:40.063+0800: 0.670: [scrub string table, 0.0001017 secs][1 CMS-remark: 330952K(349568K)] 356564K(506816K), 0.0011745 secs] [Times: user=0.00 sys=0.00, real=0.00 secs] 
2021-03-25T03:22:40.063+0800: 0.670: [CMS-concurrent-sweep-start]
2021-03-25T03:22:40.063+0800: 0.670: [CMS-concurrent-sweep: 0.001/0.001 secs] [Times: user=0.00 sys=0.00, real=0.00 secs] 
2021-03-25T03:22:40.073+0800: 0.670: [CMS-concurrent-reset-start]
2021-03-25T03:22:40.073+0800: 0.671: [CMS-concurrent-reset: 0.001/0.001 secs] [Times: user=0.00 sys=0.00, real=0.00 secs] 
2021-03-25T03:22:40.083+0800: 0.688: [GC (Allocation Failure) 2021-03-25T03:22:40.083+0800: 0.688: [ParNew: 157246K->157246K(157248K), 0.0000185 secs]2021-03-25T03:22:40.083+0800: 0.688: [CMS: 330539K->322090K(349568K), 0.0518985 secs] 487786K->322090K(506816K), [Metaspace: 2809K->2809K(1056768K)], 0.0520067 secs] [Times: user=0.05 sys=0.00, real=0.05 secs] 
2021-03-25T03:22:40.143+0800: 0.741: [GC (CMS Initial Mark) [1 CMS-initial-mark: 322090K(349568K)] 322497K(506816K), 0.0006894 secs] [Times: user=0.00 sys=0.00, real=0.00 secs] 
2021-03-25T03:22:40.143+0800: 0.741: [CMS-concurrent-mark-start]
2021-03-25T03:22:40.143+0800: 0.742: [CMS-concurrent-mark: 0.001/0.001 secs] [Times: user=0.00 sys=0.00, real=0.00 secs] 
2021-03-25T03:22:40.143+0800: 0.742: [CMS-concurrent-preclean-start]
2021-03-25T03:22:40.143+0800: 0.743: [CMS-concurrent-preclean: 0.000/0.000 secs] [Times: user=0.00 sys=0.00, real=0.00 secs] 
2021-03-25T03:22:40.143+0800: 0.743: [CMS-concurrent-abortable-preclean-start]
2021-03-25T03:22:40.153+0800: 0.759: [GC (Allocation Failure) 2021-03-25T03:22:40.153+0800: 0.759: [ParNew (promotion failed): 139709K->157181K(157248K), 0.0092973 secs]2021-03-25T03:22:40.163+0800: 0.768: [CMS2021-03-25T03:22:40.163+0800: 0.768: [CMS-concurrent-abortable-preclean: 0.000/0.026 secs] [Times: user=0.02 sys=0.00, real=0.02 secs] 
 (concurrent mode failure): 349375K->327649K(349568K), 0.0521976 secs] 461800K->327649K(506816K), [Metaspace: 2809K->2809K(1056768K)], 0.0616037 secs] [Times: user=0.06 sys=0.00, real=0.07 secs] 
2021-03-25T03:22:40.233+0800: 0.837: [GC (Allocation Failure) 2021-03-25T03:22:40.233+0800: 0.837: [ParNew: 139776K->139776K(157248K), 0.0000177 secs]2021-03-25T03:22:40.233+0800: 0.837: [CMS: 327649K->333855K(349568K), 0.0536889 secs] 467425K->333855K(506816K), [Metaspace: 2809K->2809K(1056768K)], 0.0537900 secs] [Times: user=0.06 sys=0.00, real=0.06 secs] 
2021-03-25T03:22:40.293+0800: 0.891: [GC (CMS Initial Mark) [1 CMS-initial-mark: 333855K(349568K)] 336845K(506816K), 0.0005846 secs] [Times: user=0.00 sys=0.00, real=0.00 secs] 
2021-03-25T03:22:40.293+0800: 0.892: [CMS-concurrent-mark-start]
2021-03-25T03:22:40.293+0800: 0.893: [CMS-concurrent-mark: 0.001/0.001 secs] [Times: user=0.00 sys=0.00, real=0.00 secs] 
2021-03-25T03:22:40.293+0800: 0.893: [CMS-concurrent-preclean-start]
2021-03-25T03:22:40.293+0800: 0.894: [CMS-concurrent-preclean: 0.000/0.000 secs] [Times: user=0.00 sys=0.00, real=0.00 secs] 
2021-03-25T03:22:40.293+0800: 0.894: [CMS-concurrent-abortable-preclean-start]
2021-03-25T03:22:40.313+0800: 0.911: [GC (Allocation Failure) 2021-03-25T03:22:40.313+0800: 0.911: [ParNew: 139776K->139776K(157248K), 0.0000168 secs]2021-03-25T03:22:40.313+0800: 0.911: [CMS2021-03-25T03:22:40.313+0800: 0.911: [CMS-concurrent-abortable-preclean: 0.000/0.018 secs] [Times: user=0.02 sys=0.00, real=0.02 secs] 
 (concurrent mode failure): 333855K->326734K(349568K), 0.0534330 secs] 473631K->326734K(506816K), [Metaspace: 2809K->2809K(1056768K)], 0.0535263 secs] [Times: user=0.05 sys=0.00, real=0.05 secs] 
2021-03-25T03:22:40.385+0800: 0.984: [GC (Allocation Failure) 2021-03-25T03:22:40.385+0800: 0.984: [ParNew (promotion failed): 139776K->157246K(157248K), 0.0076654 secs]2021-03-25T03:22:40.385+0800: 0.992: [CMS: 349428K->330513K(349568K), 0.0586784 secs] 466510K->330513K(506816K), [Metaspace: 2809K->2809K(1056768K)], 0.0664370 secs] [Times: user=0.06 sys=0.00, real=0.06 secs] 
2021-03-25T03:22:40.445+0800: 1.051: [GC (CMS Initial Mark) [1 CMS-initial-mark: 330513K(349568K)] 334046K(506816K), 0.0008001 secs] [Times: user=0.00 sys=0.00, real=0.00 secs] 
2021-03-25T03:22:40.445+0800: 1.052: [CMS-concurrent-mark-start]
2021-03-25T03:22:40.455+0800: 1.054: [CMS-concurrent-mark: 0.002/0.002 secs] [Times: user=0.06 sys=0.00, real=0.01 secs] 
2021-03-25T03:22:40.455+0800: 1.054: [CMS-concurrent-preclean-start]
2021-03-25T03:22:40.455+0800: 1.055: [CMS-concurrent-preclean: 0.001/0.001 secs] [Times: user=0.00 sys=0.00, real=0.00 secs] 
2021-03-25T03:22:40.455+0800: 1.055: [CMS-concurrent-abortable-preclean-start]
Heap
 par new generation   total 157248K, used 123590K [0x00000000e0000000, 0x00000000eaaa0000, 0x00000000eaaa0000)
  eden space 139776K,  88% used [0x00000000e0000000, 0x00000000e78b1968, 0x00000000e8880000)
  from space 17472K,   0% used [0x00000000e8880000, 0x00000000e8880000, 0x00000000e9990000)
  to   space 17472K,   0% used [0x00000000e9990000, 0x00000000e9990000, 0x00000000eaaa0000)
 concurrent mark-sweep generation total 349568K, used 330513K [0x00000000eaaa0000, 0x0000000100000000, 0x0000000100000000)
 Metaspace       used 2815K, capacity 4486K, committed 4864K, reserved 1056768K
  class space    used 304K, capacity 386K, committed 512K, reserved 1048576K
