Java HotSpot(TM) 64-Bit Server VM (25.152-b16) for windows-amd64 JRE (1.8.0_152-b16), built on Sep 14 2017 02:29:36 by "java_re" with MS VC++ 10.0 (VS2010)
Memory: 4k page, physical 8262900k(2428340k free), swap 13741500k(2546184k free)
CommandLine flags: -XX:InitialHeapSize=536870912 -XX:MaxHeapSize=536870912 -XX:+PrintGC -XX:+PrintGCDateStamps -XX:+PrintGCDetails -XX:+PrintGCTimeStamps -XX:+UseCompressedClassPointers -XX:+UseCompressedOops -XX:+UseG1GC -XX:-UseLargePagesIndividualAllocation 
2021-03-30T00:56:14.803+0800: 0.100: [GC pause (G1 Evacuation Pause) (young), 0.0045988 secs]
   [Parallel Time: 2.4 ms, GC Workers: 10]
      [GC Worker Start (ms): Min: 100.5, Avg: 100.7, Max: 100.8, Diff: 0.4]
      [Ext Root Scanning (ms): Min: 0.0, Avg: 0.1, Max: 0.6, Diff: 0.6, Sum: 1.3]
      [Update RS (ms): Min: 0.0, Avg: 0.0, Max: 0.0, Diff: 0.0, Sum: 0.0]
         [Processed Buffers: Min: 0, Avg: 0.0, Max: 0, Diff: 0, Sum: 0]
      [Scan RS (ms): Min: 0.0, Avg: 0.0, Max: 0.0, Diff: 0.0, Sum: 0.0]
      [Code Root Scanning (ms): Min: 0.0, Avg: 0.0, Max: 0.1, Diff: 0.1, Sum: 0.1]
      [Object Copy (ms): Min: 1.5, Avg: 1.9, Max: 2.1, Diff: 0.5, Sum: 18.8]
      [Termination (ms): Min: 0.0, Avg: 0.1, Max: 0.2, Diff: 0.2, Sum: 1.3]
         [Termination Attempts: Min: 1, Avg: 1.0, Max: 1, Diff: 0, Sum: 10]
      [GC Worker Other (ms): Min: 0.0, Avg: 0.0, Max: 0.0, Diff: 0.0, Sum: 0.2]
      [GC Worker Total (ms): Min: 2.0, Avg: 2.2, Max: 2.4, Diff: 0.4, Sum: 21.8]
      [GC Worker End (ms): Min: 102.8, Avg: 102.8, Max: 102.8, Diff: 0.0]
   [Code Root Fixup: 0.0 ms]
   [Code Root Purge: 0.0 ms]
   [Clear CT: 1.1 ms]
   [Other: 1.1 ms]
      [Choose CSet: 0.0 ms]
      [Ref Proc: 0.3 ms]
      [Ref Enq: 0.0 ms]
      [Redirty Cards: 0.7 ms]
      [Humongous Register: 0.0 ms]
      [Humongous Reclaim: 0.0 ms]
      [Free CSet: 0.0 ms]
   [Eden: 25.0M(25.0M)->0.0B(22.0M) Survivors: 0.0B->4096.0K Heap: 33.1M(512.0M)->14.2M(512.0M)]
 [Times: user=0.00 sys=0.00, real=0.00 secs] 
2021-03-30T00:56:14.817+0800: 0.115: [GC pause (G1 Evacuation Pause) (young), 0.0047384 secs]
   [Parallel Time: 2.6 ms, GC Workers: 10]
      [GC Worker Start (ms): Min: 115.0, Avg: 115.1, Max: 115.2, Diff: 0.2]
      [Ext Root Scanning (ms): Min: 0.0, Avg: 0.1, Max: 0.2, Diff: 0.2, Sum: 0.6]
      [Update RS (ms): Min: 0.0, Avg: 0.1, Max: 0.6, Diff: 0.6, Sum: 0.7]
         [Processed Buffers: Min: 0, Avg: 0.4, Max: 2, Diff: 2, Sum: 4]
      [Scan RS (ms): Min: 0.0, Avg: 0.0, Max: 0.0, Diff: 0.0, Sum: 0.0]
      [Code Root Scanning (ms): Min: 0.0, Avg: 0.0, Max: 0.0, Diff: 0.0, Sum: 0.0]
      [Object Copy (ms): Min: 1.7, Avg: 2.2, Max: 2.3, Diff: 0.6, Sum: 22.0]
      [Termination (ms): Min: 0.0, Avg: 0.1, Max: 0.2, Diff: 0.2, Sum: 0.7]
         [Termination Attempts: Min: 1, Avg: 1.0, Max: 1, Diff: 0, Sum: 10]
      [GC Worker Other (ms): Min: 0.0, Avg: 0.0, Max: 0.0, Diff: 0.0, Sum: 0.1]
      [GC Worker Total (ms): Min: 2.3, Avg: 2.4, Max: 2.6, Diff: 0.2, Sum: 24.2]
      [GC Worker End (ms): Min: 117.5, Avg: 117.5, Max: 117.5, Diff: 0.0]
   [Code Root Fixup: 0.0 ms]
   [Code Root Purge: 0.0 ms]
   [Clear CT: 1.0 ms]
   [Other: 1.1 ms]
      [Choose CSet: 0.0 ms]
      [Ref Proc: 0.3 ms]
      [Ref Enq: 0.0 ms]
      [Redirty Cards: 0.8 ms]
      [Humongous Register: 0.0 ms]
      [Humongous Reclaim: 0.0 ms]
      [Free CSet: 0.0 ms]
   [Eden: 22.0M(22.0M)->0.0B(33.0M) Survivors: 4096.0K->4096.0K Heap: 47.4M(512.0M)->31.2M(512.0M)]
 [Times: user=0.00 sys=0.00, real=0.01 secs] 
2021-03-30T00:56:14.833+0800: 0.131: [GC pause (G1 Evacuation Pause) (young), 0.0050404 secs]
   [Parallel Time: 3.3 ms, GC Workers: 10]
      [GC Worker Start (ms): Min: 130.8, Avg: 131.0, Max: 131.0, Diff: 0.2]
      [Ext Root Scanning (ms): Min: 0.0, Avg: 0.1, Max: 0.2, Diff: 0.2, Sum: 0.5]
      [Update RS (ms): Min: 0.0, Avg: 0.2, Max: 0.6, Diff: 0.6, Sum: 1.7]
         [Processed Buffers: Min: 1, Avg: 1.3, Max: 3, Diff: 2, Sum: 13]
      [Scan RS (ms): Min: 0.0, Avg: 0.0, Max: 0.0, Diff: 0.0, Sum: 0.0]
      [Code Root Scanning (ms): Min: 0.0, Avg: 0.0, Max: 0.0, Diff: 0.0, Sum: 0.0]
      [Object Copy (ms): Min: 2.1, Avg: 2.4, Max: 2.6, Diff: 0.5, Sum: 24.3]
      [Termination (ms): Min: 0.0, Avg: 0.1, Max: 0.3, Diff: 0.3, Sum: 1.4]
         [Termination Attempts: Min: 1, Avg: 1.0, Max: 1, Diff: 0, Sum: 10]
      [GC Worker Other (ms): Min: 0.0, Avg: 0.0, Max: 0.0, Diff: 0.0, Sum: 0.1]
      [GC Worker Total (ms): Min: 2.7, Avg: 2.8, Max: 2.9, Diff: 0.2, Sum: 27.9]
      [GC Worker End (ms): Min: 133.8, Avg: 133.8, Max: 133.8, Diff: 0.0]
   [Code Root Fixup: 0.0 ms]
   [Code Root Purge: 0.0 ms]
   [Clear CT: 0.8 ms]
   [Other: 1.0 ms]
      [Choose CSet: 0.0 ms]
      [Ref Proc: 0.5 ms]
      [Ref Enq: 0.0 ms]
      [Redirty Cards: 0.4 ms]
      [Humongous Register: 0.0 ms]
      [Humongous Reclaim: 0.0 ms]
      [Free CSet: 0.0 ms]
   [Eden: 33.0M(33.0M)->0.0B(61.0M) Survivors: 4096.0K->5120.0K Heap: 75.5M(512.0M)->47.0M(512.0M)]
 [Times: user=0.00 sys=0.00, real=0.01 secs] 
2021-03-30T00:56:14.857+0800: 0.155: [GC pause (G1 Evacuation Pause) (young), 0.0072619 secs]
   [Parallel Time: 5.3 ms, GC Workers: 10]
      [GC Worker Start (ms): Min: 154.9, Avg: 155.0, Max: 155.1, Diff: 0.2]
      [Ext Root Scanning (ms): Min: 0.0, Avg: 0.1, Max: 0.2, Diff: 0.2, Sum: 0.6]
      [Update RS (ms): Min: 0.3, Avg: 0.4, Max: 0.4, Diff: 0.1, Sum: 3.7]
         [Processed Buffers: Min: 6, Avg: 6.8, Max: 8, Diff: 2, Sum: 68]
      [Scan RS (ms): Min: 0.0, Avg: 0.0, Max: 0.0, Diff: 0.0, Sum: 0.0]
      [Code Root Scanning (ms): Min: 0.0, Avg: 0.0, Max: 0.0, Diff: 0.0, Sum: 0.0]
      [Object Copy (ms): Min: 4.0, Avg: 4.2, Max: 4.4, Diff: 0.4, Sum: 42.2]
      [Termination (ms): Min: 0.0, Avg: 0.2, Max: 0.4, Diff: 0.4, Sum: 1.9]
         [Termination Attempts: Min: 1, Avg: 1.2, Max: 2, Diff: 1, Sum: 12]
      [GC Worker Other (ms): Min: 0.0, Avg: 0.0, Max: 0.0, Diff: 0.0, Sum: 0.1]
      [GC Worker Total (ms): Min: 4.8, Avg: 4.8, Max: 5.0, Diff: 0.2, Sum: 48.5]
      [GC Worker End (ms): Min: 159.8, Avg: 159.9, Max: 159.9, Diff: 0.0]
   [Code Root Fixup: 0.0 ms]
   [Code Root Purge: 0.0 ms]
   [Clear CT: 0.9 ms]
   [Other: 1.1 ms]
      [Choose CSet: 0.0 ms]
      [Ref Proc: 0.4 ms]
      [Ref Enq: 0.0 ms]
      [Redirty Cards: 0.5 ms]
      [Humongous Register: 0.0 ms]
      [Humongous Reclaim: 0.0 ms]
      [Free CSet: 0.0 ms]
   [Eden: 61.0M(61.0M)->0.0B(72.0M) Survivors: 5120.0K->9216.0K Heap: 119.4M(512.0M)->73.3M(512.0M)]
 [Times: user=0.00 sys=0.00, real=0.01 secs] 
2021-03-30T00:56:14.886+0800: 0.183: [GC pause (G1 Evacuation Pause) (young), 0.0081134 secs]
   [Parallel Time: 6.3 ms, GC Workers: 10]
      [GC Worker Start (ms): Min: 183.6, Avg: 183.7, Max: 183.8, Diff: 0.2]
      [Ext Root Scanning (ms): Min: 0.0, Avg: 0.1, Max: 0.2, Diff: 0.2, Sum: 0.5]
      [Update RS (ms): Min: 0.4, Avg: 0.4, Max: 0.5, Diff: 0.1, Sum: 4.3]
         [Processed Buffers: Min: 6, Avg: 7.4, Max: 9, Diff: 3, Sum: 74]
      [Scan RS (ms): Min: 0.0, Avg: 0.0, Max: 0.0, Diff: 0.0, Sum: 0.1]
      [Code Root Scanning (ms): Min: 0.0, Avg: 0.0, Max: 0.0, Diff: 0.0, Sum: 0.0]
      [Object Copy (ms): Min: 5.1, Avg: 5.2, Max: 5.3, Diff: 0.2, Sum: 52.3]
      [Termination (ms): Min: 0.0, Avg: 0.1, Max: 0.2, Diff: 0.2, Sum: 1.0]
         [Termination Attempts: Min: 1, Avg: 1.0, Max: 1, Diff: 0, Sum: 10]
      [GC Worker Other (ms): Min: 0.0, Avg: 0.0, Max: 0.0, Diff: 0.0, Sum: 0.1]
      [GC Worker Total (ms): Min: 5.7, Avg: 5.8, Max: 6.0, Diff: 0.2, Sum: 58.3]
      [GC Worker End (ms): Min: 189.5, Avg: 189.5, Max: 189.6, Diff: 0.0]
   [Code Root Fixup: 0.0 ms]
   [Code Root Purge: 0.0 ms]
   [Clear CT: 0.7 ms]
   [Other: 1.1 ms]
      [Choose CSet: 0.0 ms]
      [Ref Proc: 0.4 ms]
      [Ref Enq: 0.0 ms]
      [Redirty Cards: 0.6 ms]
      [Humongous Register: 0.0 ms]
      [Humongous Reclaim: 0.0 ms]
      [Free CSet: 0.0 ms]
   [Eden: 72.0M(72.0M)->0.0B(88.0M) Survivors: 9216.0K->11.0M Heap: 164.8M(512.0M)->101.5M(512.0M)]
 [Times: user=0.16 sys=0.00, real=0.01 secs] 
2021-03-30T00:56:14.918+0800: 0.216: [GC pause (G1 Evacuation Pause) (young), 0.0093136 secs]
   [Parallel Time: 7.6 ms, GC Workers: 10]
      [GC Worker Start (ms): Min: 215.8, Avg: 215.9, Max: 216.0, Diff: 0.2]
      [Ext Root Scanning (ms): Min: 0.0, Avg: 0.1, Max: 0.2, Diff: 0.2, Sum: 0.6]
      [Update RS (ms): Min: 0.1, Avg: 0.1, Max: 0.1, Diff: 0.1, Sum: 1.2]
         [Processed Buffers: Min: 2, Avg: 2.1, Max: 3, Diff: 1, Sum: 21]
      [Scan RS (ms): Min: 0.0, Avg: 0.0, Max: 0.0, Diff: 0.0, Sum: 0.1]
      [Code Root Scanning (ms): Min: 0.0, Avg: 0.0, Max: 0.0, Diff: 0.0, Sum: 0.0]
      [Object Copy (ms): Min: 6.5, Avg: 6.6, Max: 6.7, Diff: 0.2, Sum: 66.2]
      [Termination (ms): Min: 0.0, Avg: 0.1, Max: 0.2, Diff: 0.2, Sum: 1.0]
         [Termination Attempts: Min: 1, Avg: 1.0, Max: 1, Diff: 0, Sum: 10]
      [GC Worker Other (ms): Min: 0.0, Avg: 0.0, Max: 0.0, Diff: 0.0, Sum: 0.1]
      [GC Worker Total (ms): Min: 6.8, Avg: 6.9, Max: 7.0, Diff: 0.2, Sum: 69.1]
      [GC Worker End (ms): Min: 222.8, Avg: 222.8, Max: 222.8, Diff: 0.0]
   [Code Root Fixup: 0.0 ms]
   [Code Root Purge: 0.0 ms]
   [Clear CT: 0.9 ms]
   [Other: 0.9 ms]
      [Choose CSet: 0.0 ms]
      [Ref Proc: 0.3 ms]
      [Ref Enq: 0.0 ms]
      [Redirty Cards: 0.5 ms]
      [Humongous Register: 0.0 ms]
      [Humongous Reclaim: 0.0 ms]
      [Free CSet: 0.0 ms]
   [Eden: 88.0M(88.0M)->0.0B(125.0M) Survivors: 11.0M->13.0M Heap: 210.7M(512.0M)->136.1M(512.0M)]
 [Times: user=0.00 sys=0.00, real=0.01 secs] 
2021-03-30T00:56:14.962+0800: 0.260: [GC pause (G1 Evacuation Pause) (young), 0.0110897 secs]
   [Parallel Time: 9.2 ms, GC Workers: 10]
      [GC Worker Start (ms): Min: 259.6, Avg: 259.8, Max: 259.9, Diff: 0.2]
      [Ext Root Scanning (ms): Min: 0.0, Avg: 0.1, Max: 0.2, Diff: 0.2, Sum: 0.5]
      [Update RS (ms): Min: 0.1, Avg: 0.1, Max: 0.2, Diff: 0.1, Sum: 1.3]
         [Processed Buffers: Min: 0, Avg: 2.0, Max: 3, Diff: 3, Sum: 20]
      [Scan RS (ms): Min: 0.0, Avg: 0.0, Max: 0.0, Diff: 0.0, Sum: 0.1]
      [Code Root Scanning (ms): Min: 0.0, Avg: 0.0, Max: 0.0, Diff: 0.0, Sum: 0.0]
      [Object Copy (ms): Min: 8.3, Avg: 8.4, Max: 8.5, Diff: 0.2, Sum: 84.2]
      [Termination (ms): Min: 0.0, Avg: 0.1, Max: 0.2, Diff: 0.2, Sum: 0.9]
         [Termination Attempts: Min: 1, Avg: 1.0, Max: 1, Diff: 0, Sum: 10]
      [GC Worker Other (ms): Min: 0.0, Avg: 0.0, Max: 0.0, Diff: 0.0, Sum: 0.1]
      [GC Worker Total (ms): Min: 8.6, Avg: 8.7, Max: 8.9, Diff: 0.2, Sum: 87.1]
      [GC Worker End (ms): Min: 268.5, Avg: 268.5, Max: 268.5, Diff: 0.0]
   [Code Root Fixup: 0.0 ms]
   [Code Root Purge: 0.0 ms]
   [Clear CT: 0.6 ms]
   [Other: 1.3 ms]
      [Choose CSet: 0.0 ms]
      [Ref Proc: 0.7 ms]
      [Ref Enq: 0.0 ms]
      [Redirty Cards: 0.4 ms]
      [Humongous Register: 0.0 ms]
      [Humongous Reclaim: 0.0 ms]
      [Free CSet: 0.0 ms]
   [Eden: 125.0M(125.0M)->0.0B(170.0M) Survivors: 13.0M->18.0M Heap: 292.1M(512.0M)->180.6M(512.0M)]
 [Times: user=0.13 sys=0.03, real=0.01 secs] 
2021-03-30T00:56:14.992+0800: 0.289: [GC pause (G1 Humongous Allocation) (young) (initial-mark), 0.0097636 secs]
   [Parallel Time: 7.8 ms, GC Workers: 10]
      [GC Worker Start (ms): Min: 289.5, Avg: 289.6, Max: 289.7, Diff: 0.2]
      [Ext Root Scanning (ms): Min: 0.0, Avg: 0.1, Max: 0.3, Diff: 0.3, Sum: 1.5]
      [Update RS (ms): Min: 0.1, Avg: 0.1, Max: 0.2, Diff: 0.1, Sum: 1.3]
         [Processed Buffers: Min: 1, Avg: 2.2, Max: 5, Diff: 4, Sum: 22]
      [Scan RS (ms): Min: 0.0, Avg: 0.0, Max: 0.0, Diff: 0.0, Sum: 0.1]
      [Code Root Scanning (ms): Min: 0.0, Avg: 0.0, Max: 0.0, Diff: 0.0, Sum: 0.0]
      [Object Copy (ms): Min: 6.8, Avg: 6.9, Max: 7.0, Diff: 0.2, Sum: 69.4]
      [Termination (ms): Min: 0.0, Avg: 0.1, Max: 0.2, Diff: 0.2, Sum: 1.1]
         [Termination Attempts: Min: 1, Avg: 1.3, Max: 2, Diff: 1, Sum: 13]
      [GC Worker Other (ms): Min: 0.0, Avg: 0.0, Max: 0.0, Diff: 0.0, Sum: 0.1]
      [GC Worker Total (ms): Min: 7.3, Avg: 7.3, Max: 7.5, Diff: 0.2, Sum: 73.5]
      [GC Worker End (ms): Min: 296.9, Avg: 296.9, Max: 297.0, Diff: 0.0]
   [Code Root Fixup: 0.0 ms]
   [Code Root Purge: 0.0 ms]
   [Clear CT: 0.9 ms]
   [Other: 1.1 ms]
      [Choose CSet: 0.0 ms]
      [Ref Proc: 0.5 ms]
      [Ref Enq: 0.0 ms]
      [Redirty Cards: 0.4 ms]
      [Humongous Register: 0.0 ms]
      [Humongous Reclaim: 0.0 ms]
      [Free CSet: 0.0 ms]
   [Eden: 87.0M(170.0M)->0.0B(152.0M) Survivors: 18.0M->23.0M Heap: 291.8M(512.0M)->208.4M(512.0M)]
 [Times: user=0.09 sys=0.06, real=0.01 secs] 
2021-03-30T00:56:15.002+0800: 0.299: [GC concurrent-root-region-scan-start]
2021-03-30T00:56:15.002+0800: 0.299: [GC concurrent-root-region-scan-end, 0.0001379 secs]
2021-03-30T00:56:15.002+0800: 0.299: [GC concurrent-mark-start]
2021-03-30T00:56:15.004+0800: 0.301: [GC concurrent-mark-end, 0.0014392 secs]
2021-03-30T00:56:15.004+0800: 0.301: [GC remark 2021-03-30T00:56:15.004+0800: 0.301: [Finalize Marking, 0.0003727 secs] 2021-03-30T00:56:15.004+0800: 0.301: [GC ref-proc, 0.0002556 secs] 2021-03-30T00:56:15.004+0800: 0.302: [Unloading, 0.0005776 secs], 0.0016630 secs]
 [Times: user=0.00 sys=0.00, real=0.00 secs] 
2021-03-30T00:56:15.005+0800: 0.303: [GC cleanup 220M->219M(512M), 0.0007691 secs]
 [Times: user=0.00 sys=0.00, real=0.00 secs] 
2021-03-30T00:56:15.006+0800: 0.303: [GC concurrent-cleanup-start]
2021-03-30T00:56:15.006+0800: 0.303: [GC concurrent-cleanup-end, 0.0000071 secs]
2021-03-30T00:56:15.044+0800: 0.341: [GC pause (G1 Evacuation Pause) (young) (to-space exhausted), 0.0131204 secs]
   [Parallel Time: 10.3 ms, GC Workers: 10]
      [GC Worker Start (ms): Min: 341.3, Avg: 341.5, Max: 341.5, Diff: 0.2]
      [Ext Root Scanning (ms): Min: 0.0, Avg: 0.1, Max: 0.2, Diff: 0.2, Sum: 0.5]
      [Update RS (ms): Min: 0.1, Avg: 0.1, Max: 0.5, Diff: 0.4, Sum: 1.4]
         [Processed Buffers: Min: 0, Avg: 1.8, Max: 2, Diff: 2, Sum: 18]
      [Scan RS (ms): Min: 0.0, Avg: 0.0, Max: 0.0, Diff: 0.0, Sum: 0.1]
      [Code Root Scanning (ms): Min: 0.0, Avg: 0.0, Max: 0.0, Diff: 0.0, Sum: 0.0]
      [Object Copy (ms): Min: 9.4, Avg: 9.7, Max: 9.8, Diff: 0.4, Sum: 97.2]
      [Termination (ms): Min: 0.0, Avg: 0.1, Max: 0.1, Diff: 0.1, Sum: 0.7]
         [Termination Attempts: Min: 1, Avg: 1.1, Max: 2, Diff: 1, Sum: 11]
      [GC Worker Other (ms): Min: 0.0, Avg: 0.0, Max: 0.1, Diff: 0.1, Sum: 0.2]
      [GC Worker Total (ms): Min: 9.9, Avg: 10.0, Max: 10.2, Diff: 0.2, Sum: 100.2]
      [GC Worker End (ms): Min: 351.5, Avg: 351.5, Max: 351.5, Diff: 0.1]
   [Code Root Fixup: 0.0 ms]
   [Code Root Purge: 0.0 ms]
   [Clear CT: 0.9 ms]
   [Other: 2.0 ms]
      [Evacuation Failure: 1.1 ms]
      [Choose CSet: 0.0 ms]
      [Ref Proc: 0.3 ms]
      [Ref Enq: 0.0 ms]
      [Redirty Cards: 0.4 ms]
      [Humongous Register: 0.1 ms]
      [Humongous Reclaim: 0.1 ms]
      [Free CSet: 0.0 ms]
   [Eden: 152.0M(152.0M)->0.0B(4096.0K) Survivors: 23.0M->22.0M Heap: 401.0M(512.0M)->300.9M(512.0M)]
 [Times: user=0.00 sys=0.00, real=0.01 secs] 
2021-03-30T00:56:15.058+0800: 0.355: [GC pause (G1 Evacuation Pause) (mixed), 0.0067695 secs]
   [Parallel Time: 4.9 ms, GC Workers: 10]
      [GC Worker Start (ms): Min: 355.2, Avg: 355.2, Max: 355.3, Diff: 0.2]
      [Ext Root Scanning (ms): Min: 0.0, Avg: 0.1, Max: 0.2, Diff: 0.2, Sum: 0.7]
      [Update RS (ms): Min: 0.0, Avg: 0.0, Max: 0.1, Diff: 0.1, Sum: 0.4]
         [Processed Buffers: Min: 0, Avg: 1.2, Max: 2, Diff: 2, Sum: 12]
      [Scan RS (ms): Min: 0.0, Avg: 0.0, Max: 0.1, Diff: 0.1, Sum: 0.2]
      [Code Root Scanning (ms): Min: 0.0, Avg: 0.0, Max: 0.0, Diff: 0.0, Sum: 0.0]
      [Object Copy (ms): Min: 4.2, Avg: 4.4, Max: 4.5, Diff: 0.2, Sum: 43.9]
      [Termination (ms): Min: 0.0, Avg: 0.1, Max: 0.2, Diff: 0.2, Sum: 1.0]
         [Termination Attempts: Min: 1, Avg: 1.0, Max: 1, Diff: 0, Sum: 10]
      [GC Worker Other (ms): Min: 0.0, Avg: 0.0, Max: 0.0, Diff: 0.0, Sum: 0.1]
      [GC Worker Total (ms): Min: 4.6, Avg: 4.6, Max: 4.7, Diff: 0.2, Sum: 46.3]
      [GC Worker End (ms): Min: 359.9, Avg: 359.9, Max: 359.9, Diff: 0.0]
   [Code Root Fixup: 0.0 ms]
   [Code Root Purge: 0.0 ms]
   [Clear CT: 0.9 ms]
   [Other: 0.9 ms]
      [Choose CSet: 0.0 ms]
      [Ref Proc: 0.4 ms]
      [Ref Enq: 0.0 ms]
      [Redirty Cards: 0.5 ms]
      [Humongous Register: 0.0 ms]
      [Humongous Reclaim: 0.0 ms]
      [Free CSet: 0.0 ms]
   [Eden: 4096.0K(4096.0K)->0.0B(104.0M) Survivors: 22.0M->2048.0K Heap: 304.9M(512.0M)->287.4M(512.0M)]
 [Times: user=0.13 sys=0.03, real=0.01 secs] 
2021-03-30T00:56:15.064+0800: 0.362: [GC pause (G1 Humongous Allocation) (young) (initial-mark), 0.0020246 secs]
   [Parallel Time: 0.8 ms, GC Workers: 10]
      [GC Worker Start (ms): Min: 362.4, Avg: 362.4, Max: 362.5, Diff: 0.1]
      [Ext Root Scanning (ms): Min: 0.0, Avg: 0.1, Max: 0.1, Diff: 0.1, Sum: 0.6]
      [Update RS (ms): Min: 0.0, Avg: 0.1, Max: 0.4, Diff: 0.4, Sum: 0.7]
         [Processed Buffers: Min: 1, Avg: 1.1, Max: 2, Diff: 1, Sum: 11]
      [Scan RS (ms): Min: 0.0, Avg: 0.0, Max: 0.0, Diff: 0.0, Sum: 0.0]
      [Code Root Scanning (ms): Min: 0.0, Avg: 0.0, Max: 0.0, Diff: 0.0, Sum: 0.0]
      [Object Copy (ms): Min: 0.0, Avg: 0.2, Max: 0.3, Diff: 0.3, Sum: 1.8]
      [Termination (ms): Min: 0.0, Avg: 0.1, Max: 0.3, Diff: 0.3, Sum: 1.4]
         [Termination Attempts: Min: 1, Avg: 1.0, Max: 1, Diff: 0, Sum: 10]
      [GC Worker Other (ms): Min: 0.0, Avg: 0.0, Max: 0.0, Diff: 0.0, Sum: 0.0]
      [GC Worker Total (ms): Min: 0.4, Avg: 0.5, Max: 0.5, Diff: 0.1, Sum: 4.6]
      [GC Worker End (ms): Min: 362.9, Avg: 362.9, Max: 362.9, Diff: 0.0]
   [Code Root Fixup: 0.0 ms]
   [Code Root Purge: 0.0 ms]
   [Clear CT: 0.5 ms]
   [Other: 0.7 ms]
      [Choose CSet: 0.0 ms]
      [Ref Proc: 0.3 ms]
      [Ref Enq: 0.0 ms]
      [Redirty Cards: 0.3 ms]
      [Humongous Register: 0.0 ms]
      [Humongous Reclaim: 0.0 ms]
      [Free CSet: 0.0 ms]
   [Eden: 2048.0K(104.0M)->0.0B(107.0M) Survivors: 2048.0K->3072.0K Heap: 289.4M(512.0M)->287.6M(512.0M)]
 [Times: user=0.00 sys=0.00, real=0.00 secs] 
2021-03-30T00:56:15.066+0800: 0.364: [GC concurrent-root-region-scan-start]
2021-03-30T00:56:15.067+0800: 0.365: [GC concurrent-root-region-scan-end, 0.0001271 secs]
2021-03-30T00:56:15.067+0800: 0.365: [GC concurrent-mark-start]
2021-03-30T00:56:15.068+0800: 0.366: [GC concurrent-mark-end, 0.0013425 secs]
2021-03-30T00:56:15.068+0800: 0.366: [GC remark 2021-03-30T00:56:15.068+0800: 0.366: [Finalize Marking, 0.0003364 secs] 2021-03-30T00:56:15.068+0800: 0.366: [GC ref-proc, 0.0002574 secs] 2021-03-30T00:56:15.069+0800: 0.367: [Unloading, 0.0004052 secs], 0.0015092 secs]
 [Times: user=0.00 sys=0.00, real=0.00 secs] 
2021-03-30T00:56:15.070+0800: 0.368: [GC cleanup 297M->296M(512M), 0.0009343 secs]
 [Times: user=0.00 sys=0.00, real=0.00 secs] 
2021-03-30T00:56:15.071+0800: 0.369: [GC concurrent-cleanup-start]
2021-03-30T00:56:15.071+0800: 0.369: [GC concurrent-cleanup-end, 0.0000059 secs]
2021-03-30T00:56:15.090+0800: 0.388: [GC pause (G1 Evacuation Pause) (young) (to-space exhausted), 0.0078460 secs]
   [Parallel Time: 5.5 ms, GC Workers: 10]
      [GC Worker Start (ms): Min: 388.5, Avg: 388.6, Max: 388.7, Diff: 0.2]
      [Ext Root Scanning (ms): Min: 0.0, Avg: 0.1, Max: 0.2, Diff: 0.2, Sum: 0.7]
      [Update RS (ms): Min: 0.1, Avg: 0.2, Max: 1.0, Diff: 0.9, Sum: 2.1]
         [Processed Buffers: Min: 0, Avg: 1.9, Max: 3, Diff: 3, Sum: 19]
      [Scan RS (ms): Min: 0.0, Avg: 0.0, Max: 0.0, Diff: 0.0, Sum: 0.1]
      [Code Root Scanning (ms): Min: 0.0, Avg: 0.0, Max: 0.0, Diff: 0.0, Sum: 0.0]
      [Object Copy (ms): Min: 4.1, Avg: 4.9, Max: 5.1, Diff: 1.0, Sum: 49.1]
      [Termination (ms): Min: 0.0, Avg: 0.1, Max: 0.1, Diff: 0.1, Sum: 0.7]
         [Termination Attempts: Min: 1, Avg: 1.4, Max: 2, Diff: 1, Sum: 14]
      [GC Worker Other (ms): Min: 0.0, Avg: 0.0, Max: 0.0, Diff: 0.0, Sum: 0.1]
      [GC Worker Total (ms): Min: 5.2, Avg: 5.3, Max: 5.4, Diff: 0.2, Sum: 52.8]
      [GC Worker End (ms): Min: 393.9, Avg: 393.9, Max: 393.9, Diff: 0.0]
   [Code Root Fixup: 0.0 ms]
   [Code Root Purge: 0.0 ms]
   [Clear CT: 0.9 ms]
   [Other: 1.5 ms]
      [Evacuation Failure: 0.5 ms]
      [Choose CSet: 0.0 ms]
      [Ref Proc: 0.4 ms]
      [Ref Enq: 0.0 ms]
      [Redirty Cards: 0.3 ms]
      [Humongous Register: 0.1 ms]
      [Humongous Reclaim: 0.0 ms]
      [Free CSet: 0.0 ms]
   [Eden: 107.0M(107.0M)->0.0B(11.0M) Survivors: 3072.0K->14.0M Heap: 431.2M(512.0M)->350.6M(512.0M)]
 [Times: user=0.00 sys=0.00, real=0.01 secs] 
2021-03-30T00:56:15.100+0800: 0.398: [GC pause (G1 Evacuation Pause) (mixed), 0.0064525 secs]
   [Parallel Time: 4.6 ms, GC Workers: 10]
      [GC Worker Start (ms): Min: 398.0, Avg: 398.1, Max: 398.2, Diff: 0.2]
      [Ext Root Scanning (ms): Min: 0.0, Avg: 0.1, Max: 0.2, Diff: 0.2, Sum: 0.6]
      [Update RS (ms): Min: 0.1, Avg: 0.1, Max: 0.2, Diff: 0.1, Sum: 1.5]
         [Processed Buffers: Min: 0, Avg: 2.4, Max: 3, Diff: 3, Sum: 24]
      [Scan RS (ms): Min: 0.0, Avg: 0.0, Max: 0.0, Diff: 0.0, Sum: 0.1]
      [Code Root Scanning (ms): Min: 0.0, Avg: 0.0, Max: 0.0, Diff: 0.0, Sum: 0.0]
      [Object Copy (ms): Min: 4.1, Avg: 4.2, Max: 4.2, Diff: 0.1, Sum: 41.5]
      [Termination (ms): Min: 0.0, Avg: 0.1, Max: 0.1, Diff: 0.1, Sum: 0.5]
         [Termination Attempts: Min: 1, Avg: 1.0, Max: 1, Diff: 0, Sum: 10]
      [GC Worker Other (ms): Min: 0.0, Avg: 0.0, Max: 0.0, Diff: 0.0, Sum: 0.1]
      [GC Worker Total (ms): Min: 4.4, Avg: 4.4, Max: 4.5, Diff: 0.2, Sum: 44.3]
      [GC Worker End (ms): Min: 402.5, Avg: 402.5, Max: 402.5, Diff: 0.0]
   [Code Root Fixup: 0.0 ms]
   [Code Root Purge: 0.0 ms]
   [Clear CT: 0.7 ms]
   [Other: 1.2 ms]
      [Choose CSet: 0.0 ms]
      [Ref Proc: 0.5 ms]
      [Ref Enq: 0.0 ms]
      [Redirty Cards: 0.5 ms]
      [Humongous Register: 0.0 ms]
      [Humongous Reclaim: 0.0 ms]
      [Free CSet: 0.0 ms]
   [Eden: 11.0M(11.0M)->0.0B(21.0M) Survivors: 14.0M->4096.0K Heap: 364.6M(512.0M)->311.6M(512.0M)]
 [Times: user=0.00 sys=0.00, real=0.01 secs] 
2021-03-30T00:56:15.110+0800: 0.407: [GC pause (G1 Evacuation Pause) (mixed), 0.0067422 secs]
   [Parallel Time: 5.0 ms, GC Workers: 10]
      [GC Worker Start (ms): Min: 407.6, Avg: 407.7, Max: 407.7, Diff: 0.2]
      [Ext Root Scanning (ms): Min: 0.0, Avg: 0.1, Max: 0.2, Diff: 0.2, Sum: 0.7]
      [Update RS (ms): Min: 0.1, Avg: 0.2, Max: 0.2, Diff: 0.1, Sum: 1.6]
         [Processed Buffers: Min: 0, Avg: 2.5, Max: 4, Diff: 4, Sum: 25]
      [Scan RS (ms): Min: 0.0, Avg: 0.0, Max: 0.2, Diff: 0.2, Sum: 0.3]
      [Code Root Scanning (ms): Min: 0.0, Avg: 0.0, Max: 0.0, Diff: 0.0, Sum: 0.0]
      [Object Copy (ms): Min: 4.2, Avg: 4.2, Max: 4.3, Diff: 0.2, Sum: 42.3]
      [Termination (ms): Min: 0.0, Avg: 0.1, Max: 0.2, Diff: 0.2, Sum: 0.9]
         [Termination Attempts: Min: 1, Avg: 1.0, Max: 1, Diff: 0, Sum: 10]
      [GC Worker Other (ms): Min: 0.0, Avg: 0.0, Max: 0.0, Diff: 0.0, Sum: 0.1]
      [GC Worker Total (ms): Min: 4.5, Avg: 4.6, Max: 4.7, Diff: 0.2, Sum: 45.9]
      [GC Worker End (ms): Min: 412.3, Avg: 412.3, Max: 412.3, Diff: 0.0]
   [Code Root Fixup: 0.0 ms]
   [Code Root Purge: 0.0 ms]
   [Clear CT: 1.0 ms]
   [Other: 0.7 ms]
      [Choose CSet: 0.0 ms]
      [Ref Proc: 0.2 ms]
      [Ref Enq: 0.0 ms]
      [Redirty Cards: 0.3 ms]
      [Humongous Register: 0.1 ms]
      [Humongous Reclaim: 0.0 ms]
      [Free CSet: 0.0 ms]
   [Eden: 21.0M(21.0M)->0.0B(92.0M) Survivors: 4096.0K->4096.0K Heap: 336.0M(512.0M)->300.1M(512.0M)]
 [Times: user=0.00 sys=0.00, real=0.01 secs] 
2021-03-30T00:56:15.117+0800: 0.415: [GC pause (G1 Humongous Allocation) (young) (initial-mark), 0.0024909 secs]
   [Parallel Time: 1.3 ms, GC Workers: 10]
      [GC Worker Start (ms): Min: 415.2, Avg: 415.3, Max: 415.3, Diff: 0.1]
      [Ext Root Scanning (ms): Min: 0.0, Avg: 0.1, Max: 0.1, Diff: 0.1, Sum: 0.8]
      [Update RS (ms): Min: 0.0, Avg: 0.1, Max: 0.3, Diff: 0.3, Sum: 0.8]
         [Processed Buffers: Min: 1, Avg: 1.1, Max: 2, Diff: 1, Sum: 11]
      [Scan RS (ms): Min: 0.0, Avg: 0.0, Max: 0.0, Diff: 0.0, Sum: 0.0]
      [Code Root Scanning (ms): Min: 0.0, Avg: 0.0, Max: 0.0, Diff: 0.0, Sum: 0.0]
      [Object Copy (ms): Min: 0.7, Avg: 1.0, Max: 1.1, Diff: 0.4, Sum: 9.6]
      [Termination (ms): Min: 0.0, Avg: 0.1, Max: 0.2, Diff: 0.2, Sum: 0.8]
         [Termination Attempts: Min: 1, Avg: 1.0, Max: 1, Diff: 0, Sum: 10]
      [GC Worker Other (ms): Min: 0.0, Avg: 0.0, Max: 0.0, Diff: 0.0, Sum: 0.1]
      [GC Worker Total (ms): Min: 1.2, Avg: 1.2, Max: 1.3, Diff: 0.1, Sum: 12.0]
      [GC Worker End (ms): Min: 416.5, Avg: 416.5, Max: 416.5, Diff: 0.0]
   [Code Root Fixup: 0.0 ms]
   [Code Root Purge: 0.0 ms]
   [Clear CT: 0.6 ms]
   [Other: 0.6 ms]
      [Choose CSet: 0.0 ms]
      [Ref Proc: 0.2 ms]
      [Ref Enq: 0.0 ms]
      [Redirty Cards: 0.3 ms]
      [Humongous Register: 0.0 ms]
      [Humongous Reclaim: 0.0 ms]
      [Free CSet: 0.0 ms]
   [Eden: 6144.0K(92.0M)->0.0B(86.0M) Survivors: 4096.0K->7168.0K Heap: 305.2M(512.0M)->301.6M(512.0M)]
 [Times: user=0.00 sys=0.00, real=0.00 secs] 
2021-03-30T00:56:15.120+0800: 0.418: [GC concurrent-root-region-scan-start]
2021-03-30T00:56:15.120+0800: 0.418: [GC concurrent-root-region-scan-end, 0.0001104 secs]
2021-03-30T00:56:15.120+0800: 0.418: [GC concurrent-mark-start]
2021-03-30T00:56:15.122+0800: 0.420: [GC concurrent-mark-end, 0.0017699 secs]
2021-03-30T00:56:15.122+0800: 0.420: [GC remark 2021-03-30T00:56:15.122+0800: 0.420: [Finalize Marking, 0.0003779 secs] 2021-03-30T00:56:15.122+0800: 0.420: [GC ref-proc, 0.0002572 secs] 2021-03-30T00:56:15.123+0800: 0.420: [Unloading, 0.0005614 secs], 0.0017092 secs]
 [Times: user=0.00 sys=0.00, real=0.00 secs] 
2021-03-30T00:56:15.124+0800: 0.422: [GC cleanup 317M->315M(512M), 0.0009898 secs]
 [Times: user=0.00 sys=0.00, real=0.00 secs] 
2021-03-30T00:56:15.125+0800: 0.423: [GC concurrent-cleanup-start]
2021-03-30T00:56:15.125+0800: 0.423: [GC concurrent-cleanup-end, 0.0000085 secs]
2021-03-30T00:56:15.139+0800: 0.437: [GC pause (G1 Evacuation Pause) (young), 0.0078591 secs]
   [Parallel Time: 6.1 ms, GC Workers: 10]
      [GC Worker Start (ms): Min: 436.6, Avg: 436.7, Max: 436.7, Diff: 0.1]
      [Ext Root Scanning (ms): Min: 0.1, Avg: 0.1, Max: 0.2, Diff: 0.1, Sum: 1.0]
      [Update RS (ms): Min: 0.1, Avg: 0.2, Max: 0.4, Diff: 0.3, Sum: 2.0]
         [Processed Buffers: Min: 0, Avg: 2.7, Max: 4, Diff: 4, Sum: 27]
      [Scan RS (ms): Min: 0.0, Avg: 0.0, Max: 0.0, Diff: 0.0, Sum: 0.0]
      [Code Root Scanning (ms): Min: 0.0, Avg: 0.0, Max: 0.0, Diff: 0.0, Sum: 0.0]
      [Object Copy (ms): Min: 5.1, Avg: 5.3, Max: 5.4, Diff: 0.3, Sum: 53.2]
      [Termination (ms): Min: 0.0, Avg: 0.1, Max: 0.2, Diff: 0.2, Sum: 0.6]
         [Termination Attempts: Min: 1, Avg: 1.1, Max: 2, Diff: 1, Sum: 11]
      [GC Worker Other (ms): Min: 0.0, Avg: 0.0, Max: 0.0, Diff: 0.0, Sum: 0.2]
      [GC Worker Total (ms): Min: 5.7, Avg: 5.7, Max: 5.8, Diff: 0.1, Sum: 57.0]
      [GC Worker End (ms): Min: 442.4, Avg: 442.4, Max: 442.4, Diff: 0.0]
   [Code Root Fixup: 0.0 ms]
   [Code Root Purge: 0.0 ms]
   [Clear CT: 0.8 ms]
   [Other: 0.9 ms]
      [Choose CSet: 0.0 ms]
      [Ref Proc: 0.2 ms]
      [Ref Enq: 0.0 ms]
      [Redirty Cards: 0.5 ms]
      [Humongous Register: 0.1 ms]
      [Humongous Reclaim: 0.0 ms]
      [Free CSet: 0.0 ms]
   [Eden: 86.0M(86.0M)->0.0B(13.0M) Survivors: 7168.0K->12.0M Heap: 409.2M(512.0M)->328.2M(512.0M)]
 [Times: user=0.00 sys=0.00, real=0.01 secs] 
2021-03-30T00:56:15.149+0800: 0.447: [GC pause (G1 Evacuation Pause) (mixed), 0.0072674 secs]
   [Parallel Time: 5.4 ms, GC Workers: 10]
      [GC Worker Start (ms): Min: 446.7, Avg: 446.8, Max: 446.8, Diff: 0.2]
      [Ext Root Scanning (ms): Min: 0.0, Avg: 0.1, Max: 0.2, Diff: 0.2, Sum: 0.7]
      [Update RS (ms): Min: 0.2, Avg: 0.2, Max: 0.2, Diff: 0.0, Sum: 1.8]
         [Processed Buffers: Min: 0, Avg: 3.0, Max: 4, Diff: 4, Sum: 30]
      [Scan RS (ms): Min: 0.0, Avg: 0.0, Max: 0.1, Diff: 0.0, Sum: 0.2]
      [Code Root Scanning (ms): Min: 0.0, Avg: 0.0, Max: 0.0, Diff: 0.0, Sum: 0.0]
      [Object Copy (ms): Min: 4.9, Avg: 4.9, Max: 5.0, Diff: 0.1, Sum: 49.4]
      [Termination (ms): Min: 0.0, Avg: 0.1, Max: 0.1, Diff: 0.1, Sum: 0.6]
         [Termination Attempts: Min: 1, Avg: 1.0, Max: 1, Diff: 0, Sum: 10]
      [GC Worker Other (ms): Min: 0.0, Avg: 0.0, Max: 0.0, Diff: 0.0, Sum: 0.1]
      [GC Worker Total (ms): Min: 5.2, Avg: 5.3, Max: 5.4, Diff: 0.2, Sum: 52.8]
      [GC Worker End (ms): Min: 452.0, Avg: 452.0, Max: 452.1, Diff: 0.0]
   [Code Root Fixup: 0.0 ms]
   [Code Root Purge: 0.0 ms]
   [Clear CT: 0.7 ms]
   [Other: 1.2 ms]
      [Choose CSet: 0.0 ms]
      [Ref Proc: 0.5 ms]
      [Ref Enq: 0.0 ms]
      [Redirty Cards: 0.6 ms]
      [Humongous Register: 0.1 ms]
      [Humongous Reclaim: 0.0 ms]
      [Free CSet: 0.0 ms]
   [Eden: 13.0M(13.0M)->0.0B(21.0M) Survivors: 12.0M->4096.0K Heap: 345.2M(512.0M)->297.0M(512.0M)]
 [Times: user=0.13 sys=0.03, real=0.01 secs] 
2021-03-30T00:56:15.159+0800: 0.457: [GC pause (G1 Evacuation Pause) (mixed), 0.0059376 secs]
   [Parallel Time: 4.0 ms, GC Workers: 10]
      [GC Worker Start (ms): Min: 457.4, Avg: 457.5, Max: 457.5, Diff: 0.1]
      [Ext Root Scanning (ms): Min: 0.0, Avg: 0.1, Max: 0.1, Diff: 0.1, Sum: 0.8]
      [Update RS (ms): Min: 0.2, Avg: 0.2, Max: 0.2, Diff: 0.0, Sum: 2.0]
         [Processed Buffers: Min: 1, Avg: 3.1, Max: 4, Diff: 3, Sum: 31]
      [Scan RS (ms): Min: 0.0, Avg: 0.0, Max: 0.0, Diff: 0.0, Sum: 0.1]
      [Code Root Scanning (ms): Min: 0.0, Avg: 0.0, Max: 0.0, Diff: 0.0, Sum: 0.0]
      [Object Copy (ms): Min: 3.4, Avg: 3.5, Max: 3.6, Diff: 0.3, Sum: 34.6]
      [Termination (ms): Min: 0.0, Avg: 0.2, Max: 0.3, Diff: 0.3, Sum: 1.6]
         [Termination Attempts: Min: 1, Avg: 1.0, Max: 1, Diff: 0, Sum: 10]
      [GC Worker Other (ms): Min: 0.0, Avg: 0.0, Max: 0.0, Diff: 0.0, Sum: 0.1]
      [GC Worker Total (ms): Min: 3.9, Avg: 3.9, Max: 4.0, Diff: 0.1, Sum: 39.2]
      [GC Worker End (ms): Min: 461.4, Avg: 461.4, Max: 461.4, Diff: 0.0]
   [Code Root Fixup: 0.0 ms]
   [Code Root Purge: 0.0 ms]
   [Clear CT: 0.7 ms]
   [Other: 1.2 ms]
      [Choose CSet: 0.0 ms]
      [Ref Proc: 0.5 ms]
      [Ref Enq: 0.0 ms]
      [Redirty Cards: 0.6 ms]
      [Humongous Register: 0.1 ms]
      [Humongous Reclaim: 0.0 ms]
      [Free CSet: 0.0 ms]
   [Eden: 21.0M(21.0M)->0.0B(85.0M) Survivors: 4096.0K->4096.0K Heap: 325.7M(512.0M)->298.9M(512.0M)]
 [Times: user=0.00 sys=0.00, real=0.01 secs] 
2021-03-30T00:56:15.166+0800: 0.464: [GC pause (G1 Humongous Allocation) (young) (initial-mark), 0.0023399 secs]
   [Parallel Time: 0.9 ms, GC Workers: 10]
      [GC Worker Start (ms): Min: 463.9, Avg: 464.0, Max: 464.0, Diff: 0.1]
      [Ext Root Scanning (ms): Min: 0.0, Avg: 0.1, Max: 0.2, Diff: 0.1, Sum: 0.7]
      [Update RS (ms): Min: 0.0, Avg: 0.0, Max: 0.1, Diff: 0.1, Sum: 0.3]
         [Processed Buffers: Min: 0, Avg: 1.0, Max: 2, Diff: 2, Sum: 10]
      [Scan RS (ms): Min: 0.0, Avg: 0.0, Max: 0.0, Diff: 0.0, Sum: 0.0]
      [Code Root Scanning (ms): Min: 0.0, Avg: 0.0, Max: 0.0, Diff: 0.0, Sum: 0.0]
      [Object Copy (ms): Min: 0.4, Avg: 0.6, Max: 0.7, Diff: 0.2, Sum: 5.6]
      [Termination (ms): Min: 0.0, Avg: 0.1, Max: 0.1, Diff: 0.1, Sum: 0.8]
         [Termination Attempts: Min: 1, Avg: 1.0, Max: 1, Diff: 0, Sum: 10]
      [GC Worker Other (ms): Min: 0.0, Avg: 0.0, Max: 0.0, Diff: 0.0, Sum: 0.1]
      [GC Worker Total (ms): Min: 0.7, Avg: 0.8, Max: 0.8, Diff: 0.1, Sum: 7.6]
      [GC Worker End (ms): Min: 464.7, Avg: 464.7, Max: 464.7, Diff: 0.0]
   [Code Root Fixup: 0.0 ms]
   [Code Root Purge: 0.0 ms]
   [Clear CT: 0.5 ms]
   [Other: 1.0 ms]
      [Choose CSet: 0.0 ms]
      [Ref Proc: 0.5 ms]
      [Ref Enq: 0.0 ms]
      [Redirty Cards: 0.4 ms]
      [Humongous Register: 0.0 ms]
      [Humongous Reclaim: 0.0 ms]
      [Free CSet: 0.0 ms]
   [Eden: 3072.0K(85.0M)->0.0B(84.0M) Survivors: 4096.0K->5120.0K Heap: 301.6M(512.0M)->299.1M(512.0M)]
 [Times: user=0.02 sys=0.00, real=0.00 secs] 
2021-03-30T00:56:15.169+0800: 0.466: [GC concurrent-root-region-scan-start]
2021-03-30T00:56:15.169+0800: 0.466: [GC concurrent-root-region-scan-end, 0.0001692 secs]
2021-03-30T00:56:15.169+0800: 0.466: [GC concurrent-mark-start]
2021-03-30T00:56:15.170+0800: 0.468: [GC concurrent-mark-end, 0.0015607 secs]
2021-03-30T00:56:15.170+0800: 0.468: [GC remark 2021-03-30T00:56:15.170+0800: 0.468: [Finalize Marking, 0.0002456 secs] 2021-03-30T00:56:15.171+0800: 0.468: [GC ref-proc, 0.0002555 secs] 2021-03-30T00:56:15.171+0800: 0.469: [Unloading, 0.0005621 secs], 0.0017061 secs]
 [Times: user=0.00 sys=0.00, real=0.00 secs] 
2021-03-30T00:56:15.172+0800: 0.470: [GC cleanup 314M->314M(512M), 0.0008710 secs]
 [Times: user=0.00 sys=0.00, real=0.00 secs] 
2021-03-30T00:56:15.186+0800: 0.484: [GC pause (G1 Evacuation Pause) (young), 0.0072208 secs]
   [Parallel Time: 5.3 ms, GC Workers: 10]
      [GC Worker Start (ms): Min: 484.3, Avg: 484.4, Max: 484.5, Diff: 0.2]
      [Ext Root Scanning (ms): Min: 0.0, Avg: 0.1, Max: 0.2, Diff: 0.2, Sum: 0.6]
      [Update RS (ms): Min: 0.2, Avg: 0.2, Max: 0.3, Diff: 0.1, Sum: 2.0]
         [Processed Buffers: Min: 0, Avg: 2.8, Max: 4, Diff: 4, Sum: 28]
      [Scan RS (ms): Min: 0.0, Avg: 0.0, Max: 0.0, Diff: 0.0, Sum: 0.1]
      [Code Root Scanning (ms): Min: 0.0, Avg: 0.0, Max: 0.0, Diff: 0.0, Sum: 0.0]
      [Object Copy (ms): Min: 4.4, Avg: 4.5, Max: 4.6, Diff: 0.2, Sum: 45.0]
      [Termination (ms): Min: 0.0, Avg: 0.1, Max: 0.2, Diff: 0.2, Sum: 1.1]
         [Termination Attempts: Min: 1, Avg: 1.0, Max: 1, Diff: 0, Sum: 10]
      [GC Worker Other (ms): Min: 0.0, Avg: 0.0, Max: 0.0, Diff: 0.0, Sum: 0.1]
      [GC Worker Total (ms): Min: 4.8, Avg: 4.9, Max: 5.0, Diff: 0.2, Sum: 48.9]
      [GC Worker End (ms): Min: 489.3, Avg: 489.3, Max: 489.3, Diff: 0.0]
   [Code Root Fixup: 0.0 ms]
   [Code Root Purge: 0.0 ms]
   [Clear CT: 0.8 ms]
   [Other: 1.2 ms]
      [Choose CSet: 0.0 ms]
      [Ref Proc: 0.6 ms]
      [Ref Enq: 0.0 ms]
      [Redirty Cards: 0.3 ms]
      [Humongous Register: 0.1 ms]
      [Humongous Reclaim: 0.0 ms]
      [Free CSet: 0.0 ms]
   [Eden: 84.0M(84.0M)->0.0B(13.0M) Survivors: 5120.0K->12.0M Heap: 405.1M(512.0M)->323.6M(512.0M)]
 [Times: user=0.00 sys=0.00, real=0.01 secs] 
2021-03-30T00:56:15.196+0800: 0.494: [GC pause (G1 Evacuation Pause) (mixed), 0.0077513 secs]
   [Parallel Time: 6.4 ms, GC Workers: 10]
      [GC Worker Start (ms): Min: 494.0, Avg: 494.1, Max: 494.1, Diff: 0.1]
      [Ext Root Scanning (ms): Min: 0.0, Avg: 0.1, Max: 0.2, Diff: 0.1, Sum: 0.8]
      [Update RS (ms): Min: 0.2, Avg: 0.2, Max: 0.2, Diff: 0.0, Sum: 1.9]
         [Processed Buffers: Min: 1, Avg: 3.0, Max: 5, Diff: 4, Sum: 30]
      [Scan RS (ms): Min: 0.0, Avg: 0.0, Max: 0.0, Diff: 0.0, Sum: 0.1]
      [Code Root Scanning (ms): Min: 0.0, Avg: 0.0, Max: 0.0, Diff: 0.0, Sum: 0.0]
      [Object Copy (ms): Min: 5.7, Avg: 5.8, Max: 5.9, Diff: 0.3, Sum: 57.8]
      [Termination (ms): Min: 0.0, Avg: 0.2, Max: 0.3, Diff: 0.3, Sum: 1.5]
         [Termination Attempts: Min: 1, Avg: 1.0, Max: 1, Diff: 0, Sum: 10]
      [GC Worker Other (ms): Min: 0.0, Avg: 0.0, Max: 0.0, Diff: 0.0, Sum: 0.1]
      [GC Worker Total (ms): Min: 6.2, Avg: 6.2, Max: 6.3, Diff: 0.1, Sum: 62.3]
      [GC Worker End (ms): Min: 500.3, Avg: 500.3, Max: 500.3, Diff: 0.0]
   [Code Root Fixup: 0.0 ms]
   [Code Root Purge: 0.0 ms]
   [Clear CT: 0.8 ms]
   [Other: 0.6 ms]
      [Choose CSet: 0.0 ms]
      [Ref Proc: 0.1 ms]
      [Ref Enq: 0.0 ms]
      [Redirty Cards: 0.3 ms]
      [Humongous Register: 0.1 ms]
      [Humongous Reclaim: 0.0 ms]
      [Free CSet: 0.1 ms]
   [Eden: 13.0M(13.0M)->0.0B(75.0M) Survivors: 12.0M->4096.0K Heap: 343.1M(512.0M)->311.3M(512.0M)]
 [Times: user=0.14 sys=0.00, real=0.01 secs] 
2021-03-30T00:56:15.204+0800: 0.502: [GC pause (G1 Humongous Allocation) (young) (initial-mark), 0.0027534 secs]
   [Parallel Time: 1.0 ms, GC Workers: 10]
      [GC Worker Start (ms): Min: 502.0, Avg: 502.1, Max: 502.2, Diff: 0.1]
      [Ext Root Scanning (ms): Min: 0.0, Avg: 0.1, Max: 0.2, Diff: 0.1, Sum: 0.6]
      [Update RS (ms): Min: 0.0, Avg: 0.1, Max: 0.1, Diff: 0.1, Sum: 0.6]
         [Processed Buffers: Min: 1, Avg: 1.1, Max: 2, Diff: 1, Sum: 11]
      [Scan RS (ms): Min: 0.0, Avg: 0.0, Max: 0.0, Diff: 0.0, Sum: 0.0]
      [Code Root Scanning (ms): Min: 0.0, Avg: 0.0, Max: 0.0, Diff: 0.0, Sum: 0.0]
      [Object Copy (ms): Min: 0.6, Avg: 0.6, Max: 0.7, Diff: 0.2, Sum: 6.4]
      [Termination (ms): Min: 0.0, Avg: 0.1, Max: 0.2, Diff: 0.2, Sum: 0.8]
         [Termination Attempts: Min: 1, Avg: 1.0, Max: 1, Diff: 0, Sum: 10]
      [GC Worker Other (ms): Min: 0.0, Avg: 0.0, Max: 0.0, Diff: 0.0, Sum: 0.1]
      [GC Worker Total (ms): Min: 0.8, Avg: 0.9, Max: 0.9, Diff: 0.1, Sum: 8.6]
      [GC Worker End (ms): Min: 503.0, Avg: 503.0, Max: 503.0, Diff: 0.0]
   [Code Root Fixup: 0.0 ms]
   [Code Root Purge: 0.0 ms]
   [Clear CT: 0.6 ms]
   [Other: 1.2 ms]
      [Choose CSet: 0.0 ms]
      [Ref Proc: 0.5 ms]
      [Ref Enq: 0.0 ms]
      [Redirty Cards: 0.6 ms]
      [Humongous Register: 0.1 ms]
      [Humongous Reclaim: 0.0 ms]
      [Free CSet: 0.0 ms]
   [Eden: 2048.0K(75.0M)->0.0B(75.0M) Survivors: 4096.0K->5120.0K Heap: 312.7M(512.0M)->311.2M(512.0M)]
 [Times: user=0.00 sys=0.00, real=0.00 secs] 
2021-03-30T00:56:15.207+0800: 0.505: [GC concurrent-root-region-scan-start]
2021-03-30T00:56:15.207+0800: 0.505: [GC concurrent-root-region-scan-end, 0.0002148 secs]
2021-03-30T00:56:15.207+0800: 0.505: [GC concurrent-mark-start]
2021-03-30T00:56:15.209+0800: 0.507: [GC concurrent-mark-end, 0.0015572 secs]
2021-03-30T00:56:15.209+0800: 0.507: [GC remark 2021-03-30T00:56:15.209+0800: 0.507: [Finalize Marking, 0.0003600 secs] 2021-03-30T00:56:15.209+0800: 0.507: [GC ref-proc, 0.0002637 secs] 2021-03-30T00:56:15.210+0800: 0.507: [Unloading, 0.0005213 secs], 0.0018928 secs]
 [Times: user=0.00 sys=0.00, real=0.00 secs] 
2021-03-30T00:56:15.211+0800: 0.509: [GC cleanup 324M->324M(512M), 0.0015219 secs]
 [Times: user=0.00 sys=0.00, real=0.00 secs] 
2021-03-30T00:56:15.226+0800: 0.524: [GC pause (G1 Evacuation Pause) (young), 0.0073982 secs]
   [Parallel Time: 5.4 ms, GC Workers: 10]
      [GC Worker Start (ms): Min: 523.6, Avg: 523.8, Max: 523.8, Diff: 0.2]
      [Ext Root Scanning (ms): Min: 0.0, Avg: 0.1, Max: 0.2, Diff: 0.2, Sum: 0.5]
      [Update RS (ms): Min: 0.2, Avg: 0.2, Max: 0.2, Diff: 0.0, Sum: 2.0]
         [Processed Buffers: Min: 0, Avg: 3.2, Max: 5, Diff: 5, Sum: 32]
      [Scan RS (ms): Min: 0.0, Avg: 0.0, Max: 0.0, Diff: 0.0, Sum: 0.1]
      [Code Root Scanning (ms): Min: 0.0, Avg: 0.0, Max: 0.0, Diff: 0.0, Sum: 0.0]
      [Object Copy (ms): Min: 4.5, Avg: 4.6, Max: 4.7, Diff: 0.2, Sum: 45.7]
      [Termination (ms): Min: 0.0, Avg: 0.1, Max: 0.2, Diff: 0.2, Sum: 1.0]
         [Termination Attempts: Min: 1, Avg: 1.0, Max: 1, Diff: 0, Sum: 10]
      [GC Worker Other (ms): Min: 0.0, Avg: 0.0, Max: 0.0, Diff: 0.0, Sum: 0.1]
      [GC Worker Total (ms): Min: 4.9, Avg: 4.9, Max: 5.1, Diff: 0.2, Sum: 49.5]
      [GC Worker End (ms): Min: 528.7, Avg: 528.7, Max: 528.7, Diff: 0.0]
   [Code Root Fixup: 0.0 ms]
   [Code Root Purge: 0.0 ms]
   [Clear CT: 0.7 ms]
   [Other: 1.2 ms]
      [Choose CSet: 0.0 ms]
      [Ref Proc: 0.4 ms]
      [Ref Enq: 0.0 ms]
      [Redirty Cards: 0.7 ms]
      [Humongous Register: 0.1 ms]
      [Humongous Reclaim: 0.0 ms]
      [Free CSet: 0.0 ms]
   [Eden: 75.0M(75.0M)->0.0B(15.0M) Survivors: 5120.0K->10.0M Heap: 405.7M(512.0M)->337.0M(512.0M)]
 [Times: user=0.14 sys=0.00, real=0.01 secs] 
2021-03-30T00:56:15.236+0800: 0.534: [GC pause (G1 Evacuation Pause) (mixed), 0.0083279 secs]
   [Parallel Time: 6.6 ms, GC Workers: 10]
      [GC Worker Start (ms): Min: 533.8, Avg: 533.9, Max: 533.9, Diff: 0.1]
      [Ext Root Scanning (ms): Min: 0.0, Avg: 0.1, Max: 0.2, Diff: 0.1, Sum: 0.7]
      [Update RS (ms): Min: 0.1, Avg: 0.1, Max: 0.2, Diff: 0.0, Sum: 1.4]
         [Processed Buffers: Min: 2, Avg: 2.7, Max: 4, Diff: 2, Sum: 27]
      [Scan RS (ms): Min: 0.0, Avg: 0.0, Max: 0.0, Diff: 0.0, Sum: 0.1]
      [Code Root Scanning (ms): Min: 0.0, Avg: 0.0, Max: 0.0, Diff: 0.0, Sum: 0.0]
      [Object Copy (ms): Min: 5.8, Avg: 5.9, Max: 6.0, Diff: 0.1, Sum: 58.9]
      [Termination (ms): Min: 0.0, Avg: 0.1, Max: 0.1, Diff: 0.1, Sum: 0.7]
         [Termination Attempts: Min: 1, Avg: 1.0, Max: 1, Diff: 0, Sum: 10]
      [GC Worker Other (ms): Min: 0.0, Avg: 0.0, Max: 0.0, Diff: 0.0, Sum: 0.1]
      [GC Worker Total (ms): Min: 6.2, Avg: 6.2, Max: 6.3, Diff: 0.1, Sum: 62.0]
      [GC Worker End (ms): Min: 540.1, Avg: 540.1, Max: 540.1, Diff: 0.0]
   [Code Root Fixup: 0.0 ms]
   [Code Root Purge: 0.0 ms]
   [Clear CT: 0.7 ms]
   [Other: 1.0 ms]
      [Choose CSet: 0.0 ms]
      [Ref Proc: 0.5 ms]
      [Ref Enq: 0.0 ms]
      [Redirty Cards: 0.4 ms]
      [Humongous Register: 0.1 ms]
      [Humongous Reclaim: 0.0 ms]
      [Free CSet: 0.0 ms]
   [Eden: 15.0M(15.0M)->0.0B(67.0M) Survivors: 10.0M->4096.0K Heap: 353.9M(512.0M)->321.5M(512.0M)]
 [Times: user=0.00 sys=0.00, real=0.01 secs] 
2021-03-30T00:56:15.245+0800: 0.542: [GC pause (G1 Humongous Allocation) (young) (initial-mark), 0.0022829 secs]
   [Parallel Time: 0.8 ms, GC Workers: 10]
      [GC Worker Start (ms): Min: 542.3, Avg: 542.4, Max: 542.5, Diff: 0.1]
      [Ext Root Scanning (ms): Min: 0.0, Avg: 0.1, Max: 0.1, Diff: 0.1, Sum: 0.6]
      [Update RS (ms): Min: 0.0, Avg: 0.0, Max: 0.1, Diff: 0.1, Sum: 0.5]
         [Processed Buffers: Min: 1, Avg: 1.1, Max: 2, Diff: 1, Sum: 11]
      [Scan RS (ms): Min: 0.0, Avg: 0.0, Max: 0.0, Diff: 0.0, Sum: 0.0]
      [Code Root Scanning (ms): Min: 0.0, Avg: 0.0, Max: 0.0, Diff: 0.0, Sum: 0.0]
      [Object Copy (ms): Min: 0.3, Avg: 0.5, Max: 0.6, Diff: 0.2, Sum: 4.7]
      [Termination (ms): Min: 0.0, Avg: 0.1, Max: 0.2, Diff: 0.2, Sum: 0.9]
         [Termination Attempts: Min: 1, Avg: 1.0, Max: 1, Diff: 0, Sum: 10]
      [GC Worker Other (ms): Min: 0.0, Avg: 0.0, Max: 0.0, Diff: 0.0, Sum: 0.1]
      [GC Worker Total (ms): Min: 0.6, Avg: 0.7, Max: 0.8, Diff: 0.1, Sum: 6.8]
      [GC Worker End (ms): Min: 543.1, Avg: 543.1, Max: 543.1, Diff: 0.0]
   [Code Root Fixup: 0.0 ms]
   [Code Root Purge: 0.0 ms]
   [Clear CT: 0.4 ms]
   [Other: 1.0 ms]
      [Choose CSet: 0.0 ms]
      [Ref Proc: 0.5 ms]
      [Ref Enq: 0.0 ms]
      [Redirty Cards: 0.4 ms]
      [Humongous Register: 0.0 ms]
      [Humongous Reclaim: 0.0 ms]
      [Free CSet: 0.0 ms]
   [Eden: 1024.0K(67.0M)->0.0B(70.0M) Survivors: 4096.0K->4096.0K Heap: 321.6M(512.0M)->321.1M(512.0M)]
 [Times: user=0.00 sys=0.02, real=0.00 secs] 
2021-03-30T00:56:15.247+0800: 0.545: [GC concurrent-root-region-scan-start]
2021-03-30T00:56:15.247+0800: 0.545: [GC concurrent-root-region-scan-end, 0.0001279 secs]
2021-03-30T00:56:15.247+0800: 0.545: [GC concurrent-mark-start]
2021-03-30T00:56:15.249+0800: 0.546: [GC concurrent-mark-end, 0.0015852 secs]
2021-03-30T00:56:15.249+0800: 0.546: [GC remark 2021-03-30T00:56:15.249+0800: 0.546: [Finalize Marking, 0.0003351 secs] 2021-03-30T00:56:15.249+0800: 0.547: [GC ref-proc, 0.0002603 secs] 2021-03-30T00:56:15.250+0800: 0.547: [Unloading, 0.0006409 secs], 0.0017577 secs]
 [Times: user=0.00 sys=0.00, real=0.00 secs] 
2021-03-30T00:56:15.251+0800: 0.548: [GC cleanup 333M->333M(512M), 0.0012979 secs]
 [Times: user=0.00 sys=0.00, real=0.00 secs] 
2021-03-30T00:56:15.263+0800: 0.560: [GC pause (G1 Evacuation Pause) (young), 0.0072029 secs]
   [Parallel Time: 5.2 ms, GC Workers: 10]
      [GC Worker Start (ms): Min: 560.4, Avg: 560.6, Max: 560.6, Diff: 0.2]
      [Ext Root Scanning (ms): Min: 0.0, Avg: 0.1, Max: 0.2, Diff: 0.2, Sum: 0.6]
      [Update RS (ms): Min: 0.3, Avg: 0.3, Max: 0.3, Diff: 0.0, Sum: 2.8]
         [Processed Buffers: Min: 1, Avg: 4.5, Max: 6, Diff: 5, Sum: 45]
      [Scan RS (ms): Min: 0.0, Avg: 0.0, Max: 0.0, Diff: 0.0, Sum: 0.0]
      [Code Root Scanning (ms): Min: 0.0, Avg: 0.0, Max: 0.0, Diff: 0.0, Sum: 0.0]
      [Object Copy (ms): Min: 4.6, Avg: 4.6, Max: 4.7, Diff: 0.1, Sum: 46.4]
      [Termination (ms): Min: 0.0, Avg: 0.1, Max: 0.1, Diff: 0.1, Sum: 0.5]
         [Termination Attempts: Min: 1, Avg: 1.0, Max: 1, Diff: 0, Sum: 10]
      [GC Worker Other (ms): Min: 0.0, Avg: 0.0, Max: 0.0, Diff: 0.0, Sum: 0.1]
      [GC Worker Total (ms): Min: 5.0, Avg: 5.0, Max: 5.2, Diff: 0.2, Sum: 50.4]
      [GC Worker End (ms): Min: 565.6, Avg: 565.6, Max: 565.6, Diff: 0.0]
   [Code Root Fixup: 0.0 ms]
   [Code Root Purge: 0.0 ms]
   [Clear CT: 0.9 ms]
   [Other: 1.1 ms]
      [Choose CSet: 0.0 ms]
      [Ref Proc: 0.2 ms]
      [Ref Enq: 0.0 ms]
      [Redirty Cards: 0.7 ms]
      [Humongous Register: 0.1 ms]
      [Humongous Reclaim: 0.0 ms]
      [Free CSet: 0.0 ms]
   [Eden: 70.0M(70.0M)->0.0B(15.0M) Survivors: 4096.0K->10.0M Heap: 407.1M(512.0M)->345.6M(512.0M)]
 [Times: user=0.00 sys=0.00, real=0.01 secs] 
2021-03-30T00:56:15.272+0800: 0.570: [GC pause (G1 Evacuation Pause) (mixed), 0.0081499 secs]
   [Parallel Time: 6.3 ms, GC Workers: 10]
      [GC Worker Start (ms): Min: 570.0, Avg: 570.1, Max: 570.1, Diff: 0.2]
      [Ext Root Scanning (ms): Min: 0.0, Avg: 0.1, Max: 0.2, Diff: 0.1, Sum: 0.7]
      [Update RS (ms): Min: 0.1, Avg: 0.1, Max: 0.1, Diff: 0.0, Sum: 1.1]
         [Processed Buffers: Min: 2, Avg: 2.4, Max: 4, Diff: 2, Sum: 24]
      [Scan RS (ms): Min: 0.0, Avg: 0.0, Max: 0.1, Diff: 0.1, Sum: 0.3]
      [Code Root Scanning (ms): Min: 0.0, Avg: 0.0, Max: 0.0, Diff: 0.0, Sum: 0.0]
      [Object Copy (ms): Min: 5.8, Avg: 5.9, Max: 6.0, Diff: 0.2, Sum: 58.9]
      [Termination (ms): Min: 0.0, Avg: 0.1, Max: 0.2, Diff: 0.2, Sum: 0.7]
         [Termination Attempts: Min: 1, Avg: 1.2, Max: 3, Diff: 2, Sum: 12]
      [GC Worker Other (ms): Min: 0.0, Avg: 0.0, Max: 0.0, Diff: 0.0, Sum: 0.1]
      [GC Worker Total (ms): Min: 6.1, Avg: 6.2, Max: 6.3, Diff: 0.2, Sum: 61.8]
      [GC Worker End (ms): Min: 576.2, Avg: 576.2, Max: 576.2, Diff: 0.0]
   [Code Root Fixup: 0.0 ms]
   [Code Root Purge: 0.0 ms]
   [Clear CT: 0.6 ms]
   [Other: 1.3 ms]
      [Choose CSet: 0.0 ms]
      [Ref Proc: 0.6 ms]
      [Ref Enq: 0.0 ms]
      [Redirty Cards: 0.5 ms]
      [Humongous Register: 0.1 ms]
      [Humongous Reclaim: 0.0 ms]
      [Free CSet: 0.1 ms]
   [Eden: 15.0M(15.0M)->0.0B(65.0M) Survivors: 10.0M->4096.0K Heap: 362.2M(512.0M)->326.1M(512.0M)]
 [Times: user=0.16 sys=0.00, real=0.01 secs] 
2021-03-30T00:56:15.281+0800: 0.578: [GC pause (G1 Humongous Allocation) (young) (initial-mark), 0.0023231 secs]
   [Parallel Time: 1.2 ms, GC Workers: 10]
      [GC Worker Start (ms): Min: 578.4, Avg: 578.5, Max: 578.5, Diff: 0.1]
      [Ext Root Scanning (ms): Min: 0.0, Avg: 0.1, Max: 0.1, Diff: 0.1, Sum: 0.8]
      [Update RS (ms): Min: 0.0, Avg: 0.1, Max: 0.3, Diff: 0.3, Sum: 1.1]
         [Processed Buffers: Min: 1, Avg: 1.1, Max: 2, Diff: 1, Sum: 11]
      [Scan RS (ms): Min: 0.0, Avg: 0.0, Max: 0.0, Diff: 0.0, Sum: 0.0]
      [Code Root Scanning (ms): Min: 0.0, Avg: 0.0, Max: 0.0, Diff: 0.0, Sum: 0.0]
      [Object Copy (ms): Min: 0.3, Avg: 0.6, Max: 0.7, Diff: 0.4, Sum: 5.7]
      [Termination (ms): Min: 0.0, Avg: 0.0, Max: 0.1, Diff: 0.1, Sum: 0.4]
         [Termination Attempts: Min: 1, Avg: 1.1, Max: 2, Diff: 1, Sum: 11]
      [GC Worker Other (ms): Min: 0.0, Avg: 0.0, Max: 0.0, Diff: 0.0, Sum: 0.1]
      [GC Worker Total (ms): Min: 0.8, Avg: 0.8, Max: 0.9, Diff: 0.1, Sum: 8.1]
      [GC Worker End (ms): Min: 579.3, Avg: 579.3, Max: 579.3, Diff: 0.0]
   [Code Root Fixup: 0.0 ms]
   [Code Root Purge: 0.0 ms]
   [Clear CT: 0.4 ms]
   [Other: 0.7 ms]
      [Choose CSet: 0.0 ms]
      [Ref Proc: 0.3 ms]
      [Ref Enq: 0.0 ms]
      [Redirty Cards: 0.3 ms]
      [Humongous Register: 0.0 ms]
      [Humongous Reclaim: 0.0 ms]
      [Free CSet: 0.0 ms]
   [Eden: 1024.0K(65.0M)->0.0B(62.0M) Survivors: 4096.0K->5120.0K Heap: 327.0M(512.0M)->326.9M(512.0M)]
 [Times: user=0.00 sys=0.00, real=0.00 secs] 
2021-03-30T00:56:15.283+0800: 0.581: [GC concurrent-root-region-scan-start]
2021-03-30T00:56:15.283+0800: 0.581: [GC concurrent-root-region-scan-end, 0.0001113 secs]
2021-03-30T00:56:15.283+0800: 0.581: [GC concurrent-mark-start]
2021-03-30T00:56:15.285+0800: 0.582: [GC concurrent-mark-end, 0.0015212 secs]
2021-03-30T00:56:15.285+0800: 0.582: [GC remark 2021-03-30T00:56:15.285+0800: 0.583: [Finalize Marking, 0.0003332 secs] 2021-03-30T00:56:15.285+0800: 0.583: [GC ref-proc, 0.0002637 secs] 2021-03-30T00:56:15.286+0800: 0.583: [Unloading, 0.0006349 secs], 0.0017795 secs]
 [Times: user=0.00 sys=0.00, real=0.00 secs] 
2021-03-30T00:56:15.287+0800: 0.584: [GC cleanup 339M->339M(512M), 0.0010069 secs]
 [Times: user=0.00 sys=0.00, real=0.00 secs] 
2021-03-30T00:56:15.298+0800: 0.595: [GC pause (G1 Evacuation Pause) (young), 0.0062743 secs]
   [Parallel Time: 4.4 ms, GC Workers: 10]
      [GC Worker Start (ms): Min: 595.6, Avg: 595.7, Max: 595.8, Diff: 0.2]
      [Ext Root Scanning (ms): Min: 0.0, Avg: 0.1, Max: 0.2, Diff: 0.2, Sum: 0.6]
      [Update RS (ms): Min: 0.3, Avg: 0.3, Max: 0.3, Diff: 0.0, Sum: 3.1]
         [Processed Buffers: Min: 2, Avg: 4.9, Max: 6, Diff: 4, Sum: 49]
      [Scan RS (ms): Min: 0.0, Avg: 0.0, Max: 0.0, Diff: 0.0, Sum: 0.0]
      [Code Root Scanning (ms): Min: 0.0, Avg: 0.0, Max: 0.0, Diff: 0.0, Sum: 0.0]
      [Object Copy (ms): Min: 3.4, Avg: 3.5, Max: 3.5, Diff: 0.1, Sum: 35.0]
      [Termination (ms): Min: 0.0, Avg: 0.1, Max: 0.1, Diff: 0.1, Sum: 0.5]
         [Termination Attempts: Min: 1, Avg: 1.0, Max: 1, Diff: 0, Sum: 10]
      [GC Worker Other (ms): Min: 0.0, Avg: 0.0, Max: 0.0, Diff: 0.0, Sum: 0.1]
      [GC Worker Total (ms): Min: 3.9, Avg: 3.9, Max: 4.0, Diff: 0.2, Sum: 39.4]
      [GC Worker End (ms): Min: 599.6, Avg: 599.6, Max: 599.6, Diff: 0.0]
   [Code Root Fixup: 0.0 ms]
   [Code Root Purge: 0.0 ms]
   [Clear CT: 0.5 ms]
   [Other: 1.3 ms]
      [Choose CSet: 0.0 ms]
      [Ref Proc: 0.5 ms]
      [Ref Enq: 0.0 ms]
      [Redirty Cards: 0.6 ms]
      [Humongous Register: 0.1 ms]
      [Humongous Reclaim: 0.0 ms]
      [Free CSet: 0.0 ms]
   [Eden: 62.0M(62.0M)->0.0B(16.0M) Survivors: 5120.0K->9216.0K Heap: 405.0M(512.0M)->350.5M(512.0M)]
 [Times: user=0.00 sys=0.00, real=0.01 secs] 
2021-03-30T00:56:15.307+0800: 0.604: [GC pause (G1 Evacuation Pause) (mixed), 0.0095315 secs]
   [Parallel Time: 7.7 ms, GC Workers: 10]
      [GC Worker Start (ms): Min: 604.6, Avg: 604.7, Max: 604.8, Diff: 0.2]
      [Ext Root Scanning (ms): Min: 0.0, Avg: 0.0, Max: 0.2, Diff: 0.2, Sum: 0.5]
      [Update RS (ms): Min: 0.2, Avg: 0.3, Max: 0.3, Diff: 0.1, Sum: 2.7]
         [Processed Buffers: Min: 3, Avg: 4.6, Max: 6, Diff: 3, Sum: 46]
      [Scan RS (ms): Min: 0.0, Avg: 0.0, Max: 0.0, Diff: 0.0, Sum: 0.2]
      [Code Root Scanning (ms): Min: 0.0, Avg: 0.0, Max: 0.0, Diff: 0.0, Sum: 0.0]
      [Object Copy (ms): Min: 7.1, Avg: 7.2, Max: 7.3, Diff: 0.2, Sum: 71.8]
      [Termination (ms): Min: 0.0, Avg: 0.1, Max: 0.1, Diff: 0.1, Sum: 0.7]
         [Termination Attempts: Min: 1, Avg: 1.0, Max: 1, Diff: 0, Sum: 10]
      [GC Worker Other (ms): Min: 0.0, Avg: 0.0, Max: 0.0, Diff: 0.0, Sum: 0.1]
      [GC Worker Total (ms): Min: 7.5, Avg: 7.6, Max: 7.7, Diff: 0.2, Sum: 76.0]
      [GC Worker End (ms): Min: 612.3, Avg: 612.3, Max: 612.3, Diff: 0.0]
   [Code Root Fixup: 0.0 ms]
   [Code Root Purge: 0.0 ms]
   [Clear CT: 0.9 ms]
   [Other: 0.9 ms]
      [Choose CSet: 0.0 ms]
      [Ref Proc: 0.2 ms]
      [Ref Enq: 0.0 ms]
      [Redirty Cards: 0.5 ms]
      [Humongous Register: 0.1 ms]
      [Humongous Reclaim: 0.0 ms]
      [Free CSet: 0.1 ms]
   [Eden: 16.0M(16.0M)->0.0B(54.0M) Survivors: 9216.0K->4096.0K Heap: 371.2M(512.0M)->335.0M(512.0M)]
 [Times: user=0.16 sys=0.00, real=0.01 secs] 
2021-03-30T00:56:15.317+0800: 0.614: [GC pause (G1 Humongous Allocation) (young) (initial-mark), 0.0024129 secs]
   [Parallel Time: 0.9 ms, GC Workers: 10]
      [GC Worker Start (ms): Min: 614.4, Avg: 614.5, Max: 614.6, Diff: 0.2]
      [Ext Root Scanning (ms): Min: 0.0, Avg: 0.2, Max: 0.3, Diff: 0.3, Sum: 1.7]
      [Update RS (ms): Min: 0.0, Avg: 0.0, Max: 0.1, Diff: 0.1, Sum: 0.2]
         [Processed Buffers: Min: 0, Avg: 1.1, Max: 4, Diff: 4, Sum: 11]
      [Scan RS (ms): Min: 0.0, Avg: 0.0, Max: 0.0, Diff: 0.0, Sum: 0.0]
      [Code Root Scanning (ms): Min: 0.0, Avg: 0.0, Max: 0.0, Diff: 0.0, Sum: 0.0]
      [Object Copy (ms): Min: 0.5, Avg: 0.5, Max: 0.6, Diff: 0.1, Sum: 5.3]
      [Termination (ms): Min: 0.0, Avg: 0.0, Max: 0.1, Diff: 0.1, Sum: 0.4]
         [Termination Attempts: Min: 1, Avg: 1.0, Max: 1, Diff: 0, Sum: 10]
      [GC Worker Other (ms): Min: 0.0, Avg: 0.0, Max: 0.0, Diff: 0.0, Sum: 0.1]
      [GC Worker Total (ms): Min: 0.7, Avg: 0.8, Max: 0.9, Diff: 0.2, Sum: 7.7]
      [GC Worker End (ms): Min: 615.3, Avg: 615.3, Max: 615.3, Diff: 0.0]
   [Code Root Fixup: 0.0 ms]
   [Code Root Purge: 0.0 ms]
   [Clear CT: 0.5 ms]
   [Other: 1.0 ms]
      [Choose CSet: 0.0 ms]
      [Ref Proc: 0.4 ms]
      [Ref Enq: 0.0 ms]
      [Redirty Cards: 0.5 ms]
      [Humongous Register: 0.1 ms]
      [Humongous Reclaim: 0.0 ms]
      [Free CSet: 0.0 ms]
   [Eden: 1024.0K(54.0M)->0.0B(57.0M) Survivors: 4096.0K->4096.0K Heap: 335.8M(512.0M)->334.9M(512.0M)]
 [Times: user=0.00 sys=0.00, real=0.00 secs] 
2021-03-30T00:56:15.319+0800: 0.617: [GC concurrent-root-region-scan-start]
2021-03-30T00:56:15.320+0800: 0.617: [GC concurrent-root-region-scan-end, 0.0001448 secs]
2021-03-30T00:56:15.320+0800: 0.617: [GC concurrent-mark-start]
2021-03-30T00:56:15.321+0800: 0.619: [GC concurrent-mark-end, 0.0017247 secs]
2021-03-30T00:56:15.321+0800: 0.619: [GC remark 2021-03-30T00:56:15.321+0800: 0.619: [Finalize Marking, 0.0003837 secs] 2021-03-30T00:56:15.322+0800: 0.619: [GC ref-proc, 0.0002571 secs] 2021-03-30T00:56:15.322+0800: 0.619: [Unloading, 0.0004538 secs], 0.0017445 secs]
 [Times: user=0.00 sys=0.00, real=0.00 secs] 
2021-03-30T00:56:15.323+0800: 0.621: [GC cleanup 350M->349M(512M), 0.0014379 secs]
 [Times: user=0.00 sys=0.00, real=0.00 secs] 
2021-03-30T00:56:15.325+0800: 0.622: [GC concurrent-cleanup-start]
2021-03-30T00:56:15.325+0800: 0.622: [GC concurrent-cleanup-end, 0.0000067 secs]
2021-03-30T00:56:15.334+0800: 0.631: [GC pause (G1 Evacuation Pause) (young), 0.0062310 secs]
   [Parallel Time: 4.3 ms, GC Workers: 10]
      [GC Worker Start (ms): Min: 631.3, Avg: 631.4, Max: 631.5, Diff: 0.2]
      [Ext Root Scanning (ms): Min: 0.0, Avg: 0.1, Max: 0.2, Diff: 0.2, Sum: 0.5]
      [Update RS (ms): Min: 0.4, Avg: 0.4, Max: 0.4, Diff: 0.0, Sum: 3.8]
         [Processed Buffers: Min: 3, Avg: 5.9, Max: 7, Diff: 4, Sum: 59]
      [Scan RS (ms): Min: 0.0, Avg: 0.0, Max: 0.0, Diff: 0.0, Sum: 0.0]
      [Code Root Scanning (ms): Min: 0.0, Avg: 0.0, Max: 0.0, Diff: 0.0, Sum: 0.0]
      [Object Copy (ms): Min: 3.5, Avg: 3.6, Max: 3.7, Diff: 0.1, Sum: 36.0]
      [Termination (ms): Min: 0.0, Avg: 0.1, Max: 0.1, Diff: 0.1, Sum: 0.6]
         [Termination Attempts: Min: 1, Avg: 1.0, Max: 1, Diff: 0, Sum: 10]
      [GC Worker Other (ms): Min: 0.0, Avg: 0.0, Max: 0.0, Diff: 0.0, Sum: 0.1]
      [GC Worker Total (ms): Min: 4.0, Avg: 4.1, Max: 4.2, Diff: 0.2, Sum: 41.0]
      [GC Worker End (ms): Min: 635.5, Avg: 635.5, Max: 635.5, Diff: 0.0]
   [Code Root Fixup: 0.0 ms]
   [Code Root Purge: 0.0 ms]
   [Clear CT: 1.0 ms]
   [Other: 1.0 ms]
      [Choose CSet: 0.0 ms]
      [Ref Proc: 0.2 ms]
      [Ref Enq: 0.0 ms]
      [Redirty Cards: 0.6 ms]
      [Humongous Register: 0.1 ms]
      [Humongous Reclaim: 0.0 ms]
      [Free CSet: 0.0 ms]
   [Eden: 57.0M(57.0M)->0.0B(17.0M) Survivors: 4096.0K->8192.0K Heap: 405.3M(512.0M)->351.4M(512.0M)]
 [Times: user=0.00 sys=0.00, real=0.01 secs] 
2021-03-30T00:56:15.343+0800: 0.641: [GC pause (G1 Evacuation Pause) (mixed), 0.0084068 secs]
   [Parallel Time: 6.7 ms, GC Workers: 10]
      [GC Worker Start (ms): Min: 640.7, Avg: 640.8, Max: 640.9, Diff: 0.1]
      [Ext Root Scanning (ms): Min: 0.0, Avg: 0.1, Max: 0.2, Diff: 0.1, Sum: 0.9]
      [Update RS (ms): Min: 0.2, Avg: 0.3, Max: 0.3, Diff: 0.1, Sum: 2.7]
         [Processed Buffers: Min: 4, Avg: 4.4, Max: 5, Diff: 1, Sum: 44]
      [Scan RS (ms): Min: 0.0, Avg: 0.0, Max: 0.1, Diff: 0.1, Sum: 0.2]
      [Code Root Scanning (ms): Min: 0.0, Avg: 0.0, Max: 0.0, Diff: 0.0, Sum: 0.0]
      [Object Copy (ms): Min: 6.1, Avg: 6.1, Max: 6.2, Diff: 0.1, Sum: 61.3]
      [Termination (ms): Min: 0.0, Avg: 0.0, Max: 0.0, Diff: 0.0, Sum: 0.2]
         [Termination Attempts: Min: 1, Avg: 1.0, Max: 1, Diff: 0, Sum: 10]
      [GC Worker Other (ms): Min: 0.0, Avg: 0.0, Max: 0.0, Diff: 0.0, Sum: 0.1]
      [GC Worker Total (ms): Min: 6.5, Avg: 6.5, Max: 6.6, Diff: 0.1, Sum: 65.5]
      [GC Worker End (ms): Min: 647.3, Avg: 647.3, Max: 647.4, Diff: 0.0]
   [Code Root Fixup: 0.0 ms]
   [Code Root Purge: 0.0 ms]
   [Clear CT: 0.6 ms]
   [Other: 1.2 ms]
      [Choose CSet: 0.0 ms]
      [Ref Proc: 0.4 ms]
      [Ref Enq: 0.0 ms]
      [Redirty Cards: 0.6 ms]
      [Humongous Register: 0.1 ms]
      [Humongous Reclaim: 0.0 ms]
      [Free CSet: 0.0 ms]
   [Eden: 17.0M(17.0M)->0.0B(55.0M) Survivors: 8192.0K->4096.0K Heap: 372.6M(512.0M)->336.7M(512.0M)]
 [Times: user=0.00 sys=0.00, real=0.01 secs] 
2021-03-30T00:56:15.352+0800: 0.649: [GC pause (G1 Humongous Allocation) (young) (initial-mark), 0.0028742 secs]
   [Parallel Time: 1.1 ms, GC Workers: 10]
      [GC Worker Start (ms): Min: 649.6, Avg: 649.7, Max: 649.7, Diff: 0.2]
      [Ext Root Scanning (ms): Min: 0.0, Avg: 0.1, Max: 0.2, Diff: 0.2, Sum: 1.3]
      [Update RS (ms): Min: 0.0, Avg: 0.0, Max: 0.1, Diff: 0.1, Sum: 0.4]
         [Processed Buffers: Min: 0, Avg: 1.1, Max: 5, Diff: 5, Sum: 11]
      [Scan RS (ms): Min: 0.0, Avg: 0.0, Max: 0.0, Diff: 0.0, Sum: 0.0]
      [Code Root Scanning (ms): Min: 0.0, Avg: 0.0, Max: 0.0, Diff: 0.0, Sum: 0.0]
      [Object Copy (ms): Min: 0.6, Avg: 0.7, Max: 0.7, Diff: 0.1, Sum: 6.6]
      [Termination (ms): Min: 0.0, Avg: 0.1, Max: 0.1, Diff: 0.1, Sum: 0.5]
         [Termination Attempts: Min: 1, Avg: 1.0, Max: 1, Diff: 0, Sum: 10]
      [GC Worker Other (ms): Min: 0.0, Avg: 0.0, Max: 0.0, Diff: 0.0, Sum: 0.0]
      [GC Worker Total (ms): Min: 0.8, Avg: 0.9, Max: 1.0, Diff: 0.2, Sum: 9.0]
      [GC Worker End (ms): Min: 650.6, Avg: 650.6, Max: 650.6, Diff: 0.0]
   [Code Root Fixup: 0.0 ms]
   [Code Root Purge: 0.0 ms]
   [Clear CT: 0.6 ms]
   [Other: 1.2 ms]
      [Choose CSet: 0.0 ms]
      [Ref Proc: 0.7 ms]
      [Ref Enq: 0.0 ms]
      [Redirty Cards: 0.4 ms]
      [Humongous Register: 0.1 ms]
      [Humongous Reclaim: 0.0 ms]
      [Free CSet: 0.0 ms]
   [Eden: 2048.0K(55.0M)->0.0B(54.0M) Survivors: 4096.0K->5120.0K Heap: 338.3M(512.0M)->337.0M(512.0M)]
 [Times: user=0.00 sys=0.00, real=0.00 secs] 
2021-03-30T00:56:15.355+0800: 0.652: [GC concurrent-root-region-scan-start]
2021-03-30T00:56:15.355+0800: 0.653: [GC concurrent-root-region-scan-end, 0.0002019 secs]
2021-03-30T00:56:15.355+0800: 0.653: [GC concurrent-mark-start]
2021-03-30T00:56:15.357+0800: 0.654: [GC concurrent-mark-end, 0.0016367 secs]
2021-03-30T00:56:15.357+0800: 0.654: [GC remark 2021-03-30T00:56:15.357+0800: 0.654: [Finalize Marking, 0.0004680 secs] 2021-03-30T00:56:15.358+0800: 0.655: [GC ref-proc, 0.0002554 secs] 2021-03-30T00:56:15.358+0800: 0.655: [Unloading, 0.0006223 secs], 0.0020654 secs]
 [Times: user=0.00 sys=0.00, real=0.00 secs] 
2021-03-30T00:56:15.359+0800: 0.657: [GC cleanup 351M->351M(512M), 0.0012528 secs]
 [Times: user=0.00 sys=0.00, real=0.00 secs] 
2021-03-30T00:56:15.368+0800: 0.666: [GC pause (G1 Evacuation Pause) (young), 0.0069947 secs]
   [Parallel Time: 5.2 ms, GC Workers: 10]
      [GC Worker Start (ms): Min: 665.8, Avg: 665.9, Max: 666.0, Diff: 0.2]
      [Ext Root Scanning (ms): Min: 0.0, Avg: 0.1, Max: 0.2, Diff: 0.2, Sum: 0.6]
      [Update RS (ms): Min: 0.3, Avg: 0.4, Max: 0.4, Diff: 0.1, Sum: 3.8]
         [Processed Buffers: Min: 2, Avg: 5.9, Max: 8, Diff: 6, Sum: 59]
      [Scan RS (ms): Min: 0.0, Avg: 0.0, Max: 0.0, Diff: 0.0, Sum: 0.0]
      [Code Root Scanning (ms): Min: 0.0, Avg: 0.0, Max: 0.0, Diff: 0.0, Sum: 0.0]
      [Object Copy (ms): Min: 4.0, Avg: 4.1, Max: 4.2, Diff: 0.2, Sum: 41.0]
      [Termination (ms): Min: 0.0, Avg: 0.1, Max: 0.2, Diff: 0.2, Sum: 0.8]
         [Termination Attempts: Min: 1, Avg: 1.0, Max: 1, Diff: 0, Sum: 10]
      [GC Worker Other (ms): Min: 0.0, Avg: 0.0, Max: 0.0, Diff: 0.0, Sum: 0.1]
      [GC Worker Total (ms): Min: 4.6, Avg: 4.6, Max: 4.8, Diff: 0.2, Sum: 46.4]
      [GC Worker End (ms): Min: 670.5, Avg: 670.5, Max: 670.5, Diff: 0.0]
   [Code Root Fixup: 0.0 ms]
   [Code Root Purge: 0.0 ms]
   [Clear CT: 0.9 ms]
   [Other: 0.9 ms]
      [Choose CSet: 0.0 ms]
      [Ref Proc: 0.3 ms]
      [Ref Enq: 0.0 ms]
      [Redirty Cards: 0.5 ms]
      [Humongous Register: 0.1 ms]
      [Humongous Reclaim: 0.0 ms]
      [Free CSet: 0.0 ms]
   [Eden: 54.0M(54.0M)->0.0B(17.0M) Survivors: 5120.0K->8192.0K Heap: 404.6M(512.0M)->350.3M(512.0M)]
 [Times: user=0.16 sys=0.00, real=0.01 secs] 
2021-03-30T00:56:15.378+0800: 0.676: [GC pause (G1 Evacuation Pause) (mixed), 0.0091473 secs]
   [Parallel Time: 7.2 ms, GC Workers: 10]
      [GC Worker Start (ms): Min: 675.8, Avg: 675.9, Max: 676.0, Diff: 0.2]
      [Ext Root Scanning (ms): Min: 0.0, Avg: 0.1, Max: 0.2, Diff: 0.2, Sum: 0.7]
      [Update RS (ms): Min: 0.3, Avg: 0.3, Max: 0.3, Diff: 0.0, Sum: 3.1]
         [Processed Buffers: Min: 5, Avg: 5.5, Max: 7, Diff: 2, Sum: 55]
      [Scan RS (ms): Min: 0.0, Avg: 0.0, Max: 0.1, Diff: 0.1, Sum: 0.2]
      [Code Root Scanning (ms): Min: 0.0, Avg: 0.0, Max: 0.0, Diff: 0.0, Sum: 0.0]
      [Object Copy (ms): Min: 6.2, Avg: 6.3, Max: 6.3, Diff: 0.2, Sum: 62.6]
      [Termination (ms): Min: 0.0, Avg: 0.1, Max: 0.2, Diff: 0.2, Sum: 0.8]
         [Termination Attempts: Min: 1, Avg: 1.0, Max: 1, Diff: 0, Sum: 10]
      [GC Worker Other (ms): Min: 0.0, Avg: 0.0, Max: 0.0, Diff: 0.0, Sum: 0.1]
      [GC Worker Total (ms): Min: 6.7, Avg: 6.7, Max: 6.8, Diff: 0.2, Sum: 67.5]
      [GC Worker End (ms): Min: 682.6, Avg: 682.7, Max: 682.7, Diff: 0.0]
   [Code Root Fixup: 0.0 ms]
   [Code Root Purge: 0.0 ms]
   [Clear CT: 0.9 ms]
   [Other: 1.0 ms]
      [Choose CSet: 0.0 ms]
      [Ref Proc: 0.2 ms]
      [Ref Enq: 0.0 ms]
      [Redirty Cards: 0.6 ms]
      [Humongous Register: 0.1 ms]
      [Humongous Reclaim: 0.0 ms]
      [Free CSet: 0.1 ms]
   [Eden: 17.0M(17.0M)->0.0B(56.0M) Survivors: 8192.0K->4096.0K Heap: 372.7M(512.0M)->336.4M(512.0M)]
 [Times: user=0.00 sys=0.00, real=0.01 secs] 
2021-03-30T00:56:15.388+0800: 0.686: [GC pause (G1 Humongous Allocation) (young) (initial-mark), 0.0028368 secs]
   [Parallel Time: 1.3 ms, GC Workers: 10]
      [GC Worker Start (ms): Min: 685.7, Avg: 685.8, Max: 685.9, Diff: 0.2]
      [Ext Root Scanning (ms): Min: 0.0, Avg: 0.1, Max: 0.2, Diff: 0.2, Sum: 0.7]
      [Update RS (ms): Min: 0.0, Avg: 0.1, Max: 0.4, Diff: 0.4, Sum: 1.0]
         [Processed Buffers: Min: 1, Avg: 1.1, Max: 2, Diff: 1, Sum: 11]
      [Scan RS (ms): Min: 0.0, Avg: 0.0, Max: 0.0, Diff: 0.0, Sum: 0.0]
      [Code Root Scanning (ms): Min: 0.0, Avg: 0.0, Max: 0.0, Diff: 0.0, Sum: 0.0]
      [Object Copy (ms): Min: 0.4, Avg: 0.7, Max: 0.8, Diff: 0.4, Sum: 7.2]
      [Termination (ms): Min: 0.0, Avg: 0.1, Max: 0.2, Diff: 0.2, Sum: 0.7]
         [Termination Attempts: Min: 1, Avg: 1.0, Max: 1, Diff: 0, Sum: 10]
      [GC Worker Other (ms): Min: 0.0, Avg: 0.0, Max: 0.0, Diff: 0.0, Sum: 0.1]
      [GC Worker Total (ms): Min: 0.9, Avg: 1.0, Max: 1.1, Diff: 0.2, Sum: 9.6]
      [GC Worker End (ms): Min: 686.8, Avg: 686.8, Max: 686.8, Diff: 0.0]
   [Code Root Fixup: 0.0 ms]
   [Code Root Purge: 0.0 ms]
   [Clear CT: 0.8 ms]
   [Other: 0.7 ms]
      [Choose CSet: 0.0 ms]
      [Ref Proc: 0.2 ms]
      [Ref Enq: 0.0 ms]
      [Redirty Cards: 0.4 ms]
      [Humongous Register: 0.1 ms]
      [Humongous Reclaim: 0.0 ms]
      [Free CSet: 0.0 ms]
   [Eden: 5120.0K(56.0M)->0.0B(50.0M) Survivors: 4096.0K->5120.0K Heap: 340.7M(512.0M)->336.6M(512.0M)]
 [Times: user=0.00 sys=0.00, real=0.00 secs] 
2021-03-30T00:56:15.391+0800: 0.689: [GC concurrent-root-region-scan-start]
2021-03-30T00:56:15.392+0800: 0.689: [GC concurrent-root-region-scan-end, 0.0001972 secs]
2021-03-30T00:56:15.392+0800: 0.689: [GC concurrent-mark-start]
2021-03-30T00:56:15.393+0800: 0.690: [GC concurrent-mark-end, 0.0016428 secs]
2021-03-30T00:56:15.393+0800: 0.691: [GC remark 2021-03-30T00:56:15.393+0800: 0.691: [Finalize Marking, 0.0001991 secs] 2021-03-30T00:56:15.394+0800: 0.691: [GC ref-proc, 0.0002944 secs] 2021-03-30T00:56:15.394+0800: 0.691: [Unloading, 0.0006059 secs], 0.0018011 secs]
 [Times: user=0.00 sys=0.00, real=0.00 secs] 
2021-03-30T00:56:15.395+0800: 0.693: [GC cleanup 352M->352M(512M), 0.0010203 secs]
 [Times: user=0.00 sys=0.00, real=0.00 secs] 
2021-03-30T00:56:15.404+0800: 0.701: [GC pause (G1 Evacuation Pause) (young), 0.0064940 secs]
   [Parallel Time: 4.4 ms, GC Workers: 10]
      [GC Worker Start (ms): Min: 701.1, Avg: 701.3, Max: 701.3, Diff: 0.2]
      [Ext Root Scanning (ms): Min: 0.0, Avg: 0.1, Max: 0.2, Diff: 0.2, Sum: 0.6]
      [Update RS (ms): Min: 0.3, Avg: 0.4, Max: 0.4, Diff: 0.1, Sum: 3.6]
         [Processed Buffers: Min: 2, Avg: 5.7, Max: 7, Diff: 5, Sum: 57]
      [Scan RS (ms): Min: 0.0, Avg: 0.0, Max: 0.0, Diff: 0.0, Sum: 0.0]
      [Code Root Scanning (ms): Min: 0.0, Avg: 0.0, Max: 0.0, Diff: 0.0, Sum: 0.0]
      [Object Copy (ms): Min: 3.6, Avg: 3.7, Max: 3.8, Diff: 0.2, Sum: 37.3]
      [Termination (ms): Min: 0.0, Avg: 0.1, Max: 0.1, Diff: 0.1, Sum: 0.5]
         [Termination Attempts: Min: 1, Avg: 1.0, Max: 1, Diff: 0, Sum: 10]
      [GC Worker Other (ms): Min: 0.0, Avg: 0.0, Max: 0.0, Diff: 0.0, Sum: 0.1]
      [GC Worker Total (ms): Min: 4.1, Avg: 4.2, Max: 4.3, Diff: 0.2, Sum: 42.1]
      [GC Worker End (ms): Min: 705.5, Avg: 705.5, Max: 705.5, Diff: 0.0]
   [Code Root Fixup: 0.0 ms]
   [Code Root Purge: 0.0 ms]
   [Clear CT: 0.8 ms]
   [Other: 1.3 ms]
      [Choose CSet: 0.0 ms]
      [Ref Proc: 0.5 ms]
      [Ref Enq: 0.0 ms]
      [Redirty Cards: 0.6 ms]
      [Humongous Register: 0.1 ms]
      [Humongous Reclaim: 0.0 ms]
      [Free CSet: 0.0 ms]
   [Eden: 50.0M(50.0M)->0.0B(18.0M) Survivors: 5120.0K->7168.0K Heap: 403.0M(512.0M)->354.6M(512.0M)]
 [Times: user=0.00 sys=0.00, real=0.01 secs] 
2021-03-30T00:56:15.413+0800: 0.710: [GC pause (G1 Evacuation Pause) (mixed), 0.0083945 secs]
   [Parallel Time: 6.6 ms, GC Workers: 10]
      [GC Worker Start (ms): Min: 710.3, Avg: 710.4, Max: 710.5, Diff: 0.2]
      [Ext Root Scanning (ms): Min: 0.0, Avg: 0.1, Max: 0.2, Diff: 0.2, Sum: 0.6]
      [Update RS (ms): Min: 0.1, Avg: 0.2, Max: 0.2, Diff: 0.1, Sum: 1.7]
         [Processed Buffers: Min: 3, Avg: 3.2, Max: 4, Diff: 1, Sum: 32]
      [Scan RS (ms): Min: 0.0, Avg: 0.0, Max: 0.1, Diff: 0.1, Sum: 0.2]
      [Code Root Scanning (ms): Min: 0.0, Avg: 0.0, Max: 0.0, Diff: 0.0, Sum: 0.0]
      [Object Copy (ms): Min: 6.1, Avg: 6.2, Max: 6.2, Diff: 0.1, Sum: 61.6]
      [Termination (ms): Min: 0.0, Avg: 0.1, Max: 0.1, Diff: 0.1, Sum: 0.7]
         [Termination Attempts: Min: 1, Avg: 1.0, Max: 1, Diff: 0, Sum: 10]
      [GC Worker Other (ms): Min: 0.0, Avg: 0.0, Max: 0.0, Diff: 0.0, Sum: 0.1]
      [GC Worker Total (ms): Min: 6.4, Avg: 6.5, Max: 6.6, Diff: 0.2, Sum: 64.7]
      [GC Worker End (ms): Min: 716.9, Avg: 716.9, Max: 716.9, Diff: 0.0]
   [Code Root Fixup: 0.0 ms]
   [Code Root Purge: 0.0 ms]
   [Clear CT: 0.6 ms]
   [Other: 1.1 ms]
      [Choose CSet: 0.0 ms]
      [Ref Proc: 0.3 ms]
      [Ref Enq: 0.0 ms]
      [Redirty Cards: 0.6 ms]
      [Humongous Register: 0.1 ms]
      [Humongous Reclaim: 0.0 ms]
      [Free CSet: 0.0 ms]
   [Eden: 18.0M(18.0M)->0.0B(47.0M) Survivors: 7168.0K->4096.0K Heap: 375.2M(512.0M)->342.6M(512.0M)]
 [Times: user=0.16 sys=0.00, real=0.01 secs] 
2021-03-30T00:56:15.422+0800: 0.719: [GC pause (G1 Humongous Allocation) (young) (initial-mark), 0.0026434 secs]
   [Parallel Time: 1.3 ms, GC Workers: 10]
      [GC Worker Start (ms): Min: 719.3, Avg: 719.4, Max: 719.4, Diff: 0.2]
      [Ext Root Scanning (ms): Min: 0.0, Avg: 0.1, Max: 0.3, Diff: 0.3, Sum: 1.3]
      [Update RS (ms): Min: 0.0, Avg: 0.0, Max: 0.1, Diff: 0.1, Sum: 0.4]
         [Processed Buffers: Min: 0, Avg: 1.1, Max: 3, Diff: 3, Sum: 11]
      [Scan RS (ms): Min: 0.0, Avg: 0.0, Max: 0.0, Diff: 0.0, Sum: 0.0]
      [Code Root Scanning (ms): Min: 0.0, Avg: 0.0, Max: 0.0, Diff: 0.0, Sum: 0.0]
      [Object Copy (ms): Min: 0.5, Avg: 0.6, Max: 0.7, Diff: 0.2, Sum: 5.7]
      [Termination (ms): Min: 0.0, Avg: 0.1, Max: 0.2, Diff: 0.2, Sum: 0.9]
         [Termination Attempts: Min: 1, Avg: 1.1, Max: 2, Diff: 1, Sum: 11]
      [GC Worker Other (ms): Min: 0.0, Avg: 0.0, Max: 0.0, Diff: 0.0, Sum: 0.0]
      [GC Worker Total (ms): Min: 0.8, Avg: 0.8, Max: 0.9, Diff: 0.2, Sum: 8.4]
      [GC Worker End (ms): Min: 720.2, Avg: 720.2, Max: 720.2, Diff: 0.0]
   [Code Root Fixup: 0.0 ms]
   [Code Root Purge: 0.0 ms]
   [Clear CT: 0.6 ms]
   [Other: 0.7 ms]
      [Choose CSet: 0.0 ms]
      [Ref Proc: 0.2 ms]
      [Ref Enq: 0.0 ms]
      [Redirty Cards: 0.4 ms]
      [Humongous Register: 0.1 ms]
      [Humongous Reclaim: 0.0 ms]
      [Free CSet: 0.0 ms]
   [Eden: 3072.0K(47.0M)->0.0B(48.0M) Survivors: 4096.0K->5120.0K Heap: 344.8M(512.0M)->343.0M(512.0M)]
 [Times: user=0.00 sys=0.00, real=0.00 secs] 
2021-03-30T00:56:15.425+0800: 0.722: [GC concurrent-root-region-scan-start]
2021-03-30T00:56:15.425+0800: 0.722: [GC concurrent-root-region-scan-end, 0.0000966 secs]
2021-03-30T00:56:15.425+0800: 0.722: [GC concurrent-mark-start]
2021-03-30T00:56:15.427+0800: 0.724: [GC concurrent-mark-end, 0.0015884 secs]
2021-03-30T00:56:15.427+0800: 0.724: [GC remark 2021-03-30T00:56:15.427+0800: 0.724: [Finalize Marking, 0.0003183 secs] 2021-03-30T00:56:15.427+0800: 0.724: [GC ref-proc, 0.0002554 secs] 2021-03-30T00:56:15.427+0800: 0.724: [Unloading, 0.0004816 secs], 0.0017287 secs]
 [Times: user=0.00 sys=0.00, real=0.00 secs] 
2021-03-30T00:56:15.429+0800: 0.726: [GC cleanup 354M->354M(512M), 0.0011289 secs]
 [Times: user=0.00 sys=0.00, real=0.00 secs] 
2021-03-30T00:56:15.436+0800: 0.734: [GC pause (G1 Evacuation Pause) (young), 0.0064766 secs]
   [Parallel Time: 4.7 ms, GC Workers: 10]
      [GC Worker Start (ms): Min: 734.6, Avg: 734.7, Max: 734.8, Diff: 0.2]
      [Ext Root Scanning (ms): Min: 0.0, Avg: 0.1, Max: 0.2, Diff: 0.2, Sum: 0.7]
      [Update RS (ms): Min: 0.4, Avg: 0.4, Max: 0.5, Diff: 0.0, Sum: 4.3]
         [Processed Buffers: Min: 3, Avg: 6.6, Max: 9, Diff: 6, Sum: 66]
      [Scan RS (ms): Min: 0.0, Avg: 0.0, Max: 0.0, Diff: 0.0, Sum: 0.0]
      [Code Root Scanning (ms): Min: 0.0, Avg: 0.0, Max: 0.0, Diff: 0.0, Sum: 0.0]
      [Object Copy (ms): Min: 3.5, Avg: 3.6, Max: 3.7, Diff: 0.2, Sum: 36.3]
      [Termination (ms): Min: 0.0, Avg: 0.1, Max: 0.2, Diff: 0.2, Sum: 0.9]
         [Termination Attempts: Min: 1, Avg: 1.0, Max: 1, Diff: 0, Sum: 10]
      [GC Worker Other (ms): Min: 0.0, Avg: 0.0, Max: 0.0, Diff: 0.0, Sum: 0.1]
      [GC Worker Total (ms): Min: 4.2, Avg: 4.2, Max: 4.3, Diff: 0.2, Sum: 42.4]
      [GC Worker End (ms): Min: 739.0, Avg: 739.0, Max: 739.0, Diff: 0.0]
   [Code Root Fixup: 0.0 ms]
   [Code Root Purge: 0.0 ms]
   [Clear CT: 0.6 ms]
   [Other: 1.1 ms]
      [Choose CSet: 0.0 ms]
      [Ref Proc: 0.4 ms]
      [Ref Enq: 0.0 ms]
      [Redirty Cards: 0.5 ms]
      [Humongous Register: 0.1 ms]
      [Humongous Reclaim: 0.0 ms]
      [Free CSet: 0.0 ms]
   [Eden: 48.0M(48.0M)->0.0B(18.0M) Survivors: 5120.0K->7168.0K Heap: 408.7M(512.0M)->362.1M(512.0M)]
 [Times: user=0.00 sys=0.00, real=0.01 secs] 
2021-03-30T00:56:15.446+0800: 0.744: [GC pause (G1 Evacuation Pause) (mixed), 0.0091967 secs]
   [Parallel Time: 7.4 ms, GC Workers: 10]
      [GC Worker Start (ms): Min: 744.5, Avg: 744.5, Max: 744.6, Diff: 0.1]
      [Ext Root Scanning (ms): Min: 0.0, Avg: 0.1, Max: 0.2, Diff: 0.1, Sum: 0.8]
      [Update RS (ms): Min: 0.3, Avg: 0.3, Max: 0.4, Diff: 0.1, Sum: 3.4]
         [Processed Buffers: Min: 4, Avg: 5.3, Max: 7, Diff: 3, Sum: 53]
      [Scan RS (ms): Min: 0.0, Avg: 0.0, Max: 0.1, Diff: 0.1, Sum: 0.3]
      [Code Root Scanning (ms): Min: 0.0, Avg: 0.0, Max: 0.0, Diff: 0.0, Sum: 0.0]
      [Object Copy (ms): Min: 6.7, Avg: 6.8, Max: 6.9, Diff: 0.3, Sum: 67.5]
      [Termination (ms): Min: 0.0, Avg: 0.1, Max: 0.2, Diff: 0.2, Sum: 0.9]
         [Termination Attempts: Min: 1, Avg: 1.0, Max: 1, Diff: 0, Sum: 10]
      [GC Worker Other (ms): Min: 0.0, Avg: 0.0, Max: 0.0, Diff: 0.0, Sum: 0.1]
      [GC Worker Total (ms): Min: 7.2, Avg: 7.3, Max: 7.4, Diff: 0.1, Sum: 73.1]
      [GC Worker End (ms): Min: 751.8, Avg: 751.8, Max: 751.9, Diff: 0.0]
   [Code Root Fixup: 0.0 ms]
   [Code Root Purge: 0.0 ms]
   [Clear CT: 0.8 ms]
   [Other: 0.9 ms]
      [Choose CSet: 0.0 ms]
      [Ref Proc: 0.2 ms]
      [Ref Enq: 0.0 ms]
      [Redirty Cards: 0.5 ms]
      [Humongous Register: 0.1 ms]
      [Humongous Reclaim: 0.0 ms]
      [Free CSet: 0.1 ms]
   [Eden: 18.0M(18.0M)->0.0B(43.0M) Survivors: 7168.0K->4096.0K Heap: 385.3M(512.0M)->350.2M(512.0M)]
 [Times: user=0.16 sys=0.00, real=0.01 secs] 
2021-03-30T00:56:15.456+0800: 0.754: [GC pause (G1 Humongous Allocation) (young) (initial-mark), 0.0026847 secs]
   [Parallel Time: 1.2 ms, GC Workers: 10]
      [GC Worker Start (ms): Min: 754.1, Avg: 754.2, Max: 754.3, Diff: 0.2]
      [Ext Root Scanning (ms): Min: 0.0, Avg: 0.1, Max: 0.2, Diff: 0.2, Sum: 1.3]
      [Update RS (ms): Min: 0.0, Avg: 0.0, Max: 0.1, Diff: 0.1, Sum: 0.4]
         [Processed Buffers: Min: 0, Avg: 1.1, Max: 3, Diff: 3, Sum: 11]
      [Scan RS (ms): Min: 0.0, Avg: 0.0, Max: 0.0, Diff: 0.0, Sum: 0.0]
      [Code Root Scanning (ms): Min: 0.0, Avg: 0.0, Max: 0.0, Diff: 0.0, Sum: 0.0]
      [Object Copy (ms): Min: 0.5, Avg: 0.6, Max: 0.7, Diff: 0.2, Sum: 6.2]
      [Termination (ms): Min: 0.0, Avg: 0.1, Max: 0.2, Diff: 0.2, Sum: 0.9]
         [Termination Attempts: Min: 1, Avg: 1.0, Max: 1, Diff: 0, Sum: 10]
      [GC Worker Other (ms): Min: 0.0, Avg: 0.0, Max: 0.0, Diff: 0.0, Sum: 0.0]
      [GC Worker Total (ms): Min: 0.8, Avg: 0.9, Max: 1.0, Diff: 0.2, Sum: 8.8]
      [GC Worker End (ms): Min: 755.1, Avg: 755.1, Max: 755.1, Diff: 0.0]
   [Code Root Fixup: 0.0 ms]
   [Code Root Purge: 0.0 ms]
   [Clear CT: 0.6 ms]
   [Other: 0.8 ms]
      [Choose CSet: 0.0 ms]
      [Ref Proc: 0.2 ms]
      [Ref Enq: 0.0 ms]
      [Redirty Cards: 0.5 ms]
      [Humongous Register: 0.1 ms]
      [Humongous Reclaim: 0.0 ms]
      [Free CSet: 0.0 ms]
   [Eden: 2048.0K(43.0M)->0.0B(44.0M) Survivors: 4096.0K->1024.0K Heap: 352.2M(512.0M)->350.4M(512.0M)]
 [Times: user=0.00 sys=0.00, real=0.00 secs] 
2021-03-30T00:56:15.459+0800: 0.757: [GC concurrent-root-region-scan-start]
2021-03-30T00:56:15.459+0800: 0.757: [GC concurrent-root-region-scan-end, 0.0001666 secs]
2021-03-30T00:56:15.459+0800: 0.757: [GC concurrent-mark-start]
2021-03-30T00:56:15.461+0800: 0.759: [GC concurrent-mark-end, 0.0017547 secs]
2021-03-30T00:56:15.461+0800: 0.759: [GC remark 2021-03-30T00:56:15.461+0800: 0.759: [Finalize Marking, 0.0003844 secs] 2021-03-30T00:56:15.461+0800: 0.759: [GC ref-proc, 0.0002563 secs] 2021-03-30T00:56:15.462+0800: 0.760: [Unloading, 0.0004256 secs], 0.0018556 secs]
 [Times: user=0.00 sys=0.00, real=0.00 secs] 
2021-03-30T00:56:15.463+0800: 0.761: [GC cleanup 364M->364M(512M), 0.0011737 secs]
 [Times: user=0.00 sys=0.00, real=0.00 secs] 
2021-03-30T00:56:15.471+0800: 0.769: [GC pause (G1 Evacuation Pause) (young), 0.0053393 secs]
   [Parallel Time: 3.6 ms, GC Workers: 10]
      [GC Worker Start (ms): Min: 768.8, Avg: 768.9, Max: 769.0, Diff: 0.2]
      [Ext Root Scanning (ms): Min: 0.0, Avg: 0.1, Max: 0.2, Diff: 0.2, Sum: 0.7]
      [Update RS (ms): Min: 0.5, Avg: 0.5, Max: 0.5, Diff: 0.1, Sum: 5.0]
         [Processed Buffers: Min: 7, Avg: 8.0, Max: 10, Diff: 3, Sum: 80]
      [Scan RS (ms): Min: 0.0, Avg: 0.0, Max: 0.0, Diff: 0.0, Sum: 0.0]
      [Code Root Scanning (ms): Min: 0.0, Avg: 0.0, Max: 0.0, Diff: 0.0, Sum: 0.0]
      [Object Copy (ms): Min: 2.3, Avg: 2.4, Max: 2.6, Diff: 0.3, Sum: 24.3]
      [Termination (ms): Min: 0.0, Avg: 0.1, Max: 0.3, Diff: 0.3, Sum: 1.2]
         [Termination Attempts: Min: 1, Avg: 1.0, Max: 1, Diff: 0, Sum: 10]
      [GC Worker Other (ms): Min: 0.0, Avg: 0.0, Max: 0.1, Diff: 0.1, Sum: 0.2]
      [GC Worker Total (ms): Min: 3.1, Avg: 3.1, Max: 3.2, Diff: 0.2, Sum: 31.4]
      [GC Worker End (ms): Min: 772.0, Avg: 772.0, Max: 772.1, Diff: 0.1]
   [Code Root Fixup: 0.0 ms]
   [Code Root Purge: 0.0 ms]
   [Clear CT: 0.6 ms]
   [Other: 1.1 ms]
      [Choose CSet: 0.0 ms]
      [Ref Proc: 0.3 ms]
      [Ref Enq: 0.0 ms]
      [Redirty Cards: 0.6 ms]
      [Humongous Register: 0.1 ms]
      [Humongous Reclaim: 0.0 ms]
      [Free CSet: 0.0 ms]
   [Eden: 44.0M(44.0M)->0.0B(19.0M) Survivors: 1024.0K->6144.0K Heap: 406.5M(512.0M)->367.9M(512.0M)]
 [Times: user=0.00 sys=0.00, real=0.01 secs] 
2021-03-30T00:56:15.479+0800: 0.777: [GC pause (G1 Evacuation Pause) (mixed), 0.0090673 secs]
   [Parallel Time: 6.9 ms, GC Workers: 10]
      [GC Worker Start (ms): Min: 777.4, Avg: 777.5, Max: 777.5, Diff: 0.1]
      [Ext Root Scanning (ms): Min: 0.1, Avg: 0.1, Max: 0.2, Diff: 0.1, Sum: 1.0]
      [Update RS (ms): Min: 0.3, Avg: 0.3, Max: 0.3, Diff: 0.0, Sum: 3.2]
         [Processed Buffers: Min: 4, Avg: 5.0, Max: 6, Diff: 2, Sum: 50]
      [Scan RS (ms): Min: 0.0, Avg: 0.0, Max: 0.0, Diff: 0.0, Sum: 0.2]
      [Code Root Scanning (ms): Min: 0.0, Avg: 0.0, Max: 0.0, Diff: 0.0, Sum: 0.0]
      [Object Copy (ms): Min: 6.1, Avg: 6.2, Max: 6.3, Diff: 0.2, Sum: 62.0]
      [Termination (ms): Min: 0.0, Avg: 0.1, Max: 0.2, Diff: 0.2, Sum: 0.8]
         [Termination Attempts: Min: 1, Avg: 1.0, Max: 1, Diff: 0, Sum: 10]
      [GC Worker Other (ms): Min: 0.0, Avg: 0.0, Max: 0.0, Diff: 0.0, Sum: 0.1]
      [GC Worker Total (ms): Min: 6.7, Avg: 6.7, Max: 6.8, Diff: 0.1, Sum: 67.3]
      [GC Worker End (ms): Min: 784.2, Avg: 784.2, Max: 784.2, Diff: 0.0]
   [Code Root Fixup: 0.0 ms]
   [Code Root Purge: 0.0 ms]
   [Clear CT: 0.8 ms]
   [Other: 1.4 ms]
      [Choose CSet: 0.0 ms]
      [Ref Proc: 0.5 ms]
      [Ref Enq: 0.0 ms]
      [Redirty Cards: 0.8 ms]
      [Humongous Register: 0.1 ms]
      [Humongous Reclaim: 0.0 ms]
      [Free CSet: 0.0 ms]
   [Eden: 19.0M(19.0M)->0.0B(39.0M) Survivors: 6144.0K->4096.0K Heap: 391.9M(512.0M)->355.2M(512.0M)]
 [Times: user=0.16 sys=0.00, real=0.01 secs] 
2021-03-30T00:56:15.489+0800: 0.787: [GC pause (G1 Humongous Allocation) (young) (initial-mark), 0.0037278 secs]
   [Parallel Time: 1.8 ms, GC Workers: 10]
      [GC Worker Start (ms): Min: 787.1, Avg: 787.2, Max: 787.4, Diff: 0.3]
      [Ext Root Scanning (ms): Min: 0.0, Avg: 0.3, Max: 0.5, Diff: 0.5, Sum: 2.8]
      [Update RS (ms): Min: 0.0, Avg: 0.0, Max: 0.1, Diff: 0.1, Sum: 0.4]
         [Processed Buffers: Min: 0, Avg: 1.1, Max: 4, Diff: 4, Sum: 11]
      [Scan RS (ms): Min: 0.0, Avg: 0.0, Max: 0.0, Diff: 0.0, Sum: 0.0]
      [Code Root Scanning (ms): Min: 0.0, Avg: 0.0, Max: 0.0, Diff: 0.0, Sum: 0.0]
      [Object Copy (ms): Min: 0.7, Avg: 0.8, Max: 0.9, Diff: 0.2, Sum: 8.2]
      [Termination (ms): Min: 0.0, Avg: 0.1, Max: 0.2, Diff: 0.2, Sum: 0.9]
         [Termination Attempts: Min: 1, Avg: 1.0, Max: 1, Diff: 0, Sum: 10]
      [GC Worker Other (ms): Min: 0.0, Avg: 0.0, Max: 0.0, Diff: 0.0, Sum: 0.1]
      [GC Worker Total (ms): Min: 1.1, Avg: 1.2, Max: 1.4, Diff: 0.4, Sum: 12.3]
      [GC Worker End (ms): Min: 788.5, Avg: 788.5, Max: 788.5, Diff: 0.0]
   [Code Root Fixup: 0.0 ms]
   [Code Root Purge: 0.0 ms]
   [Clear CT: 0.8 ms]
   [Other: 1.1 ms]
      [Choose CSet: 0.0 ms]
      [Ref Proc: 0.6 ms]
      [Ref Enq: 0.0 ms]
      [Redirty Cards: 0.4 ms]
      [Humongous Register: 0.1 ms]
      [Humongous Reclaim: 0.0 ms]
      [Free CSet: 0.0 ms]
   [Eden: 3072.0K(39.0M)->0.0B(33.0M) Survivors: 4096.0K->2048.0K Heap: 358.2M(512.0M)->357.0M(512.0M)]
 [Times: user=0.00 sys=0.00, real=0.00 secs] 
2021-03-30T00:56:15.493+0800: 0.791: [GC concurrent-root-region-scan-start]
2021-03-30T00:56:15.493+0800: 0.791: [GC concurrent-root-region-scan-end, 0.0001836 secs]
2021-03-30T00:56:15.493+0800: 0.791: [GC concurrent-mark-start]
2021-03-30T00:56:15.495+0800: 0.793: [GC concurrent-mark-end, 0.0020019 secs]
2021-03-30T00:56:15.495+0800: 0.793: [GC remark 2021-03-30T00:56:15.495+0800: 0.793: [Finalize Marking, 0.0002820 secs] 2021-03-30T00:56:15.496+0800: 0.793: [GC ref-proc, 0.0002570 secs] 2021-03-30T00:56:15.496+0800: 0.794: [Unloading, 0.0004314 secs], 0.0017084 secs]
 [Times: user=0.00 sys=0.00, real=0.00 secs] 
2021-03-30T00:56:15.497+0800: 0.795: [GC cleanup 375M->375M(512M), 0.0015437 secs]
 [Times: user=0.00 sys=0.00, real=0.00 secs] 
2021-03-30T00:56:15.504+0800: 0.802: [GC pause (G1 Evacuation Pause) (young), 0.0052080 secs]
   [Parallel Time: 3.4 ms, GC Workers: 10]
      [GC Worker Start (ms): Min: 802.2, Avg: 802.4, Max: 802.4, Diff: 0.2]
      [Ext Root Scanning (ms): Min: 0.0, Avg: 0.1, Max: 0.2, Diff: 0.2, Sum: 0.8]
      [Update RS (ms): Min: 0.6, Avg: 0.7, Max: 0.7, Diff: 0.1, Sum: 6.8]
         [Processed Buffers: Min: 10, Avg: 10.7, Max: 13, Diff: 3, Sum: 107]
      [Scan RS (ms): Min: 0.0, Avg: 0.0, Max: 0.0, Diff: 0.0, Sum: 0.0]
      [Code Root Scanning (ms): Min: 0.0, Avg: 0.0, Max: 0.0, Diff: 0.0, Sum: 0.0]
      [Object Copy (ms): Min: 2.3, Avg: 2.4, Max: 2.5, Diff: 0.2, Sum: 23.7]
      [Termination (ms): Min: 0.0, Avg: 0.1, Max: 0.2, Diff: 0.2, Sum: 0.8]
         [Termination Attempts: Min: 1, Avg: 1.0, Max: 1, Diff: 0, Sum: 10]
      [GC Worker Other (ms): Min: 0.0, Avg: 0.0, Max: 0.0, Diff: 0.0, Sum: 0.1]
      [GC Worker Total (ms): Min: 3.2, Avg: 3.2, Max: 3.3, Diff: 0.2, Sum: 32.2]
      [GC Worker End (ms): Min: 805.6, Avg: 805.6, Max: 805.6, Diff: 0.0]
   [Code Root Fixup: 0.0 ms]
   [Code Root Purge: 0.0 ms]
   [Clear CT: 0.6 ms]
   [Other: 1.3 ms]
      [Choose CSet: 0.0 ms]
      [Ref Proc: 0.4 ms]
      [Ref Enq: 0.0 ms]
      [Redirty Cards: 0.7 ms]
      [Humongous Register: 0.1 ms]
      [Humongous Reclaim: 0.0 ms]
      [Free CSet: 0.0 ms]
   [Eden: 33.0M(33.0M)->0.0B(20.0M) Survivors: 2048.0K->5120.0K Heap: 402.2M(512.0M)->371.3M(512.0M)]
 [Times: user=0.00 sys=0.00, real=0.01 secs] 
2021-03-30T00:56:15.513+0800: 0.810: [GC pause (G1 Evacuation Pause) (mixed), 0.0090369 secs]
   [Parallel Time: 7.3 ms, GC Workers: 10]
      [GC Worker Start (ms): Min: 810.6, Avg: 810.7, Max: 810.8, Diff: 0.1]
      [Ext Root Scanning (ms): Min: 0.0, Avg: 0.1, Max: 0.2, Diff: 0.1, Sum: 1.0]
      [Update RS (ms): Min: 0.1, Avg: 0.1, Max: 0.1, Diff: 0.1, Sum: 1.2]
         [Processed Buffers: Min: 1, Avg: 2.0, Max: 3, Diff: 2, Sum: 20]
      [Scan RS (ms): Min: 0.0, Avg: 0.0, Max: 0.0, Diff: 0.0, Sum: 0.2]
      [Code Root Scanning (ms): Min: 0.0, Avg: 0.0, Max: 0.0, Diff: 0.0, Sum: 0.0]
      [Object Copy (ms): Min: 6.8, Avg: 6.9, Max: 6.9, Diff: 0.1, Sum: 68.9]
      [Termination (ms): Min: 0.0, Avg: 0.0, Max: 0.1, Diff: 0.1, Sum: 0.5]
         [Termination Attempts: Min: 1, Avg: 1.1, Max: 2, Diff: 1, Sum: 11]
      [GC Worker Other (ms): Min: 0.0, Avg: 0.0, Max: 0.0, Diff: 0.0, Sum: 0.1]
      [GC Worker Total (ms): Min: 7.1, Avg: 7.2, Max: 7.3, Diff: 0.2, Sum: 71.9]
      [GC Worker End (ms): Min: 817.9, Avg: 817.9, Max: 817.9, Diff: 0.0]
   [Code Root Fixup: 0.0 ms]
   [Code Root Purge: 0.0 ms]
   [Clear CT: 0.9 ms]
   [Other: 0.8 ms]
      [Choose CSet: 0.0 ms]
      [Ref Proc: 0.1 ms]
      [Ref Enq: 0.0 ms]
      [Redirty Cards: 0.5 ms]
      [Humongous Register: 0.1 ms]
      [Humongous Reclaim: 0.0 ms]
      [Free CSet: 0.1 ms]
   [Eden: 20.0M(20.0M)->0.0B(33.0M) Survivors: 5120.0K->4096.0K Heap: 392.5M(512.0M)->358.4M(512.0M)]
 [Times: user=0.00 sys=0.00, real=0.01 secs] 
2021-03-30T00:56:15.522+0800: 0.820: [GC pause (G1 Humongous Allocation) (young) (initial-mark), 0.0031042 secs]
   [Parallel Time: 1.2 ms, GC Workers: 10]
      [GC Worker Start (ms): Min: 820.0, Avg: 820.1, Max: 820.1, Diff: 0.2]
      [Ext Root Scanning (ms): Min: 0.0, Avg: 0.1, Max: 0.2, Diff: 0.2, Sum: 0.7]
      [Update RS (ms): Min: 0.0, Avg: 0.1, Max: 0.4, Diff: 0.3, Sum: 0.8]
         [Processed Buffers: Min: 1, Avg: 1.1, Max: 2, Diff: 1, Sum: 11]
      [Scan RS (ms): Min: 0.0, Avg: 0.0, Max: 0.0, Diff: 0.0, Sum: 0.0]
      [Code Root Scanning (ms): Min: 0.0, Avg: 0.0, Max: 0.0, Diff: 0.0, Sum: 0.0]
      [Object Copy (ms): Min: 0.3, Avg: 0.5, Max: 0.6, Diff: 0.4, Sum: 5.3]
      [Termination (ms): Min: 0.0, Avg: 0.1, Max: 0.1, Diff: 0.1, Sum: 0.6]
         [Termination Attempts: Min: 1, Avg: 1.0, Max: 1, Diff: 0, Sum: 10]
      [GC Worker Other (ms): Min: 0.0, Avg: 0.0, Max: 0.0, Diff: 0.0, Sum: 0.1]
      [GC Worker Total (ms): Min: 0.7, Avg: 0.7, Max: 0.8, Diff: 0.2, Sum: 7.4]
      [GC Worker End (ms): Min: 820.8, Avg: 820.8, Max: 820.8, Diff: 0.0]
   [Code Root Fixup: 0.0 ms]
   [Code Root Purge: 0.0 ms]
   [Clear CT: 0.7 ms]
   [Other: 1.2 ms]
      [Choose CSet: 0.0 ms]
      [Ref Proc: 0.6 ms]
      [Ref Enq: 0.0 ms]
      [Redirty Cards: 0.5 ms]
      [Humongous Register: 0.1 ms]
      [Humongous Reclaim: 0.0 ms]
      [Free CSet: 0.0 ms]
   [Eden: 2048.0K(33.0M)->0.0B(35.0M) Survivors: 4096.0K->1024.0K Heap: 359.5M(512.0M)->358.8M(512.0M)]
 [Times: user=0.00 sys=0.00, real=0.00 secs] 
2021-03-30T00:56:15.525+0800: 0.823: [GC concurrent-root-region-scan-start]
2021-03-30T00:56:15.525+0800: 0.823: [GC concurrent-root-region-scan-end, 0.0001897 secs]
2021-03-30T00:56:15.525+0800: 0.823: [GC concurrent-mark-start]
2021-03-30T00:56:15.527+0800: 0.825: [GC concurrent-mark-end, 0.0018693 secs]
2021-03-30T00:56:15.527+0800: 0.825: [GC remark 2021-03-30T00:56:15.527+0800: 0.825: [Finalize Marking, 0.0003263 secs] 2021-03-30T00:56:15.528+0800: 0.826: [GC ref-proc, 0.0002628 secs] 2021-03-30T00:56:15.528+0800: 0.826: [Unloading, 0.0007316 secs], 0.0019234 secs]
 [Times: user=0.03 sys=0.00, real=0.00 secs] 
2021-03-30T00:56:15.530+0800: 0.827: [GC cleanup 373M->373M(512M), 0.0011803 secs]
 [Times: user=0.00 sys=0.00, real=0.00 secs] 
2021-03-30T00:56:15.536+0800: 0.834: [GC pause (G1 Evacuation Pause) (young), 0.0041398 secs]
   [Parallel Time: 2.5 ms, GC Workers: 10]
      [GC Worker Start (ms): Min: 833.7, Avg: 833.8, Max: 833.8, Diff: 0.1]
      [Ext Root Scanning (ms): Min: 0.0, Avg: 0.1, Max: 0.2, Diff: 0.1, Sum: 1.0]
      [Update RS (ms): Min: 0.6, Avg: 0.7, Max: 0.7, Diff: 0.1, Sum: 6.6]
         [Processed Buffers: Min: 10, Avg: 10.5, Max: 12, Diff: 2, Sum: 105]
      [Scan RS (ms): Min: 0.0, Avg: 0.0, Max: 0.0, Diff: 0.0, Sum: 0.0]
      [Code Root Scanning (ms): Min: 0.0, Avg: 0.0, Max: 0.0, Diff: 0.0, Sum: 0.0]
      [Object Copy (ms): Min: 1.4, Avg: 1.5, Max: 1.5, Diff: 0.1, Sum: 14.6]
      [Termination (ms): Min: 0.0, Avg: 0.1, Max: 0.2, Diff: 0.2, Sum: 0.9]
         [Termination Attempts: Min: 1, Avg: 1.0, Max: 1, Diff: 0, Sum: 10]
      [GC Worker Other (ms): Min: 0.0, Avg: 0.0, Max: 0.0, Diff: 0.0, Sum: 0.1]
      [GC Worker Total (ms): Min: 2.3, Avg: 2.3, Max: 2.4, Diff: 0.1, Sum: 23.2]
      [GC Worker End (ms): Min: 836.1, Avg: 836.1, Max: 836.1, Diff: 0.0]
   [Code Root Fixup: 0.0 ms]
   [Code Root Purge: 0.0 ms]
   [Clear CT: 0.7 ms]
   [Other: 1.0 ms]
      [Choose CSet: 0.0 ms]
      [Ref Proc: 0.3 ms]
      [Ref Enq: 0.0 ms]
      [Redirty Cards: 0.6 ms]
      [Humongous Register: 0.1 ms]
      [Humongous Reclaim: 0.0 ms]
      [Free CSet: 0.0 ms]
   [Eden: 35.0M(35.0M)->0.0B(20.0M) Survivors: 1024.0K->5120.0K Heap: 405.6M(512.0M)->369.5M(512.0M)]
 [Times: user=0.00 sys=0.00, real=0.00 secs] 
2021-03-30T00:56:15.544+0800: 0.842: [GC pause (G1 Evacuation Pause) (mixed), 0.0096215 secs]
   [Parallel Time: 7.6 ms, GC Workers: 10]
      [GC Worker Start (ms): Min: 841.8, Avg: 841.9, Max: 842.0, Diff: 0.2]
      [Ext Root Scanning (ms): Min: 0.0, Avg: 0.1, Max: 0.2, Diff: 0.2, Sum: 0.9]
      [Update RS (ms): Min: 0.3, Avg: 0.4, Max: 0.4, Diff: 0.0, Sum: 3.5]
         [Processed Buffers: Min: 4, Avg: 5.6, Max: 6, Diff: 2, Sum: 56]
      [Scan RS (ms): Min: 0.0, Avg: 0.0, Max: 0.1, Diff: 0.1, Sum: 0.3]
      [Code Root Scanning (ms): Min: 0.0, Avg: 0.0, Max: 0.0, Diff: 0.0, Sum: 0.0]
      [Object Copy (ms): Min: 6.8, Avg: 6.8, Max: 7.0, Diff: 0.2, Sum: 68.3]
      [Termination (ms): Min: 0.0, Avg: 0.1, Max: 0.2, Diff: 0.2, Sum: 1.2]
         [Termination Attempts: Min: 1, Avg: 1.3, Max: 2, Diff: 1, Sum: 13]
      [GC Worker Other (ms): Min: 0.0, Avg: 0.0, Max: 0.0, Diff: 0.0, Sum: 0.1]
      [GC Worker Total (ms): Min: 7.4, Avg: 7.4, Max: 7.5, Diff: 0.2, Sum: 74.4]
      [GC Worker End (ms): Min: 849.3, Avg: 849.3, Max: 849.4, Diff: 0.0]
   [Code Root Fixup: 0.0 ms]
   [Code Root Purge: 0.0 ms]
   [Clear CT: 0.6 ms]
   [Other: 1.3 ms]
      [Choose CSet: 0.0 ms]
      [Ref Proc: 0.5 ms]
      [Ref Enq: 0.0 ms]
      [Redirty Cards: 0.6 ms]
      [Humongous Register: 0.1 ms]
      [Humongous Reclaim: 0.0 ms]
      [Free CSet: 0.1 ms]
   [Eden: 20.0M(20.0M)->0.0B(38.0M) Survivors: 5120.0K->4096.0K Heap: 395.0M(512.0M)->356.1M(512.0M)]
 [Times: user=0.00 sys=0.00, real=0.01 secs] 
2021-03-30T00:56:15.555+0800: 0.853: [GC pause (G1 Humongous Allocation) (young) (initial-mark), 0.0038187 secs]
   [Parallel Time: 1.9 ms, GC Workers: 10]
      [GC Worker Start (ms): Min: 853.2, Avg: 853.4, Max: 853.4, Diff: 0.2]
      [Ext Root Scanning (ms): Min: 0.0, Avg: 0.1, Max: 0.2, Diff: 0.2, Sum: 0.7]
      [Update RS (ms): Min: 0.1, Avg: 0.1, Max: 0.4, Diff: 0.4, Sum: 1.3]
         [Processed Buffers: Min: 1, Avg: 1.1, Max: 2, Diff: 1, Sum: 11]
      [Scan RS (ms): Min: 0.0, Avg: 0.0, Max: 0.0, Diff: 0.0, Sum: 0.0]
      [Code Root Scanning (ms): Min: 0.0, Avg: 0.0, Max: 0.0, Diff: 0.0, Sum: 0.0]
      [Object Copy (ms): Min: 1.0, Avg: 1.3, Max: 1.4, Diff: 0.4, Sum: 12.5]
      [Termination (ms): Min: 0.0, Avg: 0.1, Max: 0.2, Diff: 0.2, Sum: 0.8]
         [Termination Attempts: Min: 1, Avg: 1.0, Max: 1, Diff: 0, Sum: 10]
      [GC Worker Other (ms): Min: 0.0, Avg: 0.0, Max: 0.0, Diff: 0.0, Sum: 0.1]
      [GC Worker Total (ms): Min: 1.5, Avg: 1.5, Max: 1.6, Diff: 0.2, Sum: 15.4]
      [GC Worker End (ms): Min: 854.9, Avg: 854.9, Max: 854.9, Diff: 0.0]
   [Code Root Fixup: 0.0 ms]
   [Code Root Purge: 0.0 ms]
   [Clear CT: 0.8 ms]
   [Other: 1.1 ms]
      [Choose CSet: 0.0 ms]
      [Ref Proc: 0.4 ms]
      [Ref Enq: 0.0 ms]
      [Redirty Cards: 0.6 ms]
      [Humongous Register: 0.1 ms]
      [Humongous Reclaim: 0.0 ms]
      [Free CSet: 0.0 ms]
   [Eden: 14.0M(38.0M)->0.0B(37.0M) Survivors: 4096.0K->5120.0K Heap: 369.9M(512.0M)->358.7M(512.0M)]
 [Times: user=0.00 sys=0.00, real=0.00 secs] 
2021-03-30T00:56:15.559+0800: 0.857: [GC concurrent-root-region-scan-start]
2021-03-30T00:56:15.559+0800: 0.857: [GC concurrent-root-region-scan-end, 0.0001136 secs]
2021-03-30T00:56:15.559+0800: 0.857: [GC concurrent-mark-start]
2021-03-30T00:56:15.562+0800: 0.859: [GC concurrent-mark-end, 0.0022481 secs]
2021-03-30T00:56:15.562+0800: 0.860: [GC remark 2021-03-30T00:56:15.562+0800: 0.860: [Finalize Marking, 0.0003833 secs] 2021-03-30T00:56:15.562+0800: 0.860: [GC ref-proc, 0.0002576 secs] 2021-03-30T00:56:15.563+0800: 0.860: [Unloading, 0.0006247 secs], 0.0018811 secs]
 [Times: user=0.00 sys=0.00, real=0.00 secs] 
2021-03-30T00:56:15.564+0800: 0.862: [GC cleanup 375M->375M(512M), 0.0009674 secs]
 [Times: user=0.00 sys=0.00, real=0.00 secs] 
2021-03-30T00:56:15.571+0800: 0.869: [GC pause (G1 Evacuation Pause) (young), 0.0050671 secs]
   [Parallel Time: 3.9 ms, GC Workers: 10]
      [GC Worker Start (ms): Min: 869.2, Avg: 869.3, Max: 869.4, Diff: 0.2]
      [Ext Root Scanning (ms): Min: 0.0, Avg: 0.1, Max: 0.2, Diff: 0.2, Sum: 1.1]
      [Update RS (ms): Min: 0.6, Avg: 0.6, Max: 0.6, Diff: 0.1, Sum: 6.1]
         [Processed Buffers: Min: 9, Avg: 9.7, Max: 10, Diff: 1, Sum: 97]
      [Scan RS (ms): Min: 0.0, Avg: 0.0, Max: 0.0, Diff: 0.0, Sum: 0.0]
      [Code Root Scanning (ms): Min: 0.0, Avg: 0.0, Max: 0.0, Diff: 0.0, Sum: 0.0]
      [Object Copy (ms): Min: 2.7, Avg: 2.8, Max: 2.8, Diff: 0.2, Sum: 27.8]
      [Termination (ms): Min: 0.0, Avg: 0.1, Max: 0.1, Diff: 0.1, Sum: 0.7]
         [Termination Attempts: Min: 1, Avg: 1.0, Max: 1, Diff: 0, Sum: 10]
      [GC Worker Other (ms): Min: 0.0, Avg: 0.0, Max: 0.0, Diff: 0.0, Sum: 0.1]
      [GC Worker Total (ms): Min: 3.5, Avg: 3.6, Max: 3.7, Diff: 0.2, Sum: 35.9]
      [GC Worker End (ms): Min: 872.8, Avg: 872.8, Max: 872.8, Diff: 0.0]
   [Code Root Fixup: 0.0 ms]
   [Code Root Purge: 0.0 ms]
   [Clear CT: 0.2 ms]
   [Other: 0.9 ms]
      [Choose CSet: 0.0 ms]
      [Ref Proc: 0.3 ms]
      [Ref Enq: 0.0 ms]
      [Redirty Cards: 0.4 ms]
      [Humongous Register: 0.1 ms]
      [Humongous Reclaim: 0.0 ms]
      [Free CSet: 0.0 ms]
   [Eden: 37.0M(37.0M)->0.0B(19.0M) Survivors: 5120.0K->6144.0K Heap: 406.3M(512.0M)->377.2M(512.0M)]
 [Times: user=0.13 sys=0.02, real=0.00 secs] 
2021-03-30T00:56:15.580+0800: 0.878: [GC pause (G1 Evacuation Pause) (mixed), 0.0081312 secs]
   [Parallel Time: 6.9 ms, GC Workers: 10]
      [GC Worker Start (ms): Min: 877.8, Avg: 877.9, Max: 878.0, Diff: 0.1]
      [Ext Root Scanning (ms): Min: 0.0, Avg: 0.1, Max: 0.2, Diff: 0.1, Sum: 0.8]
      [Update RS (ms): Min: 0.5, Avg: 0.5, Max: 0.6, Diff: 0.1, Sum: 5.1]
         [Processed Buffers: Min: 7, Avg: 8.0, Max: 10, Diff: 3, Sum: 80]
      [Scan RS (ms): Min: 0.0, Avg: 0.0, Max: 0.1, Diff: 0.1, Sum: 0.2]
      [Code Root Scanning (ms): Min: 0.0, Avg: 0.0, Max: 0.0, Diff: 0.0, Sum: 0.0]
      [Object Copy (ms): Min: 5.8, Avg: 5.8, Max: 5.9, Diff: 0.1, Sum: 58.4]
      [Termination (ms): Min: 0.0, Avg: 0.1, Max: 0.1, Diff: 0.1, Sum: 0.6]
         [Termination Attempts: Min: 1, Avg: 1.1, Max: 2, Diff: 1, Sum: 11]
      [GC Worker Other (ms): Min: 0.0, Avg: 0.0, Max: 0.0, Diff: 0.0, Sum: 0.1]
      [GC Worker Total (ms): Min: 6.5, Avg: 6.5, Max: 6.6, Diff: 0.1, Sum: 65.1]
      [GC Worker End (ms): Min: 884.4, Avg: 884.4, Max: 884.4, Diff: 0.0]
   [Code Root Fixup: 0.0 ms]
   [Code Root Purge: 0.0 ms]
   [Clear CT: 0.3 ms]
   [Other: 0.9 ms]
      [Choose CSet: 0.0 ms]
      [Ref Proc: 0.4 ms]
      [Ref Enq: 0.0 ms]
      [Redirty Cards: 0.4 ms]
      [Humongous Register: 0.1 ms]
      [Humongous Reclaim: 0.0 ms]
      [Free CSet: 0.0 ms]
   [Eden: 19.0M(19.0M)->0.0B(24.0M) Survivors: 6144.0K->4096.0K Heap: 404.8M(512.0M)->371.1M(512.0M)]
 [Times: user=0.00 sys=0.00, real=0.01 secs] 
2021-03-30T00:56:15.589+0800: 0.886: [GC pause (G1 Humongous Allocation) (young) (initial-mark), 0.0014883 secs]
   [Parallel Time: 0.9 ms, GC Workers: 10]
      [GC Worker Start (ms): Min: 886.5, Avg: 886.6, Max: 886.6, Diff: 0.1]
      [Ext Root Scanning (ms): Min: 0.0, Avg: 0.1, Max: 0.1, Diff: 0.1, Sum: 0.8]
      [Update RS (ms): Min: 0.0, Avg: 0.1, Max: 0.4, Diff: 0.4, Sum: 0.9]
         [Processed Buffers: Min: 1, Avg: 1.1, Max: 2, Diff: 1, Sum: 11]
      [Scan RS (ms): Min: 0.0, Avg: 0.0, Max: 0.0, Diff: 0.0, Sum: 0.0]
      [Code Root Scanning (ms): Min: 0.0, Avg: 0.0, Max: 0.0, Diff: 0.0, Sum: 0.0]
      [Object Copy (ms): Min: 0.2, Avg: 0.5, Max: 0.7, Diff: 0.5, Sum: 5.4]
      [Termination (ms): Min: 0.0, Avg: 0.1, Max: 0.2, Diff: 0.2, Sum: 0.8]
         [Termination Attempts: Min: 1, Avg: 1.1, Max: 2, Diff: 1, Sum: 11]
      [GC Worker Other (ms): Min: 0.0, Avg: 0.0, Max: 0.0, Diff: 0.0, Sum: 0.1]
      [GC Worker Total (ms): Min: 0.8, Avg: 0.8, Max: 0.8, Diff: 0.1, Sum: 8.0]
      [GC Worker End (ms): Min: 887.4, Avg: 887.4, Max: 887.4, Diff: 0.0]
   [Code Root Fixup: 0.0 ms]
   [Code Root Purge: 0.0 ms]
   [Clear CT: 0.2 ms]
   [Other: 0.4 ms]
      [Choose CSet: 0.0 ms]
      [Ref Proc: 0.1 ms]
      [Ref Enq: 0.0 ms]
      [Redirty Cards: 0.2 ms]
      [Humongous Register: 0.1 ms]
      [Humongous Reclaim: 0.0 ms]
      [Free CSet: 0.0 ms]
   [Eden: 3072.0K(24.0M)->0.0B(25.0M) Survivors: 4096.0K->1024.0K Heap: 373.9M(512.0M)->371.7M(512.0M)]
 [Times: user=0.16 sys=0.00, real=0.00 secs] 
2021-03-30T00:56:15.590+0800: 0.888: [GC concurrent-root-region-scan-start]
2021-03-30T00:56:15.591+0800: 0.888: [GC concurrent-root-region-scan-end, 0.0001288 secs]
2021-03-30T00:56:15.591+0800: 0.888: [GC concurrent-mark-start]
2021-03-30T00:56:15.592+0800: 0.890: [GC concurrent-mark-end, 0.0019251 secs]
2021-03-30T00:56:15.593+0800: 0.890: [GC remark 2021-03-30T00:56:15.593+0800: 0.890: [Finalize Marking, 0.0002529 secs] 2021-03-30T00:56:15.593+0800: 0.890: [GC ref-proc, 0.0002559 secs] 2021-03-30T00:56:15.593+0800: 0.891: [Unloading, 0.0004450 secs], 0.0016034 secs]
 [Times: user=0.00 sys=0.00, real=0.00 secs] 
2021-03-30T00:56:15.594+0800: 0.892: [GC cleanup 387M->387M(512M), 0.0007721 secs]
 [Times: user=0.00 sys=0.00, real=0.00 secs] 
2021-03-30T00:56:15.598+0800: 0.896: [GC pause (G1 Evacuation Pause) (young), 0.0036173 secs]
   [Parallel Time: 2.3 ms, GC Workers: 10]
      [GC Worker Start (ms): Min: 895.7, Avg: 895.8, Max: 895.8, Diff: 0.1]
      [Ext Root Scanning (ms): Min: 0.0, Avg: 0.1, Max: 0.1, Diff: 0.1, Sum: 0.8]
      [Update RS (ms): Min: 0.5, Avg: 0.5, Max: 0.5, Diff: 0.0, Sum: 5.0]
         [Processed Buffers: Min: 7, Avg: 8.3, Max: 11, Diff: 4, Sum: 83]
      [Scan RS (ms): Min: 0.0, Avg: 0.0, Max: 0.0, Diff: 0.0, Sum: 0.0]
      [Code Root Scanning (ms): Min: 0.0, Avg: 0.0, Max: 0.0, Diff: 0.0, Sum: 0.0]
      [Object Copy (ms): Min: 1.2, Avg: 1.4, Max: 1.5, Diff: 0.3, Sum: 14.0]
      [Termination (ms): Min: 0.0, Avg: 0.1, Max: 0.3, Diff: 0.3, Sum: 0.9]
         [Termination Attempts: Min: 1, Avg: 1.0, Max: 1, Diff: 0, Sum: 10]
      [GC Worker Other (ms): Min: 0.0, Avg: 0.0, Max: 0.0, Diff: 0.0, Sum: 0.1]
      [GC Worker Total (ms): Min: 2.0, Avg: 2.1, Max: 2.1, Diff: 0.1, Sum: 20.8]
      [GC Worker End (ms): Min: 897.9, Avg: 897.9, Max: 897.9, Diff: 0.0]
   [Code Root Fixup: 0.0 ms]
   [Code Root Purge: 0.0 ms]
   [Clear CT: 0.4 ms]
   [Other: 0.9 ms]
      [Choose CSet: 0.0 ms]
      [Ref Proc: 0.4 ms]
      [Ref Enq: 0.0 ms]
      [Redirty Cards: 0.3 ms]
      [Humongous Register: 0.1 ms]
      [Humongous Reclaim: 0.0 ms]
      [Free CSet: 0.0 ms]
   [Eden: 25.0M(25.0M)->0.0B(21.0M) Survivors: 1024.0K->4096.0K Heap: 406.0M(512.0M)->379.0M(512.0M)]
 [Times: user=0.00 sys=0.00, real=0.00 secs] 
2021-03-30T00:56:15.605+0800: 0.903: [GC pause (G1 Evacuation Pause) (mixed), 0.0085689 secs]
   [Parallel Time: 7.4 ms, GC Workers: 10]
      [GC Worker Start (ms): Min: 902.7, Avg: 902.8, Max: 902.8, Diff: 0.1]
      [Ext Root Scanning (ms): Min: 0.1, Avg: 0.1, Max: 0.2, Diff: 0.1, Sum: 0.9]
      [Update RS (ms): Min: 0.3, Avg: 0.3, Max: 0.3, Diff: 0.0, Sum: 2.9]
         [Processed Buffers: Min: 4, Avg: 5.1, Max: 7, Diff: 3, Sum: 51]
      [Scan RS (ms): Min: 0.0, Avg: 0.0, Max: 0.1, Diff: 0.1, Sum: 0.3]
      [Code Root Scanning (ms): Min: 0.0, Avg: 0.0, Max: 0.0, Diff: 0.0, Sum: 0.0]
      [Object Copy (ms): Min: 6.5, Avg: 6.6, Max: 6.6, Diff: 0.1, Sum: 65.5]
      [Termination (ms): Min: 0.0, Avg: 0.0, Max: 0.1, Diff: 0.1, Sum: 0.3]
         [Termination Attempts: Min: 1, Avg: 1.0, Max: 1, Diff: 0, Sum: 10]
      [GC Worker Other (ms): Min: 0.0, Avg: 0.0, Max: 0.0, Diff: 0.0, Sum: 0.1]
      [GC Worker Total (ms): Min: 7.0, Avg: 7.0, Max: 7.1, Diff: 0.1, Sum: 70.1]
      [GC Worker End (ms): Min: 909.8, Avg: 909.8, Max: 909.8, Diff: 0.0]
   [Code Root Fixup: 0.0 ms]
   [Code Root Purge: 0.0 ms]
   [Clear CT: 0.4 ms]
   [Other: 0.8 ms]
      [Choose CSet: 0.0 ms]
      [Ref Proc: 0.4 ms]
      [Ref Enq: 0.0 ms]
      [Redirty Cards: 0.2 ms]
      [Humongous Register: 0.1 ms]
      [Humongous Reclaim: 0.0 ms]
      [Free CSet: 0.1 ms]
   [Eden: 21.0M(21.0M)->0.0B(28.0M) Survivors: 4096.0K->4096.0K Heap: 405.0M(512.0M)->366.7M(512.0M)]
 [Times: user=0.16 sys=0.00, real=0.01 secs] 
2021-03-30T00:56:15.614+0800: 0.912: [GC pause (G1 Humongous Allocation) (young) (initial-mark), 0.0020161 secs]
   [Parallel Time: 0.9 ms, GC Workers: 10]
      [GC Worker Start (ms): Min: 911.8, Avg: 911.9, Max: 911.9, Diff: 0.1]
      [Ext Root Scanning (ms): Min: 0.0, Avg: 0.1, Max: 0.1, Diff: 0.1, Sum: 0.8]
      [Update RS (ms): Min: 0.0, Avg: 0.1, Max: 0.3, Diff: 0.3, Sum: 0.9]
         [Processed Buffers: Min: 1, Avg: 1.1, Max: 2, Diff: 1, Sum: 11]
      [Scan RS (ms): Min: 0.0, Avg: 0.0, Max: 0.0, Diff: 0.0, Sum: 0.0]
      [Code Root Scanning (ms): Min: 0.0, Avg: 0.0, Max: 0.0, Diff: 0.0, Sum: 0.0]
      [Object Copy (ms): Min: 0.4, Avg: 0.5, Max: 0.7, Diff: 0.3, Sum: 5.5]
      [Termination (ms): Min: 0.0, Avg: 0.1, Max: 0.2, Diff: 0.2, Sum: 0.7]
         [Termination Attempts: Min: 1, Avg: 1.2, Max: 2, Diff: 1, Sum: 12]
      [GC Worker Other (ms): Min: 0.0, Avg: 0.0, Max: 0.0, Diff: 0.0, Sum: 0.1]
      [GC Worker Total (ms): Min: 0.8, Avg: 0.8, Max: 0.9, Diff: 0.1, Sum: 8.0]
      [GC Worker End (ms): Min: 912.7, Avg: 912.7, Max: 912.7, Diff: 0.0]
   [Code Root Fixup: 0.0 ms]
   [Code Root Purge: 0.0 ms]
   [Clear CT: 0.4 ms]
   [Other: 0.8 ms]
      [Choose CSet: 0.0 ms]
      [Ref Proc: 0.4 ms]
      [Ref Enq: 0.0 ms]
      [Redirty Cards: 0.3 ms]
      [Humongous Register: 0.1 ms]
      [Humongous Reclaim: 0.0 ms]
      [Free CSet: 0.0 ms]
   [Eden: 3072.0K(28.0M)->0.0B(30.0M) Survivors: 4096.0K->1024.0K Heap: 369.5M(512.0M)->366.6M(512.0M)]
 [Times: user=0.00 sys=0.00, real=0.00 secs] 
2021-03-30T00:56:15.616+0800: 0.914: [GC concurrent-root-region-scan-start]
2021-03-30T00:56:15.616+0800: 0.914: [GC concurrent-root-region-scan-end, 0.0001760 secs]
2021-03-30T00:56:15.616+0800: 0.914: [GC concurrent-mark-start]
2021-03-30T00:56:15.618+0800: 0.916: [GC concurrent-mark-end, 0.0018119 secs]
2021-03-30T00:56:15.618+0800: 0.916: [GC remark 2021-03-30T00:56:15.618+0800: 0.916: [Finalize Marking, 0.0003406 secs] 2021-03-30T00:56:15.619+0800: 0.916: [GC ref-proc, 0.0002554 secs] 2021-03-30T00:56:15.619+0800: 0.917: [Unloading, 0.0003840 secs], 0.0016378 secs]
 [Times: user=0.00 sys=0.00, real=0.00 secs] 
2021-03-30T00:56:15.620+0800: 0.918: [GC cleanup 382M->382M(512M), 0.0010115 secs]
 [Times: user=0.00 sys=0.00, real=0.00 secs] 
2021-03-30T00:56:15.625+0800: 0.923: [GC pause (G1 Evacuation Pause) (young), 0.0037108 secs]
   [Parallel Time: 2.5 ms, GC Workers: 10]
      [GC Worker Start (ms): Min: 923.0, Avg: 923.1, Max: 923.1, Diff: 0.1]
      [Ext Root Scanning (ms): Min: 0.1, Avg: 0.1, Max: 0.2, Diff: 0.1, Sum: 1.1]
      [Update RS (ms): Min: 0.5, Avg: 0.5, Max: 0.6, Diff: 0.0, Sum: 5.3]
         [Processed Buffers: Min: 8, Avg: 8.5, Max: 11, Diff: 3, Sum: 85]
      [Scan RS (ms): Min: 0.0, Avg: 0.0, Max: 0.0, Diff: 0.0, Sum: 0.0]
      [Code Root Scanning (ms): Min: 0.0, Avg: 0.0, Max: 0.0, Diff: 0.0, Sum: 0.0]
      [Object Copy (ms): Min: 1.4, Avg: 1.5, Max: 1.5, Diff: 0.1, Sum: 14.6]
      [Termination (ms): Min: 0.0, Avg: 0.1, Max: 0.1, Diff: 0.1, Sum: 0.7]
         [Termination Attempts: Min: 1, Avg: 1.1, Max: 2, Diff: 1, Sum: 11]
      [GC Worker Other (ms): Min: 0.0, Avg: 0.0, Max: 0.0, Diff: 0.0, Sum: 0.1]
      [GC Worker Total (ms): Min: 2.1, Avg: 2.2, Max: 2.2, Diff: 0.1, Sum: 21.8]
      [GC Worker End (ms): Min: 925.3, Avg: 925.3, Max: 925.3, Diff: 0.0]
   [Code Root Fixup: 0.0 ms]
   [Code Root Purge: 0.0 ms]
   [Clear CT: 0.4 ms]
   [Other: 0.8 ms]
      [Choose CSet: 0.0 ms]
      [Ref Proc: 0.3 ms]
      [Ref Enq: 0.0 ms]
      [Redirty Cards: 0.4 ms]
      [Humongous Register: 0.1 ms]
      [Humongous Reclaim: 0.0 ms]
      [Free CSet: 0.0 ms]
   [Eden: 30.0M(30.0M)->0.0B(21.0M) Survivors: 1024.0K->4096.0K Heap: 406.2M(512.0M)->376.1M(512.0M)]
 [Times: user=0.00 sys=0.00, real=0.00 secs] 
2021-03-30T00:56:15.633+0800: 0.930: [GC pause (G1 Evacuation Pause) (mixed), 0.0071500 secs]
   [Parallel Time: 5.8 ms, GC Workers: 10]
      [GC Worker Start (ms): Min: 930.4, Avg: 930.5, Max: 930.5, Diff: 0.1]
      [Ext Root Scanning (ms): Min: 0.0, Avg: 0.1, Max: 0.1, Diff: 0.1, Sum: 0.7]
      [Update RS (ms): Min: 0.4, Avg: 0.4, Max: 0.4, Diff: 0.0, Sum: 4.1]
         [Processed Buffers: Min: 7, Avg: 7.4, Max: 9, Diff: 2, Sum: 74]
      [Scan RS (ms): Min: 0.0, Avg: 0.0, Max: 0.0, Diff: 0.0, Sum: 0.1]
      [Code Root Scanning (ms): Min: 0.0, Avg: 0.0, Max: 0.0, Diff: 0.0, Sum: 0.0]
      [Object Copy (ms): Min: 4.8, Avg: 4.9, Max: 4.9, Diff: 0.2, Sum: 48.7]
      [Termination (ms): Min: 0.0, Avg: 0.1, Max: 0.1, Diff: 0.1, Sum: 0.6]
         [Termination Attempts: Min: 1, Avg: 1.0, Max: 1, Diff: 0, Sum: 10]
      [GC Worker Other (ms): Min: 0.0, Avg: 0.0, Max: 0.0, Diff: 0.0, Sum: 0.1]
      [GC Worker Total (ms): Min: 5.4, Avg: 5.4, Max: 5.5, Diff: 0.1, Sum: 54.4]
      [GC Worker End (ms): Min: 935.9, Avg: 935.9, Max: 935.9, Diff: 0.0]
   [Code Root Fixup: 0.0 ms]
   [Code Root Purge: 0.0 ms]
   [Clear CT: 0.4 ms]
   [Other: 0.9 ms]
      [Choose CSet: 0.0 ms]
      [Ref Proc: 0.4 ms]
      [Ref Enq: 0.0 ms]
      [Redirty Cards: 0.4 ms]
      [Humongous Register: 0.1 ms]
      [Humongous Reclaim: 0.0 ms]
      [Free CSet: 0.0 ms]
   [Eden: 21.0M(21.0M)->0.0B(23.0M) Survivors: 4096.0K->4096.0K Heap: 404.9M(512.0M)->372.5M(512.0M)]
 [Times: user=0.16 sys=0.00, real=0.01 secs] 
2021-03-30T00:56:15.640+0800: 0.938: [GC pause (G1 Humongous Allocation) (young) (initial-mark), 0.0018030 secs]
   [Parallel Time: 1.1 ms, GC Workers: 10]
      [GC Worker Start (ms): Min: 938.1, Avg: 938.2, Max: 938.2, Diff: 0.1]
      [Ext Root Scanning (ms): Min: 0.1, Avg: 0.1, Max: 0.2, Diff: 0.1, Sum: 1.0]
      [Update RS (ms): Min: 0.0, Avg: 0.1, Max: 0.2, Diff: 0.1, Sum: 0.6]
         [Processed Buffers: Min: 1, Avg: 1.1, Max: 2, Diff: 1, Sum: 11]
      [Scan RS (ms): Min: 0.0, Avg: 0.0, Max: 0.0, Diff: 0.0, Sum: 0.0]
      [Code Root Scanning (ms): Min: 0.0, Avg: 0.0, Max: 0.0, Diff: 0.0, Sum: 0.0]
      [Object Copy (ms): Min: 0.5, Avg: 0.6, Max: 0.7, Diff: 0.2, Sum: 6.5]
      [Termination (ms): Min: 0.0, Avg: 0.1, Max: 0.1, Diff: 0.1, Sum: 0.7]
         [Termination Attempts: Min: 1, Avg: 1.1, Max: 2, Diff: 1, Sum: 11]
      [GC Worker Other (ms): Min: 0.0, Avg: 0.0, Max: 0.0, Diff: 0.0, Sum: 0.1]
      [GC Worker Total (ms): Min: 0.8, Avg: 0.9, Max: 0.9, Diff: 0.1, Sum: 8.8]
      [GC Worker End (ms): Min: 939.0, Avg: 939.0, Max: 939.0, Diff: 0.0]
   [Code Root Fixup: 0.0 ms]
   [Code Root Purge: 0.0 ms]
   [Clear CT: 0.2 ms]
   [Other: 0.4 ms]
      [Choose CSet: 0.0 ms]
      [Ref Proc: 0.1 ms]
      [Ref Enq: 0.0 ms]
      [Redirty Cards: 0.2 ms]
      [Humongous Register: 0.1 ms]
      [Humongous Reclaim: 0.0 ms]
      [Free CSet: 0.0 ms]
   [Eden: 3072.0K(23.0M)->0.0B(24.0M) Survivors: 4096.0K->2048.0K Heap: 375.2M(512.0M)->372.2M(512.0M)]
 [Times: user=0.00 sys=0.00, real=0.00 secs] 
2021-03-30T00:56:15.642+0800: 0.940: [GC concurrent-root-region-scan-start]
2021-03-30T00:56:15.643+0800: 0.940: [GC concurrent-root-region-scan-end, 0.0001520 secs]
2021-03-30T00:56:15.643+0800: 0.940: [GC concurrent-mark-start]
2021-03-30T00:56:15.645+0800: 0.942: [GC concurrent-mark-end, 0.0019811 secs]
2021-03-30T00:56:15.645+0800: 0.942: [GC remark 2021-03-30T00:56:15.645+0800: 0.942: [Finalize Marking, 0.0002465 secs] 2021-03-30T00:56:15.645+0800: 0.942: [GC ref-proc, 0.0002557 secs] 2021-03-30T00:56:15.645+0800: 0.943: [Unloading, 0.0006291 secs], 0.0017417 secs]
 [Times: user=0.00 sys=0.00, real=0.00 secs] 
2021-03-30T00:56:15.647+0800: 0.944: [GC cleanup 389M->389M(512M), 0.0009190 secs]
 [Times: user=0.00 sys=0.00, real=0.00 secs] 
2021-03-30T00:56:15.650+0800: 0.948: [GC pause (G1 Evacuation Pause) (young), 0.0029325 secs]
   [Parallel Time: 1.9 ms, GC Workers: 10]
      [GC Worker Start (ms): Min: 947.8, Avg: 947.8, Max: 947.9, Diff: 0.1]
      [Ext Root Scanning (ms): Min: 0.1, Avg: 0.1, Max: 0.1, Diff: 0.1, Sum: 1.0]
      [Update RS (ms): Min: 0.3, Avg: 0.4, Max: 0.4, Diff: 0.1, Sum: 4.0]
         [Processed Buffers: Min: 6, Avg: 6.3, Max: 7, Diff: 1, Sum: 63]
      [Scan RS (ms): Min: 0.0, Avg: 0.0, Max: 0.0, Diff: 0.0, Sum: 0.0]
      [Code Root Scanning (ms): Min: 0.0, Avg: 0.0, Max: 0.0, Diff: 0.0, Sum: 0.0]
      [Object Copy (ms): Min: 1.2, Avg: 1.3, Max: 1.4, Diff: 0.2, Sum: 12.6]
      [Termination (ms): Min: 0.0, Avg: 0.1, Max: 0.1, Diff: 0.1, Sum: 0.8]
         [Termination Attempts: Min: 1, Avg: 1.0, Max: 1, Diff: 0, Sum: 10]
      [GC Worker Other (ms): Min: 0.0, Avg: 0.0, Max: 0.0, Diff: 0.0, Sum: 0.1]
      [GC Worker Total (ms): Min: 1.8, Avg: 1.8, Max: 1.9, Diff: 0.1, Sum: 18.5]
      [GC Worker End (ms): Min: 949.7, Avg: 949.7, Max: 949.7, Diff: 0.0]
   [Code Root Fixup: 0.0 ms]
   [Code Root Purge: 0.0 ms]
   [Clear CT: 0.3 ms]
   [Other: 0.7 ms]
      [Choose CSet: 0.0 ms]
      [Ref Proc: 0.3 ms]
      [Ref Enq: 0.0 ms]
      [Redirty Cards: 0.3 ms]
      [Humongous Register: 0.1 ms]
      [Humongous Reclaim: 0.0 ms]
      [Free CSet: 0.0 ms]
   [Eden: 24.0M(24.0M)->0.0B(21.0M) Survivors: 2048.0K->4096.0K Heap: 402.8M(512.0M)->379.4M(512.0M)]
 [Times: user=0.00 sys=0.00, real=0.00 secs] 
2021-03-30T00:56:15.657+0800: 0.954: [GC pause (G1 Evacuation Pause) (mixed), 0.0074459 secs]
   [Parallel Time: 6.2 ms, GC Workers: 10]
      [GC Worker Start (ms): Min: 954.4, Avg: 954.5, Max: 954.5, Diff: 0.2]
      [Ext Root Scanning (ms): Min: 0.0, Avg: 0.1, Max: 0.2, Diff: 0.2, Sum: 0.7]
      [Update RS (ms): Min: 0.3, Avg: 0.4, Max: 0.4, Diff: 0.1, Sum: 3.6]
         [Processed Buffers: Min: 5, Avg: 6.2, Max: 8, Diff: 3, Sum: 62]
      [Scan RS (ms): Min: 0.0, Avg: 0.1, Max: 0.2, Diff: 0.1, Sum: 0.9]
      [Code Root Scanning (ms): Min: 0.0, Avg: 0.0, Max: 0.0, Diff: 0.0, Sum: 0.0]
      [Object Copy (ms): Min: 5.2, Avg: 5.3, Max: 5.4, Diff: 0.2, Sum: 53.1]
      [Termination (ms): Min: 0.0, Avg: 0.1, Max: 0.1, Diff: 0.1, Sum: 0.7]
         [Termination Attempts: Min: 1, Avg: 1.1, Max: 2, Diff: 1, Sum: 11]
      [GC Worker Other (ms): Min: 0.0, Avg: 0.0, Max: 0.0, Diff: 0.0, Sum: 0.1]
      [GC Worker Total (ms): Min: 5.8, Avg: 5.9, Max: 6.0, Diff: 0.2, Sum: 59.0]
      [GC Worker End (ms): Min: 960.4, Avg: 960.4, Max: 960.4, Diff: 0.0]
   [Code Root Fixup: 0.0 ms]
   [Code Root Purge: 0.0 ms]
   [Clear CT: 0.4 ms]
   [Other: 0.8 ms]
      [Choose CSet: 0.0 ms]
      [Ref Proc: 0.3 ms]
      [Ref Enq: 0.0 ms]
      [Redirty Cards: 0.3 ms]
      [Humongous Register: 0.1 ms]
      [Humongous Reclaim: 0.0 ms]
      [Free CSet: 0.0 ms]
   [Eden: 21.0M(21.0M)->0.0B(24.0M) Survivors: 4096.0K->4096.0K Heap: 406.9M(512.0M)->372.5M(512.0M)]
 [Times: user=0.00 sys=0.00, real=0.01 secs] 
2021-03-30T00:56:15.665+0800: 0.963: [GC pause (G1 Humongous Allocation) (young) (initial-mark), 0.0020989 secs]
   [Parallel Time: 1.4 ms, GC Workers: 10]
      [GC Worker Start (ms): Min: 962.8, Avg: 962.8, Max: 962.8, Diff: 0.1]
      [Ext Root Scanning (ms): Min: 0.1, Avg: 0.1, Max: 0.1, Diff: 0.1, Sum: 1.0]
      [Update RS (ms): Min: 0.1, Avg: 0.2, Max: 0.4, Diff: 0.3, Sum: 1.9]
         [Processed Buffers: Min: 1, Avg: 1.1, Max: 2, Diff: 1, Sum: 11]
      [Scan RS (ms): Min: 0.0, Avg: 0.0, Max: 0.0, Diff: 0.0, Sum: 0.0]
      [Code Root Scanning (ms): Min: 0.0, Avg: 0.0, Max: 0.0, Diff: 0.0, Sum: 0.0]
      [Object Copy (ms): Min: 0.4, Avg: 0.7, Max: 0.9, Diff: 0.4, Sum: 6.9]
      [Termination (ms): Min: 0.0, Avg: 0.1, Max: 0.1, Diff: 0.1, Sum: 0.6]
         [Termination Attempts: Min: 1, Avg: 1.0, Max: 1, Diff: 0, Sum: 10]
      [GC Worker Other (ms): Min: 0.0, Avg: 0.0, Max: 0.0, Diff: 0.0, Sum: 0.1]
      [GC Worker Total (ms): Min: 1.0, Avg: 1.0, Max: 1.1, Diff: 0.1, Sum: 10.4]
      [GC Worker End (ms): Min: 963.8, Avg: 963.8, Max: 963.8, Diff: 0.0]
   [Code Root Fixup: 0.0 ms]
   [Code Root Purge: 0.0 ms]
   [Clear CT: 0.2 ms]
   [Other: 0.5 ms]
      [Choose CSet: 0.0 ms]
      [Ref Proc: 0.2 ms]
      [Ref Enq: 0.0 ms]
      [Redirty Cards: 0.2 ms]
      [Humongous Register: 0.1 ms]
      [Humongous Reclaim: 0.0 ms]
      [Free CSet: 0.0 ms]
   [Eden: 7168.0K(24.0M)->0.0B(24.0M) Survivors: 4096.0K->2048.0K Heap: 379.3M(512.0M)->373.7M(512.0M)]
 [Times: user=0.00 sys=0.00, real=0.00 secs] 
2021-03-30T00:56:15.667+0800: 0.965: [GC concurrent-root-region-scan-start]
2021-03-30T00:56:15.668+0800: 0.965: [GC concurrent-root-region-scan-end, 0.0000878 secs]
2021-03-30T00:56:15.668+0800: 0.965: [GC concurrent-mark-start]
2021-03-30T00:56:15.669+0800: 0.966: [GC concurrent-mark-end, 0.0013077 secs]
2021-03-30T00:56:15.669+0800: 0.966: [GC remark 2021-03-30T00:56:15.669+0800: 0.966: [Finalize Marking, 0.0002454 secs] 2021-03-30T00:56:15.669+0800: 0.967: [GC ref-proc, 0.0002559 secs] 2021-03-30T00:56:15.669+0800: 0.967: [Unloading, 0.0003795 secs], 0.0014957 secs]
 [Times: user=0.00 sys=0.00, real=0.00 secs] 
2021-03-30T00:56:15.671+0800: 0.968: [GC cleanup 384M->384M(512M), 0.0008716 secs]
 [Times: user=0.00 sys=0.00, real=0.00 secs] 
2021-03-30T00:56:15.674+0800: 0.972: [GC pause (G1 Evacuation Pause) (young), 0.0035825 secs]
   [Parallel Time: 2.2 ms, GC Workers: 10]
      [GC Worker Start (ms): Min: 971.9, Avg: 971.9, Max: 972.0, Diff: 0.1]
      [Ext Root Scanning (ms): Min: 0.0, Avg: 0.1, Max: 0.1, Diff: 0.1, Sum: 0.8]
      [Update RS (ms): Min: 0.2, Avg: 0.2, Max: 0.2, Diff: 0.0, Sum: 2.2]
         [Processed Buffers: Min: 3, Avg: 4.2, Max: 6, Diff: 3, Sum: 42]
      [Scan RS (ms): Min: 0.0, Avg: 0.0, Max: 0.0, Diff: 0.0, Sum: 0.0]
      [Code Root Scanning (ms): Min: 0.0, Avg: 0.0, Max: 0.0, Diff: 0.0, Sum: 0.0]
      [Object Copy (ms): Min: 1.3, Avg: 1.5, Max: 1.6, Diff: 0.3, Sum: 14.6]
      [Termination (ms): Min: 0.0, Avg: 0.1, Max: 0.3, Diff: 0.3, Sum: 1.3]
         [Termination Attempts: Min: 1, Avg: 1.0, Max: 1, Diff: 0, Sum: 10]
      [GC Worker Other (ms): Min: 0.0, Avg: 0.0, Max: 0.0, Diff: 0.0, Sum: 0.1]
      [GC Worker Total (ms): Min: 1.8, Avg: 1.9, Max: 2.0, Diff: 0.1, Sum: 18.9]
      [GC Worker End (ms): Min: 973.8, Avg: 973.8, Max: 973.8, Diff: 0.0]
   [Code Root Fixup: 0.0 ms]
   [Code Root Purge: 0.0 ms]
   [Clear CT: 0.6 ms]
   [Other: 0.8 ms]
      [Choose CSet: 0.0 ms]
      [Ref Proc: 0.3 ms]
      [Ref Enq: 0.0 ms]
      [Redirty Cards: 0.3 ms]
      [Humongous Register: 0.1 ms]
      [Humongous Reclaim: 0.0 ms]
      [Free CSet: 0.0 ms]
   [Eden: 24.0M(24.0M)->0.0B(21.0M) Survivors: 2048.0K->4096.0K Heap: 401.6M(512.0M)->382.3M(512.0M)]
 [Times: user=0.00 sys=0.00, real=0.00 secs] 
2021-03-30T00:56:15.681+0800: 0.979: [GC pause (G1 Evacuation Pause) (mixed), 0.0066644 secs]
   [Parallel Time: 5.5 ms, GC Workers: 10]
      [GC Worker Start (ms): Min: 978.6, Avg: 978.7, Max: 978.8, Diff: 0.1]
      [Ext Root Scanning (ms): Min: 0.0, Avg: 0.1, Max: 0.1, Diff: 0.1, Sum: 0.8]
      [Update RS (ms): Min: 0.2, Avg: 0.3, Max: 0.3, Diff: 0.1, Sum: 2.7]
         [Processed Buffers: Min: 4, Avg: 4.8, Max: 5, Diff: 1, Sum: 48]
      [Scan RS (ms): Min: 0.0, Avg: 0.0, Max: 0.1, Diff: 0.1, Sum: 0.2]
      [Code Root Scanning (ms): Min: 0.0, Avg: 0.0, Max: 0.0, Diff: 0.0, Sum: 0.0]
      [Object Copy (ms): Min: 4.8, Avg: 4.8, Max: 4.9, Diff: 0.1, Sum: 48.3]
      [Termination (ms): Min: 0.0, Avg: 0.1, Max: 0.1, Diff: 0.1, Sum: 0.6]
         [Termination Attempts: Min: 1, Avg: 1.0, Max: 1, Diff: 0, Sum: 10]
      [GC Worker Other (ms): Min: 0.0, Avg: 0.0, Max: 0.0, Diff: 0.0, Sum: 0.1]
      [GC Worker Total (ms): Min: 5.2, Avg: 5.3, Max: 5.3, Diff: 0.1, Sum: 52.6]
      [GC Worker End (ms): Min: 984.0, Avg: 984.0, Max: 984.0, Diff: 0.0]
   [Code Root Fixup: 0.0 ms]
   [Code Root Purge: 0.0 ms]
   [Clear CT: 0.3 ms]
   [Other: 0.8 ms]
      [Choose CSet: 0.0 ms]
      [Ref Proc: 0.5 ms]
      [Ref Enq: 0.0 ms]
      [Redirty Cards: 0.2 ms]
      [Humongous Register: 0.1 ms]
      [Humongous Reclaim: 0.0 ms]
      [Free CSet: 0.0 ms]
   [Eden: 21.0M(21.0M)->0.0B(23.0M) Survivors: 4096.0K->4096.0K Heap: 407.9M(512.0M)->375.0M(512.0M)]
 [Times: user=0.16 sys=0.00, real=0.01 secs] 
2021-03-30T00:56:15.688+0800: 0.985: [GC pause (G1 Humongous Allocation) (young) (initial-mark), 0.0016531 secs]
   [Parallel Time: 0.8 ms, GC Workers: 10]
      [GC Worker Start (ms): Min: 985.5, Avg: 985.5, Max: 985.6, Diff: 0.1]
      [Ext Root Scanning (ms): Min: 0.0, Avg: 0.1, Max: 0.1, Diff: 0.1, Sum: 0.7]
      [Update RS (ms): Min: 0.0, Avg: 0.1, Max: 0.3, Diff: 0.2, Sum: 0.7]
         [Processed Buffers: Min: 1, Avg: 1.1, Max: 2, Diff: 1, Sum: 11]
      [Scan RS (ms): Min: 0.0, Avg: 0.0, Max: 0.0, Diff: 0.0, Sum: 0.0]
      [Code Root Scanning (ms): Min: 0.0, Avg: 0.0, Max: 0.0, Diff: 0.0, Sum: 0.0]
      [Object Copy (ms): Min: 0.3, Avg: 0.5, Max: 0.6, Diff: 0.3, Sum: 4.8]
      [Termination (ms): Min: 0.0, Avg: 0.1, Max: 0.1, Diff: 0.1, Sum: 0.7]
         [Termination Attempts: Min: 1, Avg: 1.0, Max: 1, Diff: 0, Sum: 10]
      [GC Worker Other (ms): Min: 0.0, Avg: 0.0, Max: 0.0, Diff: 0.0, Sum: 0.1]
      [GC Worker Total (ms): Min: 0.6, Avg: 0.7, Max: 0.8, Diff: 0.1, Sum: 6.9]
      [GC Worker End (ms): Min: 986.2, Avg: 986.2, Max: 986.2, Diff: 0.0]
   [Code Root Fixup: 0.0 ms]
   [Code Root Purge: 0.0 ms]
   [Clear CT: 0.2 ms]
   [Other: 0.6 ms]
      [Choose CSet: 0.0 ms]
      [Ref Proc: 0.3 ms]
      [Ref Enq: 0.0 ms]
      [Redirty Cards: 0.2 ms]
      [Humongous Register: 0.1 ms]
      [Humongous Reclaim: 0.0 ms]
      [Free CSet: 0.0 ms]
   [Eden: 1024.0K(23.0M)->0.0B(25.0M) Survivors: 4096.0K->0.0B Heap: 375.3M(512.0M)->374.3M(512.0M)]
 [Times: user=0.00 sys=0.00, real=0.00 secs] 
2021-03-30T00:56:15.690+0800: 0.987: [GC concurrent-root-region-scan-start]
2021-03-30T00:56:15.690+0800: 0.987: [GC concurrent-root-region-scan-end, 0.0000053 secs]
2021-03-30T00:56:15.690+0800: 0.987: [GC concurrent-mark-start]
2021-03-30T00:56:15.692+0800: 0.989: [GC concurrent-mark-end, 0.0017448 secs]
2021-03-30T00:56:15.692+0800: 0.989: [GC remark 2021-03-30T00:56:15.692+0800: 0.989: [Finalize Marking, 0.0002290 secs] 2021-03-30T00:56:15.692+0800: 0.989: [GC ref-proc, 0.0002555 secs] 2021-03-30T00:56:15.692+0800: 0.989: [Unloading, 0.0004812 secs], 0.0015249 secs]
 [Times: user=0.00 sys=0.00, real=0.00 secs] 
2021-03-30T00:56:15.693+0800: 0.991: [GC cleanup 387M->387M(512M), 0.0007975 secs]
 [Times: user=0.00 sys=0.00, real=0.00 secs] 
2021-03-30T00:56:15.697+0800: 0.995: [GC pause (G1 Evacuation Pause) (young), 0.0027247 secs]
   [Parallel Time: 1.7 ms, GC Workers: 10]
      [GC Worker Start (ms): Min: 994.6, Avg: 994.7, Max: 994.7, Diff: 0.1]
      [Ext Root Scanning (ms): Min: 0.0, Avg: 0.1, Max: 0.1, Diff: 0.1, Sum: 0.9]
      [Update RS (ms): Min: 0.3, Avg: 0.3, Max: 0.3, Diff: 0.1, Sum: 3.1]
         [Processed Buffers: Min: 4, Avg: 5.1, Max: 6, Diff: 2, Sum: 51]
      [Scan RS (ms): Min: 0.0, Avg: 0.0, Max: 0.0, Diff: 0.0, Sum: 0.0]
      [Code Root Scanning (ms): Min: 0.0, Avg: 0.0, Max: 0.0, Diff: 0.0, Sum: 0.0]
      [Object Copy (ms): Min: 0.9, Avg: 1.1, Max: 1.2, Diff: 0.2, Sum: 10.8]
      [Termination (ms): Min: 0.0, Avg: 0.1, Max: 0.3, Diff: 0.3, Sum: 1.2]
         [Termination Attempts: Min: 1, Avg: 1.0, Max: 1, Diff: 0, Sum: 10]
      [GC Worker Other (ms): Min: 0.0, Avg: 0.0, Max: 0.0, Diff: 0.0, Sum: 0.1]
      [GC Worker Total (ms): Min: 1.6, Avg: 1.6, Max: 1.6, Diff: 0.1, Sum: 16.1]
      [GC Worker End (ms): Min: 996.3, Avg: 996.3, Max: 996.3, Diff: 0.0]
   [Code Root Fixup: 0.0 ms]
   [Code Root Purge: 0.0 ms]
   [Clear CT: 0.3 ms]
   [Other: 0.8 ms]
      [Choose CSet: 0.0 ms]
      [Ref Proc: 0.3 ms]
      [Ref Enq: 0.0 ms]
      [Redirty Cards: 0.4 ms]
      [Humongous Register: 0.1 ms]
      [Humongous Reclaim: 0.0 ms]
      [Free CSet: 0.0 ms]
   [Eden: 25.0M(25.0M)->0.0B(21.0M) Survivors: 0.0B->4096.0K Heap: 404.6M(512.0M)->381.3M(512.0M)]
 [Times: user=0.00 sys=0.00, real=0.00 secs] 
2021-03-30T00:56:15.704+0800: 1.002: [GC pause (G1 Evacuation Pause) (mixed), 0.0061817 secs]
   [Parallel Time: 5.1 ms, GC Workers: 10]
      [GC Worker Start (ms): Min: 1001.7, Avg: 1001.8, Max: 1001.9, Diff: 0.1]
      [Ext Root Scanning (ms): Min: 0.0, Avg: 0.1, Max: 0.2, Diff: 0.1, Sum: 1.0]
      [Update RS (ms): Min: 0.6, Avg: 0.6, Max: 0.6, Diff: 0.0, Sum: 5.7]
         [Processed Buffers: Min: 8, Avg: 9.4, Max: 12, Diff: 4, Sum: 94]
      [Scan RS (ms): Min: 0.0, Avg: 0.0, Max: 0.0, Diff: 0.0, Sum: 0.1]
      [Code Root Scanning (ms): Min: 0.0, Avg: 0.0, Max: 0.0, Diff: 0.0, Sum: 0.0]
      [Object Copy (ms): Min: 3.9, Avg: 3.9, Max: 4.0, Diff: 0.1, Sum: 39.5]
      [Termination (ms): Min: 0.0, Avg: 0.1, Max: 0.1, Diff: 0.1, Sum: 0.6]
         [Termination Attempts: Min: 1, Avg: 1.0, Max: 1, Diff: 0, Sum: 10]
      [GC Worker Other (ms): Min: 0.0, Avg: 0.0, Max: 0.0, Diff: 0.0, Sum: 0.1]
      [GC Worker Total (ms): Min: 4.6, Avg: 4.7, Max: 4.8, Diff: 0.1, Sum: 47.0]
      [GC Worker End (ms): Min: 1006.5, Avg: 1006.5, Max: 1006.5, Diff: 0.0]
   [Code Root Fixup: 0.0 ms]
   [Code Root Purge: 0.0 ms]
   [Clear CT: 0.4 ms]
   [Other: 0.7 ms]
      [Choose CSet: 0.0 ms]
      [Ref Proc: 0.3 ms]
      [Ref Enq: 0.0 ms]
      [Redirty Cards: 0.3 ms]
      [Humongous Register: 0.1 ms]
      [Humongous Reclaim: 0.0 ms]
      [Free CSet: 0.0 ms]
   [Eden: 21.0M(21.0M)->0.0B(21.0M) Survivors: 4096.0K->4096.0K Heap: 412.9M(512.0M)->379.9M(512.0M)]
 [Times: user=0.00 sys=0.00, real=0.01 secs] 
2021-03-30T00:56:15.711+0800: 1.008: [GC pause (G1 Humongous Allocation) (young) (initial-mark), 0.0018799 secs]
   [Parallel Time: 0.9 ms, GC Workers: 10]
      [GC Worker Start (ms): Min: 1008.3, Avg: 1008.3, Max: 1008.4, Diff: 0.1]
      [Ext Root Scanning (ms): Min: 0.0, Avg: 0.1, Max: 0.2, Diff: 0.1, Sum: 0.8]
      [Update RS (ms): Min: 0.0, Avg: 0.1, Max: 0.2, Diff: 0.2, Sum: 0.5]
         [Processed Buffers: Min: 1, Avg: 1.1, Max: 2, Diff: 1, Sum: 11]
      [Scan RS (ms): Min: 0.0, Avg: 0.0, Max: 0.0, Diff: 0.0, Sum: 0.0]
      [Code Root Scanning (ms): Min: 0.0, Avg: 0.0, Max: 0.0, Diff: 0.0, Sum: 0.0]
      [Object Copy (ms): Min: 0.4, Avg: 0.6, Max: 0.7, Diff: 0.3, Sum: 5.8]
      [Termination (ms): Min: 0.0, Avg: 0.1, Max: 0.2, Diff: 0.2, Sum: 0.8]
         [Termination Attempts: Min: 1, Avg: 1.0, Max: 1, Diff: 0, Sum: 10]
      [GC Worker Other (ms): Min: 0.0, Avg: 0.0, Max: 0.0, Diff: 0.0, Sum: 0.1]
      [GC Worker Total (ms): Min: 0.8, Avg: 0.8, Max: 0.9, Diff: 0.1, Sum: 8.0]
      [GC Worker End (ms): Min: 1009.1, Avg: 1009.1, Max: 1009.1, Diff: 0.0]
   [Code Root Fixup: 0.0 ms]
   [Code Root Purge: 0.0 ms]
   [Clear CT: 0.3 ms]
   [Other: 0.6 ms]
      [Choose CSet: 0.0 ms]
      [Ref Proc: 0.3 ms]
      [Ref Enq: 0.0 ms]
      [Redirty Cards: 0.3 ms]
      [Humongous Register: 0.1 ms]
      [Humongous Reclaim: 0.0 ms]
      [Free CSet: 0.0 ms]
   [Eden: 2048.0K(21.0M)->0.0B(24.0M) Survivors: 4096.0K->1024.0K Heap: 381.8M(512.0M)->380.9M(512.0M)]
 [Times: user=0.00 sys=0.00, real=0.00 secs] 
2021-03-30T00:56:15.713+0800: 1.010: [GC concurrent-root-region-scan-start]
2021-03-30T00:56:15.713+0800: 1.010: [GC concurrent-root-region-scan-end, 0.0001496 secs]
2021-03-30T00:56:15.713+0800: 1.010: [GC concurrent-mark-start]
2021-03-30T00:56:15.714+0800: 1.012: [GC concurrent-mark-end, 0.0014143 secs]
2021-03-30T00:56:15.715+0800: 1.012: [GC remark 2021-03-30T00:56:15.715+0800: 1.012: [Finalize Marking, 0.0003902 secs] 2021-03-30T00:56:15.715+0800: 1.012: [GC ref-proc, 0.0002556 secs] 2021-03-30T00:56:15.715+0800: 1.012: [Unloading, 0.0006838 secs], 0.0019876 secs]
 [Times: user=0.16 sys=0.00, real=0.00 secs] 
2021-03-30T00:56:15.717+0800: 1.014: [GC cleanup 392M->392M(512M), 0.0008843 secs]
 [Times: user=0.00 sys=0.00, real=0.00 secs] 
2021-03-30T00:56:15.720+0800: 1.018: [GC pause (G1 Evacuation Pause) (young), 0.0035617 secs]
   [Parallel Time: 2.4 ms, GC Workers: 10]
      [GC Worker Start (ms): Min: 1017.7, Avg: 1017.7, Max: 1017.7, Diff: 0.1]
      [Ext Root Scanning (ms): Min: 0.1, Avg: 0.1, Max: 0.1, Diff: 0.1, Sum: 1.1]
      [Update RS (ms): Min: 0.2, Avg: 0.2, Max: 0.2, Diff: 0.1, Sum: 2.2]
         [Processed Buffers: Min: 3, Avg: 3.6, Max: 4, Diff: 1, Sum: 36]
      [Scan RS (ms): Min: 0.0, Avg: 0.0, Max: 0.0, Diff: 0.0, Sum: 0.0]
      [Code Root Scanning (ms): Min: 0.0, Avg: 0.0, Max: 0.0, Diff: 0.0, Sum: 0.0]
      [Object Copy (ms): Min: 1.8, Avg: 1.9, Max: 2.0, Diff: 0.2, Sum: 19.2]
      [Termination (ms): Min: 0.0, Avg: 0.1, Max: 0.2, Diff: 0.2, Sum: 0.9]
         [Termination Attempts: Min: 1, Avg: 1.0, Max: 1, Diff: 0, Sum: 10]
      [GC Worker Other (ms): Min: 0.0, Avg: 0.0, Max: 0.0, Diff: 0.0, Sum: 0.1]
      [GC Worker Total (ms): Min: 2.3, Avg: 2.3, Max: 2.4, Diff: 0.1, Sum: 23.3]
      [GC Worker End (ms): Min: 1020.0, Avg: 1020.0, Max: 1020.0, Diff: 0.0]
   [Code Root Fixup: 0.0 ms]
   [Code Root Purge: 0.0 ms]
   [Clear CT: 0.4 ms]
   [Other: 0.8 ms]
      [Choose CSet: 0.0 ms]
      [Ref Proc: 0.3 ms]
      [Ref Enq: 0.0 ms]
      [Redirty Cards: 0.3 ms]
      [Humongous Register: 0.1 ms]
      [Humongous Reclaim: 0.0 ms]
      [Free CSet: 0.0 ms]
   [Eden: 24.0M(24.0M)->0.0B(21.0M) Survivors: 1024.0K->4096.0K Heap: 408.2M(512.0M)->392.4M(512.0M)]
 [Times: user=0.00 sys=0.00, real=0.00 secs] 
2021-03-30T00:56:15.728+0800: 1.025: [GC pause (G1 Evacuation Pause) (mixed) (to-space exhausted), 0.0076024 secs]
   [Parallel Time: 6.2 ms, GC Workers: 10]
      [GC Worker Start (ms): Min: 1025.2, Avg: 1025.4, Max: 1025.4, Diff: 0.2]
      [Ext Root Scanning (ms): Min: 0.0, Avg: 0.1, Max: 0.2, Diff: 0.2, Sum: 0.6]
      [Update RS (ms): Min: 0.5, Avg: 0.5, Max: 0.5, Diff: 0.0, Sum: 5.1]
         [Processed Buffers: Min: 8, Avg: 8.5, Max: 10, Diff: 2, Sum: 85]
      [Scan RS (ms): Min: 0.0, Avg: 0.0, Max: 0.1, Diff: 0.1, Sum: 0.5]
      [Code Root Scanning (ms): Min: 0.0, Avg: 0.0, Max: 0.0, Diff: 0.0, Sum: 0.0]
      [Object Copy (ms): Min: 4.9, Avg: 5.1, Max: 5.2, Diff: 0.3, Sum: 50.6]
      [Termination (ms): Min: 0.0, Avg: 0.1, Max: 0.2, Diff: 0.2, Sum: 1.2]
         [Termination Attempts: Min: 1, Avg: 1.0, Max: 1, Diff: 0, Sum: 10]
      [GC Worker Other (ms): Min: 0.0, Avg: 0.0, Max: 0.0, Diff: 0.0, Sum: 0.1]
      [GC Worker Total (ms): Min: 5.8, Avg: 5.8, Max: 5.9, Diff: 0.2, Sum: 58.1]
      [GC Worker End (ms): Min: 1031.2, Avg: 1031.2, Max: 1031.2, Diff: 0.0]
   [Code Root Fixup: 0.0 ms]
   [Code Root Purge: 0.0 ms]
   [Clear CT: 0.3 ms]
   [Other: 1.1 ms]
      [Evacuation Failure: 0.5 ms]
      [Choose CSet: 0.0 ms]
      [Ref Proc: 0.3 ms]
      [Ref Enq: 0.0 ms]
      [Redirty Cards: 0.2 ms]
      [Humongous Register: 0.1 ms]
      [Humongous Reclaim: 0.0 ms]
      [Free CSet: 0.0 ms]
   [Eden: 21.0M(21.0M)->0.0B(21.0M) Survivors: 4096.0K->4096.0K Heap: 422.5M(512.0M)->389.2M(512.0M)]
 [Times: user=0.16 sys=0.00, real=0.01 secs] 
2021-03-30T00:56:15.737+0800: 1.034: [GC pause (G1 Humongous Allocation) (young) (initial-mark), 0.0020629 secs]
   [Parallel Time: 1.4 ms, GC Workers: 10]
      [GC Worker Start (ms): Min: 1034.0, Avg: 1034.1, Max: 1034.1, Diff: 0.1]
      [Ext Root Scanning (ms): Min: 0.0, Avg: 0.1, Max: 0.1, Diff: 0.1, Sum: 0.8]
      [Update RS (ms): Min: 0.1, Avg: 0.1, Max: 0.3, Diff: 0.2, Sum: 1.1]
         [Processed Buffers: Min: 0, Avg: 2.1, Max: 8, Diff: 8, Sum: 21]
      [Scan RS (ms): Min: 0.0, Avg: 0.0, Max: 0.0, Diff: 0.0, Sum: 0.0]
      [Code Root Scanning (ms): Min: 0.0, Avg: 0.0, Max: 0.0, Diff: 0.0, Sum: 0.0]
      [Object Copy (ms): Min: 0.8, Avg: 0.9, Max: 1.0, Diff: 0.2, Sum: 9.2]
      [Termination (ms): Min: 0.0, Avg: 0.1, Max: 0.2, Diff: 0.2, Sum: 0.8]
         [Termination Attempts: Min: 1, Avg: 1.0, Max: 1, Diff: 0, Sum: 10]
      [GC Worker Other (ms): Min: 0.0, Avg: 0.0, Max: 0.0, Diff: 0.0, Sum: 0.1]
      [GC Worker Total (ms): Min: 1.2, Avg: 1.2, Max: 1.2, Diff: 0.1, Sum: 12.0]
      [GC Worker End (ms): Min: 1035.3, Avg: 1035.3, Max: 1035.3, Diff: 0.0]
   [Code Root Fixup: 0.0 ms]
   [Code Root Purge: 0.0 ms]
   [Clear CT: 0.2 ms]
   [Other: 0.4 ms]
      [Choose CSet: 0.0 ms]
      [Ref Proc: 0.1 ms]
      [Ref Enq: 0.0 ms]
      [Redirty Cards: 0.2 ms]
      [Humongous Register: 0.1 ms]
      [Humongous Reclaim: 0.0 ms]
      [Free CSet: 0.0 ms]
   [Eden: 7168.0K(21.0M)->0.0B(23.0M) Survivors: 4096.0K->2048.0K Heap: 395.6M(512.0M)->390.6M(512.0M)]
 [Times: user=0.00 sys=0.00, real=0.00 secs] 
2021-03-30T00:56:15.739+0800: 1.036: [GC concurrent-root-region-scan-start]
2021-03-30T00:56:15.739+0800: 1.036: [GC concurrent-root-region-scan-end, 0.0001240 secs]
2021-03-30T00:56:15.739+0800: 1.036: [GC concurrent-mark-start]
2021-03-30T00:56:15.741+0800: 1.038: [GC concurrent-mark-end, 0.0017377 secs]
2021-03-30T00:56:15.741+0800: 1.038: [GC remark 2021-03-30T00:56:15.741+0800: 1.038: [Finalize Marking, 0.0002460 secs] 2021-03-30T00:56:15.741+0800: 1.038: [GC ref-proc, 0.0003322 secs] 2021-03-30T00:56:15.741+0800: 1.039: [Unloading, 0.0006817 secs], 0.0018642 secs]
 [Times: user=0.00 sys=0.00, real=0.00 secs] 
2021-03-30T00:56:15.743+0800: 1.040: [GC cleanup 402M->402M(512M), 0.0009622 secs]
 [Times: user=0.00 sys=0.00, real=0.00 secs] 
2021-03-30T00:56:15.747+0800: 1.045: [GC pause (G1 Evacuation Pause) (young), 0.0033550 secs]
   [Parallel Time: 2.3 ms, GC Workers: 10]
      [GC Worker Start (ms): Min: 1044.8, Avg: 1044.8, Max: 1044.9, Diff: 0.1]
      [Ext Root Scanning (ms): Min: 0.0, Avg: 0.1, Max: 0.2, Diff: 0.1, Sum: 1.0]
      [Update RS (ms): Min: 0.3, Avg: 0.4, Max: 0.4, Diff: 0.1, Sum: 3.5]
         [Processed Buffers: Min: 3, Avg: 5.3, Max: 6, Diff: 3, Sum: 53]
      [Scan RS (ms): Min: 0.0, Avg: 0.0, Max: 0.0, Diff: 0.0, Sum: 0.0]
      [Code Root Scanning (ms): Min: 0.0, Avg: 0.0, Max: 0.0, Diff: 0.0, Sum: 0.0]
      [Object Copy (ms): Min: 1.4, Avg: 1.5, Max: 1.6, Diff: 0.2, Sum: 14.9]
      [Termination (ms): Min: 0.0, Avg: 0.1, Max: 0.2, Diff: 0.2, Sum: 1.0]
         [Termination Attempts: Min: 1, Avg: 1.0, Max: 1, Diff: 0, Sum: 10]
      [GC Worker Other (ms): Min: 0.0, Avg: 0.0, Max: 0.0, Diff: 0.0, Sum: 0.1]
      [GC Worker Total (ms): Min: 2.0, Avg: 2.0, Max: 2.1, Diff: 0.1, Sum: 20.5]
      [GC Worker End (ms): Min: 1046.9, Avg: 1046.9, Max: 1046.9, Diff: 0.0]
   [Code Root Fixup: 0.0 ms]
   [Code Root Purge: 0.0 ms]
   [Clear CT: 0.5 ms]
   [Other: 0.6 ms]
      [Choose CSet: 0.0 ms]
      [Ref Proc: 0.1 ms]
      [Ref Enq: 0.0 ms]
      [Redirty Cards: 0.3 ms]
      [Humongous Register: 0.1 ms]
      [Humongous Reclaim: 0.0 ms]
      [Free CSet: 0.0 ms]
   [Eden: 23.0M(23.0M)->0.0B(21.0M) Survivors: 2048.0K->4096.0K Heap: 418.8M(512.0M)->399.4M(512.0M)]
 [Times: user=0.00 sys=0.00, real=0.00 secs] 
2021-03-30T00:56:15.754+0800: 1.051: [GC pause (G1 Evacuation Pause) (mixed) (to-space exhausted), 0.0073227 secs]
   [Parallel Time: 6.1 ms, GC Workers: 10]
      [GC Worker Start (ms): Min: 1051.6, Avg: 1051.7, Max: 1051.7, Diff: 0.1]
      [Ext Root Scanning (ms): Min: 0.0, Avg: 0.1, Max: 0.2, Diff: 0.1, Sum: 1.0]
      [Update RS (ms): Min: 0.1, Avg: 0.2, Max: 0.2, Diff: 0.1, Sum: 1.8]
         [Processed Buffers: Min: 2, Avg: 4.1, Max: 9, Diff: 7, Sum: 41]
      [Scan RS (ms): Min: 0.0, Avg: 0.1, Max: 0.2, Diff: 0.2, Sum: 0.9]
      [Code Root Scanning (ms): Min: 0.0, Avg: 0.0, Max: 0.1, Diff: 0.1, Sum: 0.1]
      [Object Copy (ms): Min: 5.0, Avg: 5.2, Max: 5.3, Diff: 0.3, Sum: 51.9]
      [Termination (ms): Min: 0.0, Avg: 0.1, Max: 0.2, Diff: 0.2, Sum: 1.3]
         [Termination Attempts: Min: 1, Avg: 1.0, Max: 1, Diff: 0, Sum: 10]
      [GC Worker Other (ms): Min: 0.0, Avg: 0.0, Max: 0.0, Diff: 0.0, Sum: 0.1]
      [GC Worker Total (ms): Min: 5.6, Avg: 5.7, Max: 5.8, Diff: 0.1, Sum: 57.0]
      [GC Worker End (ms): Min: 1057.4, Avg: 1057.4, Max: 1057.4, Diff: 0.0]
   [Code Root Fixup: 0.0 ms]
   [Code Root Purge: 0.0 ms]
   [Clear CT: 0.5 ms]
   [Other: 0.7 ms]
      [Evacuation Failure: 0.2 ms]
      [Choose CSet: 0.0 ms]
      [Ref Proc: 0.1 ms]
      [Ref Enq: 0.0 ms]
      [Redirty Cards: 0.2 ms]
      [Humongous Register: 0.1 ms]
      [Humongous Reclaim: 0.0 ms]
      [Free CSet: 0.0 ms]
   [Eden: 21.0M(21.0M)->0.0B(21.0M) Survivors: 4096.0K->4096.0K Heap: 424.0M(512.0M)->414.5M(512.0M)]
 [Times: user=0.00 sys=0.00, real=0.01 secs] 
2021-03-30T00:56:15.762+0800: 1.059: [GC pause (G1 Humongous Allocation) (young) (initial-mark), 0.0020528 secs]
   [Parallel Time: 1.1 ms, GC Workers: 10]
      [GC Worker Start (ms): Min: 1059.1, Avg: 1059.2, Max: 1059.2, Diff: 0.1]
      [Ext Root Scanning (ms): Min: 0.0, Avg: 0.1, Max: 0.1, Diff: 0.1, Sum: 0.8]
      [Update RS (ms): Min: 0.1, Avg: 0.2, Max: 0.4, Diff: 0.4, Sum: 2.3]
         [Processed Buffers: Min: 1, Avg: 1.1, Max: 2, Diff: 1, Sum: 11]
      [Scan RS (ms): Min: 0.0, Avg: 0.0, Max: 0.0, Diff: 0.0, Sum: 0.0]
      [Code Root Scanning (ms): Min: 0.0, Avg: 0.0, Max: 0.0, Diff: 0.0, Sum: 0.0]
      [Object Copy (ms): Min: 0.2, Avg: 0.4, Max: 0.5, Diff: 0.4, Sum: 3.5]
      [Termination (ms): Min: 0.0, Avg: 0.1, Max: 0.2, Diff: 0.2, Sum: 1.2]
         [Termination Attempts: Min: 1, Avg: 1.0, Max: 1, Diff: 0, Sum: 10]
      [GC Worker Other (ms): Min: 0.0, Avg: 0.0, Max: 0.0, Diff: 0.0, Sum: 0.1]
      [GC Worker Total (ms): Min: 0.8, Avg: 0.8, Max: 0.8, Diff: 0.1, Sum: 7.9]
      [GC Worker End (ms): Min: 1060.0, Avg: 1060.0, Max: 1060.0, Diff: 0.0]
   [Code Root Fixup: 0.0 ms]
   [Code Root Purge: 0.0 ms]
   [Clear CT: 0.4 ms]
   [Other: 0.6 ms]
      [Choose CSet: 0.0 ms]
      [Ref Proc: 0.1 ms]
      [Ref Enq: 0.0 ms]
      [Redirty Cards: 0.4 ms]
      [Humongous Register: 0.0 ms]
      [Humongous Reclaim: 0.0 ms]
      [Free CSet: 0.0 ms]
   [Eden: 1024.0K(21.0M)->0.0B(24.0M) Survivors: 4096.0K->1024.0K Heap: 415.5M(512.0M)->414.1M(512.0M)]
 [Times: user=0.16 sys=0.00, real=0.00 secs] 
2021-03-30T00:56:15.764+0800: 1.061: [GC concurrent-root-region-scan-start]
2021-03-30T00:56:15.764+0800: 1.061: [GC concurrent-root-region-scan-end, 0.0001272 secs]
2021-03-30T00:56:15.764+0800: 1.061: [GC concurrent-mark-start]
2021-03-30T00:56:15.766+0800: 1.063: [GC concurrent-mark-end, 0.0020532 secs]
2021-03-30T00:56:15.766+0800: 1.064: [GC remark 2021-03-30T00:56:15.766+0800: 1.064: [Finalize Marking, 0.0003450 secs] 2021-03-30T00:56:15.767+0800: 1.064: [GC ref-proc, 0.0002572 secs] 2021-03-30T00:56:15.767+0800: 1.064: [Unloading, 0.0004378 secs], 0.0018050 secs]
 [Times: user=0.00 sys=0.00, real=0.00 secs] 
2021-03-30T00:56:15.768+0800: 1.065: [GC cleanup 431M->431M(512M), 0.0010385 secs]
 [Times: user=0.00 sys=0.00, real=0.00 secs] 
2021-03-30T00:56:15.772+0800: 1.069: [GC pause (G1 Evacuation Pause) (young) (to-space exhausted), 0.0033619 secs]
   [Parallel Time: 2.1 ms, GC Workers: 10]
      [GC Worker Start (ms): Min: 1069.2, Avg: 1069.3, Max: 1069.3, Diff: 0.1]
      [Ext Root Scanning (ms): Min: 0.1, Avg: 0.1, Max: 0.1, Diff: 0.1, Sum: 0.8]
      [Update RS (ms): Min: 0.4, Avg: 0.4, Max: 0.4, Diff: 0.0, Sum: 3.7]
         [Processed Buffers: Min: 5, Avg: 6.3, Max: 7, Diff: 2, Sum: 63]
      [Scan RS (ms): Min: 0.0, Avg: 0.0, Max: 0.0, Diff: 0.0, Sum: 0.0]
      [Code Root Scanning (ms): Min: 0.0, Avg: 0.0, Max: 0.0, Diff: 0.0, Sum: 0.0]
      [Object Copy (ms): Min: 0.9, Avg: 1.0, Max: 1.3, Diff: 0.4, Sum: 10.3]
      [Termination (ms): Min: 0.0, Avg: 0.3, Max: 0.4, Diff: 0.4, Sum: 2.6]
         [Termination Attempts: Min: 1, Avg: 1.1, Max: 2, Diff: 1, Sum: 11]
      [GC Worker Other (ms): Min: 0.0, Avg: 0.0, Max: 0.0, Diff: 0.0, Sum: 0.1]
      [GC Worker Total (ms): Min: 1.7, Avg: 1.8, Max: 1.8, Diff: 0.1, Sum: 17.5]
      [GC Worker End (ms): Min: 1071.0, Avg: 1071.0, Max: 1071.0, Diff: 0.0]
   [Code Root Fixup: 0.0 ms]
   [Code Root Purge: 0.0 ms]
   [Clear CT: 0.4 ms]
   [Other: 1.0 ms]
      [Evacuation Failure: 0.3 ms]
      [Choose CSet: 0.0 ms]
      [Ref Proc: 0.3 ms]
      [Ref Enq: 0.0 ms]
      [Redirty Cards: 0.2 ms]
      [Humongous Register: 0.1 ms]
      [Humongous Reclaim: 0.0 ms]
      [Free CSet: 0.0 ms]
   [Eden: 24.0M(24.0M)->0.0B(21.0M) Survivors: 1024.0K->4096.0K Heap: 445.0M(512.0M)->428.4M(512.0M)]
 [Times: user=0.00 sys=0.00, real=0.00 secs] 
2021-03-30T00:56:15.778+0800: 1.076: [GC pause (G1 Humongous Allocation) (mixed) (to-space exhausted), 0.0021796 secs]
   [Parallel Time: 1.0 ms, GC Workers: 10]
      [GC Worker Start (ms): Min: 1075.6, Avg: 1075.7, Max: 1075.7, Diff: 0.1]
      [Ext Root Scanning (ms): Min: 0.1, Avg: 0.1, Max: 0.2, Diff: 0.1, Sum: 1.3]
      [Update RS (ms): Min: 0.3, Avg: 0.3, Max: 0.3, Diff: 0.0, Sum: 3.2]
         [Processed Buffers: Min: 5, Avg: 6.1, Max: 8, Diff: 3, Sum: 61]
      [Scan RS (ms): Min: 0.0, Avg: 0.0, Max: 0.0, Diff: 0.0, Sum: 0.2]
      [Code Root Scanning (ms): Min: 0.0, Avg: 0.0, Max: 0.0, Diff: 0.0, Sum: 0.0]
      [Object Copy (ms): Min: 0.1, Avg: 0.1, Max: 0.2, Diff: 0.1, Sum: 1.5]
      [Termination (ms): Min: 0.0, Avg: 0.0, Max: 0.1, Diff: 0.1, Sum: 0.3]
         [Termination Attempts: Min: 1, Avg: 1.0, Max: 1, Diff: 0, Sum: 10]
      [GC Worker Other (ms): Min: 0.0, Avg: 0.0, Max: 0.0, Diff: 0.0, Sum: 0.1]
      [GC Worker Total (ms): Min: 0.6, Avg: 0.6, Max: 0.7, Diff: 0.1, Sum: 6.5]
      [GC Worker End (ms): Min: 1076.3, Avg: 1076.3, Max: 1076.3, Diff: 0.0]
   [Code Root Fixup: 0.0 ms]
   [Code Root Purge: 0.0 ms]
   [Clear CT: 0.4 ms]
   [Other: 0.8 ms]
      [Evacuation Failure: 0.2 ms]
      [Choose CSet: 0.0 ms]
      [Ref Proc: 0.4 ms]
      [Ref Enq: 0.0 ms]
      [Redirty Cards: 0.2 ms]
      [Humongous Register: 0.1 ms]
      [Humongous Reclaim: 0.0 ms]
      [Free CSet: 0.0 ms]
   [Eden: 19.0M(21.0M)->0.0B(25.0M) Survivors: 4096.0K->0.0B Heap: 451.9M(512.0M)->443.7M(512.0M)]
 [Times: user=0.00 sys=0.00, real=0.00 secs] 
2021-03-30T00:56:15.782+0800: 1.079: [GC pause (G1 Evacuation Pause) (mixed) (to-space exhausted), 0.0015945 secs]
   [Parallel Time: 0.7 ms, GC Workers: 10]
      [GC Worker Start (ms): Min: 1079.5, Avg: 1079.5, Max: 1079.6, Diff: 0.1]
      [Ext Root Scanning (ms): Min: 0.1, Avg: 0.1, Max: 0.1, Diff: 0.1, Sum: 0.9]
      [Update RS (ms): Min: 0.1, Avg: 0.1, Max: 0.2, Diff: 0.1, Sum: 1.4]
         [Processed Buffers: Min: 2, Avg: 4.3, Max: 8, Diff: 6, Sum: 43]
      [Scan RS (ms): Min: 0.0, Avg: 0.0, Max: 0.0, Diff: 0.0, Sum: 0.1]
      [Code Root Scanning (ms): Min: 0.0, Avg: 0.0, Max: 0.0, Diff: 0.0, Sum: 0.0]
      [Object Copy (ms): Min: 0.1, Avg: 0.2, Max: 0.2, Diff: 0.1, Sum: 1.6]
      [Termination (ms): Min: 0.0, Avg: 0.0, Max: 0.1, Diff: 0.1, Sum: 0.4]
         [Termination Attempts: Min: 1, Avg: 1.1, Max: 2, Diff: 1, Sum: 11]
      [GC Worker Other (ms): Min: 0.0, Avg: 0.0, Max: 0.0, Diff: 0.0, Sum: 0.0]
      [GC Worker Total (ms): Min: 0.4, Avg: 0.4, Max: 0.5, Diff: 0.1, Sum: 4.4]
      [GC Worker End (ms): Min: 1080.0, Avg: 1080.0, Max: 1080.0, Diff: 0.0]
   [Code Root Fixup: 0.0 ms]
   [Code Root Purge: 0.0 ms]
   [Clear CT: 0.2 ms]
   [Other: 0.8 ms]
      [Evacuation Failure: 0.2 ms]
      [Choose CSet: 0.0 ms]
      [Ref Proc: 0.2 ms]
      [Ref Enq: 0.0 ms]
      [Redirty Cards: 0.3 ms]
      [Humongous Register: 0.1 ms]
      [Humongous Reclaim: 0.0 ms]
      [Free CSet: 0.0 ms]
   [Eden: 9216.0K(25.0M)->0.0B(25.0M) Survivors: 0.0B->0.0B Heap: 454.4M(512.0M)->451.7M(512.0M)]
 [Times: user=0.00 sys=0.00, real=0.00 secs] 
Heap
 garbage-first heap   total 524288K, used 462505K [0x00000000e0000000, 0x00000000e0101000, 0x0000000100000000)
  region size 1024K, 1 young (1024K), 0 survivors (0K)
 Metaspace       used 2815K, capacity 4486K, committed 4864K, reserved 1056768K
  class space    used 304K, capacity 386K, committed 512K, reserved 1048576K
