Java HotSpot(TM) 64-Bit Server VM (25.152-b16) for windows-amd64 JRE (1.8.0_152-b16), built on Sep 14 2017 02:29:36 by "java_re" with MS VC++ 10.0 (VS2010)
Memory: 4k page, physical 8262900k(2432976k free), swap 13741500k(2595336k free)
CommandLine flags: -XX:InitialHeapSize=1073741824 -XX:MaxHeapSize=1073741824 -XX:+PrintGC -XX:+PrintGCDateStamps -XX:+PrintGCTimeStamps -XX:+UseCompressedClassPointers -XX:+UseCompressedOops -XX:+UseG1GC -XX:-UseLargePagesIndividualAllocation 
2021-03-30T00:57:07.477+0800: 0.123: [GC pause (G1 Evacuation Pause) (young) 65M->26M(1024M), 0.0055498 secs]
2021-03-30T00:57:07.494+0800: 0.140: [GC pause (G1 Evacuation Pause) (young) 84M->48M(1024M), 0.0065204 secs]
2021-03-30T00:57:07.510+0800: 0.157: [GC pause (G1 Evacuation Pause) (young) 104M->65M(1024M), 0.0066892 secs]
2021-03-30T00:57:07.535+0800: 0.182: [GC pause (G1 Evacuation Pause) (young) 145M->93M(1024M), 0.0070853 secs]
2021-03-30T00:57:07.568+0800: 0.215: [GC pause (G1 Evacuation Pause) (young) 199M->130M(1024M), 0.0093624 secs]
2021-03-30T00:57:07.603+0800: 0.250: [GC pause (G1 Evacuation Pause) (young) 264M->171M(1024M), 0.0112812 secs]
2021-03-30T00:57:07.655+0800: 0.302: [GC pause (G1 Evacuation Pause) (young) 367M->239M(1024M), 0.0132695 secs]
2021-03-30T00:57:07.719+0800: 0.365: [GC pause (G1 Evacuation Pause) (young) 486M->301M(1024M), 0.0153460 secs]
2021-03-30T00:57:07.774+0800: 0.420: [GC pause (G1 Evacuation Pause) (young) 554M->363M(1024M), 0.0162759 secs]
2021-03-30T00:57:07.822+0800: 0.469: [GC pause (G1 Humongous Allocation) (young) (initial-mark) 574M->414M(1024M), 0.0154344 secs]
2021-03-30T00:57:07.838+0800: 0.484: [GC concurrent-root-region-scan-start]
2021-03-30T00:57:07.838+0800: 0.484: [GC concurrent-root-region-scan-end, 0.0003111 secs]
2021-03-30T00:57:07.838+0800: 0.484: [GC concurrent-mark-start]
2021-03-30T00:57:07.840+0800: 0.486: [GC concurrent-mark-end, 0.0019298 secs]
2021-03-30T00:57:07.840+0800: 0.486: [GC remark, 0.0019477 secs]
2021-03-30T00:57:07.842+0800: 0.489: [GC cleanup 432M->429M(1024M), 0.0014867 secs]
2021-03-30T00:57:07.844+0800: 0.490: [GC concurrent-cleanup-start]
2021-03-30T00:57:07.844+0800: 0.490: [GC concurrent-cleanup-end, 0.0000102 secs]
2021-03-30T00:57:07.948+0800: 0.595: [GC pause (G1 Evacuation Pause) (young)-- 838M->635M(1024M), 0.0181690 secs]
2021-03-30T00:57:07.968+0800: 0.615: [GC pause (G1 Evacuation Pause) (mixed) 644M->557M(1024M), 0.0130005 secs]
2021-03-30T00:57:07.982+0800: 0.628: [GC pause (G1 Humongous Allocation) (young) (initial-mark) 560M->558M(1024M), 0.0022795 secs]
2021-03-30T00:57:07.984+0800: 0.631: [GC concurrent-root-region-scan-start]
2021-03-30T00:57:07.984+0800: 0.631: [GC concurrent-root-region-scan-end, 0.0002046 secs]
2021-03-30T00:57:07.984+0800: 0.631: [GC concurrent-mark-start]
2021-03-30T00:57:07.986+0800: 0.633: [GC concurrent-mark-end, 0.0019430 secs]
2021-03-30T00:57:07.986+0800: 0.633: [GC remark, 0.0020950 secs]
2021-03-30T00:57:07.989+0800: 0.635: [GC cleanup 575M->572M(1024M), 0.0015899 secs]
2021-03-30T00:57:07.990+0800: 0.637: [GC concurrent-cleanup-start]
2021-03-30T00:57:07.990+0800: 0.637: [GC concurrent-cleanup-end, 0.0000084 secs]
2021-03-30T00:57:08.037+0800: 0.684: [GC pause (G1 Evacuation Pause) (young)-- 862M->623M(1024M), 0.0155359 secs]
2021-03-30T00:57:08.056+0800: 0.703: [GC pause (G1 Evacuation Pause) (mixed) 648M->531M(1024M), 0.0104521 secs]
2021-03-30T00:57:08.075+0800: 0.721: [GC pause (G1 Evacuation Pause) (mixed) 592M->473M(1024M), 0.0105662 secs]
2021-03-30T00:57:08.093+0800: 0.740: [GC pause (G1 Evacuation Pause) (mixed) 522M->470M(1024M), 0.0067268 secs]
2021-03-30T00:57:08.100+0800: 0.747: [GC pause (G1 Humongous Allocation) (young) (initial-mark) 473M->469M(1024M), 0.0033218 secs]
2021-03-30T00:57:08.104+0800: 0.750: [GC concurrent-root-region-scan-start]
2021-03-30T00:57:08.104+0800: 0.750: [GC concurrent-root-region-scan-end, 0.0002224 secs]
2021-03-30T00:57:08.104+0800: 0.750: [GC concurrent-mark-start]
2021-03-30T00:57:08.106+0800: 0.752: [GC concurrent-mark-end, 0.0019285 secs]
2021-03-30T00:57:08.106+0800: 0.752: [GC remark, 0.0021805 secs]
2021-03-30T00:57:08.108+0800: 0.755: [GC cleanup 487M->483M(1024M), 0.0012046 secs]
2021-03-30T00:57:08.110+0800: 0.756: [GC concurrent-cleanup-start]
2021-03-30T00:57:08.110+0800: 0.756: [GC concurrent-cleanup-end, 0.0000074 secs]
2021-03-30T00:57:08.167+0800: 0.813: [GC pause (G1 Evacuation Pause) (young)-- 866M->720M(1024M), 0.0119476 secs]
2021-03-30T00:57:08.181+0800: 0.827: [GC pause (G1 Evacuation Pause) (mixed) 732M->647M(1024M), 0.0157007 secs]
2021-03-30T00:57:08.205+0800: 0.852: [GC pause (G1 Evacuation Pause) (mixed) 705M->647M(1024M), 0.0065913 secs]
2021-03-30T00:57:08.212+0800: 0.858: [GC pause (G1 Humongous Allocation) (young) (initial-mark) 647M->647M(1024M), 0.0026319 secs]
2021-03-30T00:57:08.215+0800: 0.861: [GC concurrent-root-region-scan-start]
2021-03-30T00:57:08.215+0800: 0.861: [GC concurrent-root-region-scan-end, 0.0001272 secs]
2021-03-30T00:57:08.215+0800: 0.861: [GC concurrent-mark-start]
2021-03-30T00:57:08.217+0800: 0.863: [GC concurrent-mark-end, 0.0021767 secs]
2021-03-30T00:57:08.217+0800: 0.864: [GC remark, 0.0020785 secs]
2021-03-30T00:57:08.220+0800: 0.866: [GC cleanup 659M->638M(1024M), 0.0011005 secs]
2021-03-30T00:57:08.221+0800: 0.867: [GC concurrent-cleanup-start]
2021-03-30T00:57:08.221+0800: 0.867: [GC concurrent-cleanup-end, 0.0000197 secs]
2021-03-30T00:57:08.256+0800: 0.902: [GC pause (G1 Evacuation Pause) (young) 839M->666M(1024M), 0.0114596 secs]
2021-03-30T00:57:08.273+0800: 0.919: [GC pause (G1 Evacuation Pause) (mixed) 704M->576M(1024M), 0.0096865 secs]
2021-03-30T00:57:08.290+0800: 0.936: [GC pause (G1 Evacuation Pause) (mixed) 630M->509M(1024M), 0.0111429 secs]
2021-03-30T00:57:08.308+0800: 0.955: [GC pause (G1 Evacuation Pause) (mixed) 561M->469M(1024M), 0.0124097 secs]
2021-03-30T00:57:08.321+0800: 0.968: [GC pause (G1 Humongous Allocation) (young) (initial-mark) 474M->470M(1024M), 0.0032911 secs]
2021-03-30T00:57:08.325+0800: 0.972: [GC concurrent-root-region-scan-start]
2021-03-30T00:57:08.325+0800: 0.972: [GC concurrent-root-region-scan-end, 0.0001629 secs]
2021-03-30T00:57:08.325+0800: 0.972: [GC concurrent-mark-start]
2021-03-30T00:57:08.327+0800: 0.974: [GC concurrent-mark-end, 0.0017551 secs]
2021-03-30T00:57:08.327+0800: 0.974: [GC remark, 0.0016167 secs]
2021-03-30T00:57:08.328+0800: 0.976: [GC cleanup 484M->480M(1024M), 0.0012117 secs]
2021-03-30T00:57:08.330+0800: 0.977: [GC concurrent-cleanup-start]
2021-03-30T00:57:08.330+0800: 0.977: [GC concurrent-cleanup-end, 0.0000097 secs]
2021-03-30T00:57:08.380+0800: 1.027: [GC pause (G1 Evacuation Pause) (young)-- 842M->631M(1024M), 0.0154753 secs]
2021-03-30T00:57:08.400+0800: 1.046: [GC pause (G1 Evacuation Pause) (mixed) 650M->565M(1024M), 0.0152432 secs]
2021-03-30T00:57:08.415+0800: 1.062: [GC pause (G1 Humongous Allocation) (young) (initial-mark) 565M->565M(1024M), 0.0026591 secs]
2021-03-30T00:57:08.418+0800: 1.065: [GC concurrent-root-region-scan-start]
2021-03-30T00:57:08.418+0800: 1.065: [GC concurrent-root-region-scan-end, 0.0001246 secs]
2021-03-30T00:57:08.418+0800: 1.065: [GC concurrent-mark-start]
2021-03-30T00:57:08.420+0800: 1.067: [GC concurrent-mark-end, 0.0021657 secs]
2021-03-30T00:57:08.420+0800: 1.067: [GC remark, 0.0017823 secs]
2021-03-30T00:57:08.422+0800: 1.069: [GC cleanup 581M->579M(1024M), 0.0008742 secs]
2021-03-30T00:57:08.423+0800: 1.070: [GC concurrent-cleanup-start]
2021-03-30T00:57:08.423+0800: 1.070: [GC concurrent-cleanup-end, 0.0000070 secs]
