Java HotSpot(TM) 64-Bit Server VM (25.152-b16) for windows-amd64 JRE (1.8.0_152-b16), built on Sep 14 2017 02:29:36 by "java_re" with MS VC++ 10.0 (VS2010)
Memory: 4k page, physical 8262900k(2598480k free), swap 14159304k(2973448k free)
CommandLine flags: -XX:InitialHeapSize=1073741824 -XX:MaxHeapSize=1073741824 -XX:+PrintGC -XX:+PrintGCDateStamps -XX:+PrintGCDetails -XX:+PrintGCTimeStamps -XX:+UseCompressedClassPointers -XX:+UseCompressedOops -XX:-UseLargePagesIndividualAllocation -XX:+UseParallelGC 
2021-03-30T00:59:01.532+0800: 0.198: [GC (Allocation Failure) [PSYoungGen: 262144K->43519K(305664K)] 262144K->83841K(1005056K), 0.0162214 secs] [Times: user=0.11 sys=0.05, real=0.02 secs] 
2021-03-30T00:59:01.589+0800: 0.255: [GC (Allocation Failure) [PSYoungGen: 305663K->43514K(305664K)] 345985K->156836K(1005056K), 0.0223926 secs] [Times: user=0.11 sys=0.20, real=0.02 secs] 
2021-03-30T00:59:01.651+0800: 0.318: [GC (Allocation Failure) [PSYoungGen: 305658K->43513K(305664K)] 418980K->225118K(1005056K), 0.0210044 secs] [Times: user=0.20 sys=0.09, real=0.02 secs] 
2021-03-30T00:59:01.709+0800: 0.375: [GC (Allocation Failure) [PSYoungGen: 305657K->43518K(305664K)] 487262K->297847K(1005056K), 0.0220868 secs] [Times: user=0.30 sys=0.02, real=0.02 secs] 
2021-03-30T00:59:01.765+0800: 0.432: [GC (Allocation Failure) [PSYoungGen: 305662K->43513K(305664K)] 559991K->369722K(1005056K), 0.0220360 secs] [Times: user=0.05 sys=0.11, real=0.02 secs] 
2021-03-30T00:59:01.823+0800: 0.489: [GC (Allocation Failure) [PSYoungGen: 305657K->43507K(160256K)] 631866K->437471K(859648K), 0.0218436 secs] [Times: user=0.23 sys=0.08, real=0.02 secs] 
2021-03-30T00:59:01.863+0800: 0.529: [GC (Allocation Failure) [PSYoungGen: 159941K->70244K(232960K)] 553904K->472883K(932352K), 0.0152196 secs] [Times: user=0.16 sys=0.00, real=0.02 secs] 
2021-03-30T00:59:01.896+0800: 0.562: [GC (Allocation Failure) [PSYoungGen: 186980K->91228K(232960K)] 589619K->504898K(932352K), 0.0193669 secs] [Times: user=0.16 sys=0.00, real=0.02 secs] 
2021-03-30T00:59:01.931+0800: 0.597: [GC (Allocation Failure) [PSYoungGen: 207964K->105761K(232960K)] 621634K->534154K(932352K), 0.0220504 secs] [Times: user=0.28 sys=0.03, real=0.02 secs] 
2021-03-30T00:59:01.967+0800: 0.634: [GC (Allocation Failure) [PSYoungGen: 222497K->75035K(232960K)] 650890K->563578K(932352K), 0.0246755 secs] [Times: user=0.08 sys=0.08, real=0.03 secs] 
2021-03-30T00:59:02.009+0800: 0.676: [GC (Allocation Failure) [PSYoungGen: 191771K->39192K(232960K)] 680314K->593379K(932352K), 0.0203005 secs] [Times: user=0.23 sys=0.08, real=0.02 secs] 
2021-03-30T00:59:02.046+0800: 0.712: [GC (Allocation Failure) [PSYoungGen: 155928K->34842K(232960K)] 710115K->624691K(932352K), 0.0141890 secs] [Times: user=0.08 sys=0.08, real=0.01 secs] 
2021-03-30T00:59:02.077+0800: 0.743: [GC (Allocation Failure) [PSYoungGen: 151578K->42607K(232960K)] 741427K->664144K(932352K), 0.0166604 secs] [Times: user=0.09 sys=0.06, real=0.02 secs] 
2021-03-30T00:59:02.093+0800: 0.760: [Full GC (Ergonomics) [PSYoungGen: 42607K->0K(232960K)] [ParOldGen: 621536K->336351K(699392K)] 664144K->336351K(932352K), [Metaspace: 2810K->2810K(1056768K)], 0.0681915 secs] [Times: user=0.63 sys=0.00, real=0.07 secs] 
2021-03-30T00:59:02.177+0800: 0.844: [GC (Allocation Failure) [PSYoungGen: 116736K->38124K(232960K)] 453087K->374475K(932352K), 0.0076705 secs] [Times: user=0.16 sys=0.00, real=0.01 secs] 
2021-03-30T00:59:02.201+0800: 0.867: [GC (Allocation Failure) [PSYoungGen: 154860K->37110K(232960K)] 491211K->406263K(932352K), 0.0132125 secs] [Times: user=0.00 sys=0.00, real=0.01 secs] 
2021-03-30T00:59:02.232+0800: 0.898: [GC (Allocation Failure) [PSYoungGen: 153846K->34499K(232960K)] 522999K->435170K(932352K), 0.0124102 secs] [Times: user=0.00 sys=0.00, real=0.01 secs] 
2021-03-30T00:59:02.260+0800: 0.926: [GC (Allocation Failure) [PSYoungGen: 151235K->39739K(232960K)] 551906K->470671K(932352K), 0.0132945 secs] [Times: user=0.16 sys=0.00, real=0.01 secs] 
2021-03-30T00:59:02.292+0800: 0.958: [GC (Allocation Failure) [PSYoungGen: 156475K->41425K(232960K)] 587407K->507270K(932352K), 0.0141524 secs] [Times: user=0.16 sys=0.00, real=0.01 secs] 
2021-03-30T00:59:02.322+0800: 0.989: [GC (Allocation Failure) [PSYoungGen: 158161K->38811K(232960K)] 624006K->540343K(932352K), 0.0144424 secs] [Times: user=0.16 sys=0.00, real=0.01 secs] 
2021-03-30T00:59:02.353+0800: 1.020: [GC (Allocation Failure) [PSYoungGen: 155497K->35640K(232960K)] 657030K->572309K(932352K), 0.0134973 secs] [Times: user=0.16 sys=0.00, real=0.01 secs] 
2021-03-30T00:59:02.387+0800: 1.053: [GC (Allocation Failure) [PSYoungGen: 152376K->39611K(232960K)] 689045K->608173K(932352K), 0.0136191 secs] [Times: user=0.00 sys=0.00, real=0.01 secs] 
Heap
 PSYoungGen      total 232960K, used 116448K [0x00000000eab00000, 0x0000000100000000, 0x0000000100000000)
  eden space 116736K, 65% used [0x00000000eab00000,0x00000000ef6092f8,0x00000000f1d00000)
  from space 116224K, 34% used [0x00000000f1d00000,0x00000000f43aee10,0x00000000f8e80000)
  to   space 116224K, 0% used [0x00000000f8e80000,0x00000000f8e80000,0x0000000100000000)
 ParOldGen       total 699392K, used 568561K [0x00000000c0000000, 0x00000000eab00000, 0x00000000eab00000)
  object space 699392K, 81% used [0x00000000c0000000,0x00000000e2b3c768,0x00000000eab00000)
 Metaspace       used 2816K, capacity 4486K, committed 4864K, reserved 1056768K
  class space    used 304K, capacity 386K, committed 512K, reserved 1048576K
