Java HotSpot(TM) 64-Bit Server VM (25.152-b16) for windows-amd64 JRE (1.8.0_152-b16), built on Sep 14 2017 02:29:36 by "java_re" with MS VC++ 10.0 (VS2010)
Memory: 4k page, physical 8262900k(3187616k free), swap 13350584k(2724756k free)
CommandLine flags: -XX:InitialHeapSize=1073741824 -XX:MaxHeapSize=1073741824 -XX:+PrintGC -XX:+PrintGCDateStamps -XX:+PrintGCDetails -XX:+PrintGCTimeStamps -XX:+UseCompressedClassPointers -XX:+UseCompressedOops -XX:-UseLargePagesIndividualAllocation -XX:+UseSerialGC 
2021-03-25T03:05:13.498+0800: 0.199: [GC (Allocation Failure) 2021-03-25T03:05:13.498+0800: 0.199: [DefNew: 279616K->34944K(314560K), 0.0366231 secs] 279616K->84407K(1013632K), 0.0368132 secs] [Times: user=0.02 sys=0.01, real=0.04 secs] 
2021-03-25T03:05:13.577+0800: 0.278: [GC (Allocation Failure) 2021-03-25T03:05:13.577+0800: 0.278: [DefNew: 314560K->34943K(314560K), 0.0485895 secs] 364023K->162307K(1013632K), 0.0486585 secs] [Times: user=0.00 sys=0.05, real=0.05 secs] 
2021-03-25T03:05:13.666+0800: 0.367: [GC (Allocation Failure) 2021-03-25T03:05:13.666+0800: 0.367: [DefNew: 314559K->34943K(314560K), 0.0395472 secs] 441923K->241637K(1013632K), 0.0396802 secs] [Times: user=0.03 sys=0.02, real=0.04 secs] 
2021-03-25T03:05:13.744+0800: 0.445: [GC (Allocation Failure) 2021-03-25T03:05:13.744+0800: 0.445: [DefNew: 314559K->34943K(314560K), 0.0448972 secs] 521253K->331517K(1013632K), 0.0449647 secs] [Times: user=0.03 sys=0.02, real=0.05 secs] 
2021-03-25T03:05:13.827+0800: 0.528: [GC (Allocation Failure) 2021-03-25T03:05:13.827+0800: 0.528: [DefNew: 314559K->34943K(314560K), 0.0394141 secs] 611133K->410094K(1013632K), 0.0394871 secs] [Times: user=0.02 sys=0.02, real=0.04 secs] 
2021-03-25T03:05:13.903+0800: 0.604: [GC (Allocation Failure) 2021-03-25T03:05:13.903+0800: 0.604: [DefNew: 314559K->34943K(314560K), 0.0380283 secs] 689710K->484400K(1013632K), 0.0381077 secs] [Times: user=0.01 sys=0.02, real=0.04 secs] 
2021-03-25T03:05:13.979+0800: 0.680: [GC (Allocation Failure) 2021-03-25T03:05:13.979+0800: 0.680: [DefNew: 314559K->34944K(314560K), 0.0400845 secs] 764016K->563915K(1013632K), 0.0401584 secs] [Times: user=0.03 sys=0.01, real=0.04 secs] 
2021-03-25T03:05:14.056+0800: 0.757: [GC (Allocation Failure) 2021-03-25T03:05:14.056+0800: 0.757: [DefNew: 314560K->34943K(314560K), 0.0392944 secs] 843531K->642129K(1013632K), 0.0393631 secs] [Times: user=0.02 sys=0.03, real=0.04 secs] 
2021-03-25T03:05:14.131+0800: 0.832: [GC (Allocation Failure) 2021-03-25T03:05:14.131+0800: 0.832: [DefNew: 314559K->314559K(314560K), 0.0000145 secs]2021-03-25T03:05:14.131+0800: 0.832: [Tenured: 607186K->376916K(699072K), 0.0626983 secs] 921745K->376916K(1013632K), [Metaspace: 2809K->2809K(1056768K)], 0.0627947 secs] [Times: user=0.06 sys=0.00, real=0.06 secs] 
2021-03-25T03:05:14.232+0800: 0.932: [GC (Allocation Failure) 2021-03-25T03:05:14.232+0800: 0.932: [DefNew: 279616K->34943K(314560K), 0.0144979 secs] 656532K->457836K(1013632K), 0.0145801 secs] [Times: user=0.02 sys=0.00, real=0.01 secs] 
2021-03-25T03:05:14.285+0800: 0.985: [GC (Allocation Failure) 2021-03-25T03:05:14.285+0800: 0.985: [DefNew: 314559K->34943K(314560K), 0.0238983 secs] 737452K->536371K(1013632K), 0.0239747 secs] [Times: user=0.03 sys=0.00, real=0.02 secs] 
2021-03-25T03:05:14.357+0800: 1.059: [GC (Allocation Failure) 2021-03-25T03:05:14.357+0800: 1.059: [DefNew: 314559K->34943K(314560K), 0.0206219 secs] 815987K->611340K(1013632K), 0.0207845 secs] [Times: user=0.02 sys=0.00, real=0.02 secs] 
Heap
 def new generation   total 314560K, used 46312K [0x00000000c0000000, 0x00000000d5550000, 0x00000000d5550000)
  eden space 279616K,   4% used [0x00000000c0000000, 0x00000000c0b1a060, 0x00000000d1110000)
  from space 34944K,  99% used [0x00000000d3330000, 0x00000000d554fff0, 0x00000000d5550000)
  to   space 34944K,   0% used [0x00000000d1110000, 0x00000000d1110000, 0x00000000d3330000)
 tenured generation   total 699072K, used 576396K [0x00000000d5550000, 0x0000000100000000, 0x0000000100000000)
   the space 699072K,  82% used [0x00000000d5550000, 0x00000000f88332c8, 0x00000000f8833400, 0x0000000100000000)
 Metaspace       used 2815K, capacity 4486K, committed 4864K, reserved 1056768K
  class space    used 304K, capacity 386K, committed 512K, reserved 1048576K
